Archive member included to satisfy reference by file (symbol)

/usr/local/Caskroom/gcc-arm-embedded/6-2017-q1-update/gcc-arm-none-eabi-6-2017-q1-update/bin/../lib/gcc/arm-none-eabi/6.3.1/../../../../arm-none-eabi/lib/thumb/v7e-m/fpv4-sp/hard/libc_nano.a(lib_a-exit.o)
                              /usr/local/Caskroom/gcc-arm-embedded/6-2017-q1-update/gcc-arm-none-eabi-6-2017-q1-update/bin/../lib/gcc/arm-none-eabi/6.3.1/../../../../arm-none-eabi/lib/thumb/v7e-m/fpv4-sp/hard/crt0.o (exit)
/usr/local/Caskroom/gcc-arm-embedded/6-2017-q1-update/gcc-arm-none-eabi-6-2017-q1-update/bin/../lib/gcc/arm-none-eabi/6.3.1/../../../../arm-none-eabi/lib/thumb/v7e-m/fpv4-sp/hard/libc_nano.a(lib_a-impure.o)
                              /usr/local/Caskroom/gcc-arm-embedded/6-2017-q1-update/gcc-arm-none-eabi-6-2017-q1-update/bin/../lib/gcc/arm-none-eabi/6.3.1/../../../../arm-none-eabi/lib/thumb/v7e-m/fpv4-sp/hard/libc_nano.a(lib_a-exit.o) (_global_impure_ptr)
/usr/local/Caskroom/gcc-arm-embedded/6-2017-q1-update/gcc-arm-none-eabi-6-2017-q1-update/bin/../lib/gcc/arm-none-eabi/6.3.1/../../../../arm-none-eabi/lib/thumb/v7e-m/fpv4-sp/hard/libc_nano.a(lib_a-init.o)
                              /usr/local/Caskroom/gcc-arm-embedded/6-2017-q1-update/gcc-arm-none-eabi-6-2017-q1-update/bin/../lib/gcc/arm-none-eabi/6.3.1/../../../../arm-none-eabi/lib/thumb/v7e-m/fpv4-sp/hard/crt0.o (__libc_init_array)
/usr/local/Caskroom/gcc-arm-embedded/6-2017-q1-update/gcc-arm-none-eabi-6-2017-q1-update/bin/../lib/gcc/arm-none-eabi/6.3.1/../../../../arm-none-eabi/lib/thumb/v7e-m/fpv4-sp/hard/libc_nano.a(lib_a-memset.o)
                              /usr/local/Caskroom/gcc-arm-embedded/6-2017-q1-update/gcc-arm-none-eabi-6-2017-q1-update/bin/../lib/gcc/arm-none-eabi/6.3.1/../../../../arm-none-eabi/lib/thumb/v7e-m/fpv4-sp/hard/crt0.o (memset)
/usr/local/Caskroom/gcc-arm-embedded/6-2017-q1-update/gcc-arm-none-eabi-6-2017-q1-update/bin/../lib/gcc/arm-none-eabi/6.3.1/../../../../arm-none-eabi/lib/thumb/v7e-m/fpv4-sp/hard/libnosys.a(_exit.o)
                              /usr/local/Caskroom/gcc-arm-embedded/6-2017-q1-update/gcc-arm-none-eabi-6-2017-q1-update/bin/../lib/gcc/arm-none-eabi/6.3.1/../../../../arm-none-eabi/lib/thumb/v7e-m/fpv4-sp/hard/libc_nano.a(lib_a-exit.o) (_exit)

Allocating common symbols
Common symbol       size              file

huart3              0x70              build/main.o
hadc2               0x54              build/main.o
hcan                0x40              build/main.o
uwTick              0x4               build/stm32f3xx_hal.o
pFlash              0x20              build/stm32f3xx_hal_flash.o
hadc1               0x54              build/main.o
hdma_adc1           0x44              build/main.o
hrtc                0x20              build/main.o
hspi1               0x64              build/main.o

Discarded input sections

 .text          0x0000000000000000        0x0 /usr/local/Caskroom/gcc-arm-embedded/6-2017-q1-update/gcc-arm-none-eabi-6-2017-q1-update/bin/../lib/gcc/arm-none-eabi/6.3.1/thumb/v7e-m/fpv4-sp/hard/crti.o
 .data          0x0000000000000000        0x0 /usr/local/Caskroom/gcc-arm-embedded/6-2017-q1-update/gcc-arm-none-eabi-6-2017-q1-update/bin/../lib/gcc/arm-none-eabi/6.3.1/thumb/v7e-m/fpv4-sp/hard/crti.o
 .bss           0x0000000000000000        0x0 /usr/local/Caskroom/gcc-arm-embedded/6-2017-q1-update/gcc-arm-none-eabi-6-2017-q1-update/bin/../lib/gcc/arm-none-eabi/6.3.1/thumb/v7e-m/fpv4-sp/hard/crti.o
 .data          0x0000000000000000        0x4 /usr/local/Caskroom/gcc-arm-embedded/6-2017-q1-update/gcc-arm-none-eabi-6-2017-q1-update/bin/../lib/gcc/arm-none-eabi/6.3.1/thumb/v7e-m/fpv4-sp/hard/crtbegin.o
 .text          0x0000000000000000       0x74 /usr/local/Caskroom/gcc-arm-embedded/6-2017-q1-update/gcc-arm-none-eabi-6-2017-q1-update/bin/../lib/gcc/arm-none-eabi/6.3.1/../../../../arm-none-eabi/lib/thumb/v7e-m/fpv4-sp/hard/crt0.o
 .data          0x0000000000000000        0x0 /usr/local/Caskroom/gcc-arm-embedded/6-2017-q1-update/gcc-arm-none-eabi-6-2017-q1-update/bin/../lib/gcc/arm-none-eabi/6.3.1/../../../../arm-none-eabi/lib/thumb/v7e-m/fpv4-sp/hard/crt0.o
 .bss           0x0000000000000000        0x0 /usr/local/Caskroom/gcc-arm-embedded/6-2017-q1-update/gcc-arm-none-eabi-6-2017-q1-update/bin/../lib/gcc/arm-none-eabi/6.3.1/../../../../arm-none-eabi/lib/thumb/v7e-m/fpv4-sp/hard/crt0.o
 .ARM.extab     0x0000000000000000        0x0 /usr/local/Caskroom/gcc-arm-embedded/6-2017-q1-update/gcc-arm-none-eabi-6-2017-q1-update/bin/../lib/gcc/arm-none-eabi/6.3.1/../../../../arm-none-eabi/lib/thumb/v7e-m/fpv4-sp/hard/crt0.o
 .ARM.exidx     0x0000000000000000        0x8 /usr/local/Caskroom/gcc-arm-embedded/6-2017-q1-update/gcc-arm-none-eabi-6-2017-q1-update/bin/../lib/gcc/arm-none-eabi/6.3.1/../../../../arm-none-eabi/lib/thumb/v7e-m/fpv4-sp/hard/crt0.o
 .ARM.attributes
[...]
Memory Configuration

Name             Origin             Length             Attributes
RAM              0x0000000020000000 0x0000000000003000 xrw
CCMRAM           0x0000000010000000 0x0000000000001000 rw
FLASH            0x0000000008000000 0x0000000000010000 xr
*default*        0x0000000000000000 0xffffffffffffffff

Linker script and memory map

LOAD /usr/local/Caskroom/gcc-arm-embedded/6-2017-q1-update/gcc-arm-none-eabi-6-2017-q1-update/bin/../lib/gcc/arm-none-eabi/6.3.1/thumb/v7e-m/fpv4-sp/hard/crti.o
LOAD /usr/local/Caskroom/gcc-arm-embedded/6-2017-q1-update/gcc-arm-none-eabi-6-2017-q1-update/bin/../lib/gcc/arm-none-eabi/6.3.1/thumb/v7e-m/fpv4-sp/hard/crtbegin.o
LOAD /usr/local/Caskroom/gcc-arm-embedded/6-2017-q1-update/gcc-arm-none-eabi-6-2017-q1-update/bin/../lib/gcc/arm-none-eabi/6.3.1/../../../../arm-none-eabi/lib/thumb/v7e-m/fpv4-sp/hard/crt0.o
LOAD build/stm32f3xx_hal_gpio.o
LOAD build/stm32f3xx_hal_uart_ex.o
LOAD build/stm32f3xx_hal_tim.o
LOAD build/stm32f3xx_hal_uart.o
LOAD build/system_stm32f3xx.o
LOAD build/stm32f3xx_hal_flash_ex.o
LOAD build/stm32f3xx_hal_rtc.o
LOAD build/stm32f3xx_hal_rcc.o
LOAD build/stm32f3xx_hal_rtc_ex.o
LOAD build/stm32f3xx_hal_cortex.o
LOAD build/stm32f3xx_hal_msp.o
LOAD build/stm32f3xx_hal_flash.o
LOAD build/stm32f3xx_hal_tim_ex.o
LOAD build/stm32f3xx_hal_i2c_ex.o
LOAD build/stm32f3xx_it.o
LOAD build/stm32f3xx_hal_adc.o
LOAD build/stm32f3xx_hal_pwr.o
LOAD build/main.o
LOAD build/error_handler.o
LOAD build/init.o
LOAD build/stm32f3xx_hal_rcc_ex.o
LOAD build/stm32f3xx_hal_can.o
LOAD build/stm32f3xx_hal_i2c.o
LOAD build/stm32f3xx_hal_dma.o
LOAD build/stm32f3xx_hal_adc_ex.o
LOAD build/stm32f3xx_hal_pwr_ex.o
LOAD build/stm32f3xx_hal_spi.o
LOAD build/stm32f3xx_hal_spi_ex.o
LOAD build/stm32f3xx_hal.o
LOAD build/startup_stm32f334x8.o
LOAD /usr/local/Caskroom/gcc-arm-embedded/6-2017-q1-update/gcc-arm-none-eabi-6-2017-q1-update/bin/../lib/gcc/arm-none-eabi/6.3.1/../../../../arm-none-eabi/lib/thumb/v7e-m/fpv4-sp/hard/libc_nano.a
LOAD /usr/local/Caskroom/gcc-arm-embedded/6-2017-q1-update/gcc-arm-none-eabi-6-2017-q1-update/bin/../lib/gcc/arm-none-eabi/6.3.1/../../../../arm-none-eabi/lib/thumb/v7e-m/fpv4-sp/hard/libm.a
LOAD /usr/local/Caskroom/gcc-arm-embedded/6-2017-q1-update/gcc-arm-none-eabi-6-2017-q1-update/bin/../lib/gcc/arm-none-eabi/6.3.1/../../../../arm-none-eabi/lib/thumb/v7e-m/fpv4-sp/hard/libnosys.a
START GROUP
LOAD /usr/local/Caskroom/gcc-arm-embedded/6-2017-q1-update/gcc-arm-none-eabi-6-2017-q1-update/bin/../lib/gcc/arm-none-eabi/6.3.1/thumb/v7e-m/fpv4-sp/hard/libgcc.a
LOAD /usr/local/Caskroom/gcc-arm-embedded/6-2017-q1-update/gcc-arm-none-eabi-6-2017-q1-update/bin/../lib/gcc/arm-none-eabi/6.3.1/../../../../arm-none-eabi/lib/thumb/v7e-m/fpv4-sp/hard/libc_nano.a
END GROUP
START GROUP
LOAD /usr/local/Caskroom/gcc-arm-embedded/6-2017-q1-update/gcc-arm-none-eabi-6-2017-q1-update/bin/../lib/gcc/arm-none-eabi/6.3.1/thumb/v7e-m/fpv4-sp/hard/libgcc.a
LOAD /usr/local/Caskroom/gcc-arm-embedded/6-2017-q1-update/gcc-arm-none-eabi-6-2017-q1-update/bin/../lib/gcc/arm-none-eabi/6.3.1/../../../../arm-none-eabi/lib/thumb/v7e-m/fpv4-sp/hard/libc_nano.a
END GROUP
LOAD /usr/local/Caskroom/gcc-arm-embedded/6-2017-q1-update/gcc-arm-none-eabi-6-2017-q1-update/bin/../lib/gcc/arm-none-eabi/6.3.1/thumb/v7e-m/fpv4-sp/hard/crtend.o
LOAD /usr/local/Caskroom/gcc-arm-embedded/6-2017-q1-update/gcc-arm-none-eabi-6-2017-q1-update/bin/../lib/gcc/arm-none-eabi/6.3.1/thumb/v7e-m/fpv4-sp/hard/crtn.o
                0x0000000020003000                _estack = 0x20003000
                0x0000000000000200                _Min_Heap_Size = 0x200
                0x0000000000000400                _Min_Stack_Size = 0x400

.isr_vector     0x0000000008000000      0x188
                0x0000000008000000                . = ALIGN (0x4)
 *(.isr_vector)
 .isr_vector    0x0000000008000000      0x188 build/startup_stm32f334x8.o
                0x0000000008000000                g_pfnVectors
                0x0000000008000188                . = ALIGN (0x4)

.text           0x0000000008000188     0x2998
                0x0000000008000188                . = ALIGN (0x4)
 *(.text)
 .text          0x0000000008000188       0x6c /usr/local/Caskroom/gcc-arm-embedded/6-2017-q1-update/gcc-arm-none-eabi-6-2017-q1-update/bin/../lib/gcc/arm-none-eabi/6.3.1/thumb/v7e-m/fpv4-sp/hard/crtbegin.o
 *(.text*)
 .text.HAL_GPIO_Init
                0x00000000080001f4      0x194 build/stm32f3xx_hal_gpio.o
                0x00000000080001f4                HAL_GPIO_Init
 .text.HAL_GPIO_WritePin
                0x0000000008000388        0xa build/stm32f3xx_hal_gpio.o
                0x0000000008000388                HAL_GPIO_WritePin
 .text.HAL_GPIO_TogglePin
                0x0000000008000392        0x8 build/stm32f3xx_hal_gpio.o
                0x0000000008000392                HAL_GPIO_TogglePin
 *fill*         0x000000000800039a        0x2 
 .text.UART_SetConfig
                0x000000000800039c      0x1b4 build/stm32f3xx_hal_uart.o
                0x000000000800039c                UART_SetConfig
 .text.UART_AdvFeatureConfig
                0x0000000008000550       0xca build/stm32f3xx_hal_uart.o
                0x0000000008000550                UART_AdvFeatureConfig
 .text.UART_WaitOnFlagUntilTimeout
                0x000000000800061a       0x64 build/stm32f3xx_hal_uart.o
                0x000000000800061a                UART_WaitOnFlagUntilTimeout
 .text.UART_CheckIdleState
                0x000000000800067e       0x70 build/stm32f3xx_hal_uart.o
                0x000000000800067e                UART_CheckIdleState
 .text.HAL_UART_Init
                0x00000000080006ee       0x68 build/stm32f3xx_hal_uart.o
                0x00000000080006ee                HAL_UART_Init
 *fill*         0x0000000008000756        0x2 
 .text.SystemInit
                0x0000000008000758       0x68 build/system_stm32f3xx.o
                0x0000000008000758                SystemInit
 .text.HAL_RTC_WaitForSynchro
                0x00000000080007c0       0x32 build/stm32f3xx_hal_rtc.o
                0x00000000080007c0                HAL_RTC_WaitForSynchro
 .text.RTC_EnterInitMode
                0x00000000080007f2       0x3c build/stm32f3xx_hal_rtc.o
                0x00000000080007f2                RTC_EnterInitMode
 .text.HAL_RTC_Init
                0x000000000800082e       0xa4 build/stm32f3xx_hal_rtc.o
                0x000000000800082e                HAL_RTC_Init
 .text.RTC_ByteToBcd2
                0x00000000080008d2       0x16 build/stm32f3xx_hal_rtc.o
                0x00000000080008d2                RTC_ByteToBcd2
 .text.HAL_RTC_SetTime
                0x00000000080008e8       0xfe build/stm32f3xx_hal_rtc.o
                0x00000000080008e8                HAL_RTC_SetTime
 .text.HAL_RTC_SetDate
                0x00000000080009e6       0xda build/stm32f3xx_hal_rtc.o
                0x00000000080009e6                HAL_RTC_SetDate
 .text.HAL_RTC_SetAlarm
                0x0000000008000ac0      0x160 build/stm32f3xx_hal_rtc.o
                0x0000000008000ac0                HAL_RTC_SetAlarm
 .text.HAL_RCC_OscConfig
                0x0000000008000c20      0x60c build/stm32f3xx_hal_rcc.o
                0x0000000008000c20                HAL_RCC_OscConfig
 .text.HAL_RCC_GetSysClockFreq
                0x000000000800122c       0x70 build/stm32f3xx_hal_rcc.o
                0x000000000800122c                HAL_RCC_GetSysClockFreq
 .text.HAL_RCC_ClockConfig
                0x000000000800129c      0x1d4 build/stm32f3xx_hal_rcc.o
                0x000000000800129c                HAL_RCC_ClockConfig
 .text.HAL_RCC_GetHCLKFreq
                0x0000000008001470        0xc build/stm32f3xx_hal_rcc.o
                0x0000000008001470                HAL_RCC_GetHCLKFreq
 .text.HAL_RCC_GetPCLK1Freq
                0x000000000800147c       0x2c build/stm32f3xx_hal_rcc.o
                0x000000000800147c                HAL_RCC_GetPCLK1Freq
 .text.HAL_RCC_GetPCLK2Freq
                0x00000000080014a8       0x2c build/stm32f3xx_hal_rcc.o
                0x00000000080014a8                HAL_RCC_GetPCLK2Freq
 .text.HAL_RTCEx_BKUPWrite
                0x00000000080014d4        0xa build/stm32f3xx_hal_rtc_ex.o
                0x00000000080014d4                HAL_RTCEx_BKUPWrite
 .text.HAL_RTCEx_BKUPRead
                0x00000000080014de        0xa build/stm32f3xx_hal_rtc_ex.o
                0x00000000080014de                HAL_RTCEx_BKUPRead
 .text.HAL_NVIC_SetPriorityGrouping
                0x00000000080014e8       0x24 build/stm32f3xx_hal_cortex.o
                0x00000000080014e8                HAL_NVIC_SetPriorityGrouping
 .text.HAL_NVIC_SetPriority
                0x000000000800150c       0x64 build/stm32f3xx_hal_cortex.o
                0x000000000800150c                HAL_NVIC_SetPriority
 .text.HAL_NVIC_EnableIRQ
                0x0000000008001570       0x18 build/stm32f3xx_hal_cortex.o
                0x0000000008001570                HAL_NVIC_EnableIRQ
 .text.HAL_SYSTICK_Config
                0x0000000008001588       0x2c build/stm32f3xx_hal_cortex.o
                0x0000000008001588                HAL_SYSTICK_Config
 .text.HAL_SYSTICK_CLKSourceConfig
                0x00000000080015b4       0x20 build/stm32f3xx_hal_cortex.o
                0x00000000080015b4                HAL_SYSTICK_CLKSourceConfig
 .text.HAL_SYSTICK_Callback
                0x00000000080015d4        0x2 build/stm32f3xx_hal_cortex.o
                0x00000000080015d4                HAL_SYSTICK_Callback
 .text.HAL_SYSTICK_IRQHandler
                0x00000000080015d6        0x8 build/stm32f3xx_hal_cortex.o
                0x00000000080015d6                HAL_SYSTICK_IRQHandler
 *fill*         0x00000000080015de        0x2 
 .text.HAL_MspInit
                0x00000000080015e0       0x7c build/stm32f3xx_hal_msp.o
                0x00000000080015e0                HAL_MspInit
 .text.HAL_ADC_MspInit
                0x000000000800165c       0xdc build/stm32f3xx_hal_msp.o
                0x000000000800165c                HAL_ADC_MspInit
 .text.HAL_CAN_MspInit
                0x0000000008001738       0x50 build/stm32f3xx_hal_msp.o
                0x0000000008001738                HAL_CAN_MspInit
 .text.HAL_RTC_MspInit
                0x0000000008001788       0x2c build/stm32f3xx_hal_msp.o
                0x0000000008001788                HAL_RTC_MspInit
 .text.HAL_SPI_MspInit
                0x00000000080017b4       0x4c build/stm32f3xx_hal_msp.o
                0x00000000080017b4                HAL_SPI_MspInit
 .text.HAL_UART_MspInit
                0x0000000008001800       0x50 build/stm32f3xx_hal_msp.o
                0x0000000008001800                HAL_UART_MspInit
 .text.NMI_Handler
                0x0000000008001850        0x2 build/stm32f3xx_it.o
                0x0000000008001850                NMI_Handler
 .text.HardFault_Handler
                0x0000000008001852        0x2 build/stm32f3xx_it.o
                0x0000000008001852                HardFault_Handler
 .text.MemManage_Handler
                0x0000000008001854        0x2 build/stm32f3xx_it.o
                0x0000000008001854                MemManage_Handler
 .text.BusFault_Handler
                0x0000000008001856        0x2 build/stm32f3xx_it.o
                0x0000000008001856                BusFault_Handler
 .text.UsageFault_Handler
                0x0000000008001858        0x2 build/stm32f3xx_it.o
                0x0000000008001858                UsageFault_Handler
 .text.SVC_Handler
                0x000000000800185a        0x2 build/stm32f3xx_it.o
                0x000000000800185a                SVC_Handler
 .text.DebugMon_Handler
                0x000000000800185c        0x2 build/stm32f3xx_it.o
                0x000000000800185c                DebugMon_Handler
 .text.PendSV_Handler
                0x000000000800185e        0x2 build/stm32f3xx_it.o
                0x000000000800185e                PendSV_Handler
 .text.SysTick_Handler
                0x0000000008001860        0xc build/stm32f3xx_it.o
                0x0000000008001860                SysTick_Handler
 .text.DMA1_Channel1_IRQHandler
                0x000000000800186c       0x10 build/stm32f3xx_it.o
                0x000000000800186c                DMA1_Channel1_IRQHandler
 .text.main     0x000000000800187c       0x44 build/main.o
                0x000000000800187c                main
 .text._Error_Handler
                0x00000000080018c0        0x2 build/error_handler.o
                0x00000000080018c0                _Error_Handler
 *fill*         0x00000000080018c2        0x2 
 .text.SystemClock_Config
                0x00000000080018c4       0xb4 build/init.o
                0x00000000080018c4                SystemClock_Config
 .text.MX_ADC1_Init
                0x0000000008001978       0x8c build/init.o
                0x0000000008001978                MX_ADC1_Init
 .text.MX_ADC2_Init
                0x0000000008001a04       0x70 build/init.o
                0x0000000008001a04                MX_ADC2_Init
 .text.MX_CAN_Init
                0x0000000008001a74       0x40 build/init.o
                0x0000000008001a74                MX_CAN_Init
 .text.MX_RTC_Init
                0x0000000008001ab4       0xe8 build/init.o
                0x0000000008001ab4                MX_RTC_Init
 .text.MX_SPI1_Init
                0x0000000008001b9c       0x54 build/init.o
                0x0000000008001b9c                MX_SPI1_Init
 .text.MX_USART3_UART_Init
                0x0000000008001bf0       0x40 build/init.o
                0x0000000008001bf0                MX_USART3_UART_Init
 .text.MX_DMA_Init
                0x0000000008001c30       0x34 build/init.o
                0x0000000008001c30                MX_DMA_Init
 .text.MX_GPIO_Init
                0x0000000008001c64      0x118 build/init.o
                0x0000000008001c64                MX_GPIO_Init
 .text.HAL_RCCEx_PeriphCLKConfig
                0x0000000008001d7c      0x1ac build/stm32f3xx_hal_rcc_ex.o
                0x0000000008001d7c                HAL_RCCEx_PeriphCLKConfig
 .text.HAL_CAN_Init
                0x0000000008001f28      0x180 build/stm32f3xx_hal_can.o
                0x0000000008001f28                HAL_CAN_Init
 .text.DMA_CalcBaseAndBitshift
                0x00000000080020a8       0x24 build/stm32f3xx_hal_dma.o
 .text.HAL_DMA_Init
                0x00000000080020cc       0x58 build/stm32f3xx_hal_dma.o
                0x00000000080020cc                HAL_DMA_Init
 .text.HAL_DMA_IRQHandler
                0x0000000008002124       0xb2 build/stm32f3xx_hal_dma.o
                0x0000000008002124                HAL_DMA_IRQHandler
 .text.ADC_Disable
                0x00000000080021d6       0x88 build/stm32f3xx_hal_adc_ex.o
 *fill*         0x000000000800225e        0x2 
 .text.HAL_ADC_Init
                0x0000000008002260      0x21c build/stm32f3xx_hal_adc_ex.o
                0x0000000008002260                HAL_ADC_Init
 .text.HAL_ADC_ConfigChannel
                0x000000000800247c      0x384 build/stm32f3xx_hal_adc_ex.o
                0x000000000800247c                HAL_ADC_ConfigChannel
 .text.HAL_ADCEx_MultiModeConfigChannel
                0x0000000008002800      0x134 build/stm32f3xx_hal_adc_ex.o
                0x0000000008002800                HAL_ADCEx_MultiModeConfigChannel
 .text.HAL_SPI_Init
                0x0000000008002934       0xb0 build/stm32f3xx_hal_spi.o
                0x0000000008002934                HAL_SPI_Init
 .text.HAL_InitTick
                0x00000000080029e4       0x2c build/stm32f3xx_hal.o
                0x00000000080029e4                HAL_InitTick
 .text.HAL_Init
                0x0000000008002a10       0x24 build/stm32f3xx_hal.o
                0x0000000008002a10                HAL_Init
 .text.HAL_IncTick
                0x0000000008002a34       0x10 build/stm32f3xx_hal.o
                0x0000000008002a34                HAL_IncTick
 .text.HAL_GetTick
                0x0000000008002a44        0xc build/stm32f3xx_hal.o
                0x0000000008002a44                HAL_GetTick
 .text.HAL_Delay
                0x0000000008002a50       0x1c build/stm32f3xx_hal.o
                0x0000000008002a50                HAL_Delay
 .text.Reset_Handler
                0x0000000008002a6c       0x50 build/startup_stm32f334x8.o
                0x0000000008002a6c                Reset_Handler
 .text.Default_Handler
                0x0000000008002abc        0x2 build/startup_stm32f334x8.o
                0x0000000008002abc                TIM1_BRK_TIM15_IRQHandler
                0x0000000008002abc                HRTIM1_Master_IRQHandler
                0x0000000008002abc                TIM1_CC_IRQHandler
                0x0000000008002abc                HRTIM1_FLT_IRQHandler
                0x0000000008002abc                PVD_IRQHandler
                0x0000000008002abc                HRTIM1_TIMD_IRQHandler
                0x0000000008002abc                TAMP_STAMP_IRQHandler
                0x0000000008002abc                EXTI3_IRQHandler
                0x0000000008002abc                EXTI0_IRQHandler
                0x0000000008002abc                FPU_IRQHandler
                0x0000000008002abc                CAN_TX_IRQHandler
                0x0000000008002abc                TIM1_UP_TIM16_IRQHandler
                0x0000000008002abc                ADC1_2_IRQHandler
                0x0000000008002abc                HRTIM1_TIME_IRQHandler
                0x0000000008002abc                SPI1_IRQHandler
                0x0000000008002abc                CAN_SCE_IRQHandler
                0x0000000008002abc                HRTIM1_TIMC_IRQHandler
                0x0000000008002abc                DMA1_Channel4_IRQHandler
                0x0000000008002abc                USART3_IRQHandler
                0x0000000008002abc                DMA1_Channel7_IRQHandler
                0x0000000008002abc                TIM7_DAC2_IRQHandler
                0x0000000008002abc                CAN_RX1_IRQHandler
                0x0000000008002abc                I2C1_EV_IRQHandler
                0x0000000008002abc                DMA1_Channel6_IRQHandler
                0x0000000008002abc                TIM3_IRQHandler
                0x0000000008002abc                RCC_IRQHandler
                0x0000000008002abc                Default_Handler
                0x0000000008002abc                EXTI15_10_IRQHandler
                0x0000000008002abc                COMP2_IRQHandler
                0x0000000008002abc                HRTIM1_TIMA_IRQHandler
                0x0000000008002abc                TIM6_DAC1_IRQHandler
                0x0000000008002abc                EXTI9_5_IRQHandler
                0x0000000008002abc                RTC_WKUP_IRQHandler
                0x0000000008002abc                DMA1_Channel5_IRQHandler
                0x0000000008002abc                EXTI4_IRQHandler
                0x0000000008002abc                HRTIM1_TIMB_IRQHandler
                0x0000000008002abc                TIM1_TRG_COM_TIM17_IRQHandler
                0x0000000008002abc                DMA1_Channel3_IRQHandler
                0x0000000008002abc                WWDG_IRQHandler
                0x0000000008002abc                TIM2_IRQHandler
                0x0000000008002abc                EXTI1_IRQHandler
                0x0000000008002abc                COMP4_6_IRQHandler
                0x0000000008002abc                USART2_IRQHandler
                0x0000000008002abc                DMA1_Channel2_IRQHandler
                0x0000000008002abc                FLASH_IRQHandler
                0x0000000008002abc                USART1_IRQHandler
                0x0000000008002abc                CAN_RX0_IRQHandler
                0x0000000008002abc                I2C1_ER_IRQHandler
                0x0000000008002abc                EXTI2_TSC_IRQHandler
                0x0000000008002abc                RTC_Alarm_IRQHandler
 *fill*         0x0000000008002abe        0x2 
 .text.__libc_init_array
                0x0000000008002ac0       0x48 /usr/local/Caskroom/gcc-arm-embedded/6-2017-q1-update/gcc-arm-none-eabi-6-2017-q1-update/bin/../lib/gcc/arm-none-eabi/6.3.1/../../../../arm-none-eabi/lib/thumb/v7e-m/fpv4-sp/hard/libc_nano.a(lib_a-init.o)
                0x0000000008002ac0                __libc_init_array
 *(.glue_7)
 .glue_7        0x0000000008002b08        0x0 linker stubs
 *(.glue_7t)
 .glue_7t       0x0000000008002b08        0x0 linker stubs
 *(.eh_frame)
 .eh_frame      0x0000000008002b08        0x0 /usr/local/Caskroom/gcc-arm-embedded/6-2017-q1-update/gcc-arm-none-eabi-6-2017-q1-update/bin/../lib/gcc/arm-none-eabi/6.3.1/thumb/v7e-m/fpv4-sp/hard/crtbegin.o
 *(.init)
 .init          0x0000000008002b08        0x4 /usr/local/Caskroom/gcc-arm-embedded/6-2017-q1-update/gcc-arm-none-eabi-6-2017-q1-update/bin/../lib/gcc/arm-none-eabi/6.3.1/thumb/v7e-m/fpv4-sp/hard/crti.o
                0x0000000008002b08                _init
 .init          0x0000000008002b0c        0x8 /usr/local/Caskroom/gcc-arm-embedded/6-2017-q1-update/gcc-arm-none-eabi-6-2017-q1-update/bin/../lib/gcc/arm-none-eabi/6.3.1/thumb/v7e-m/fpv4-sp/hard/crtn.o
 *(.fini)
 .fini          0x0000000008002b14        0x4 /usr/local/Caskroom/gcc-arm-embedded/6-2017-q1-update/gcc-arm-none-eabi-6-2017-q1-update/bin/../lib/gcc/arm-none-eabi/6.3.1/thumb/v7e-m/fpv4-sp/hard/crti.o
                0x0000000008002b14                _fini
 .fini          0x0000000008002b18        0x8 /usr/local/Caskroom/gcc-arm-embedded/6-2017-q1-update/gcc-arm-none-eabi-6-2017-q1-update/bin/../lib/gcc/arm-none-eabi/6.3.1/thumb/v7e-m/fpv4-sp/hard/crtn.o
                0x0000000008002b20                . = ALIGN (0x4)
                0x0000000008002b20                _etext = .

.vfp11_veneer   0x0000000008002b20        0x0
 .vfp11_veneer  0x0000000008002b20        0x0 linker stubs

.v4_bx          0x0000000008002b20        0x0
 .v4_bx         0x0000000008002b20        0x0 linker stubs

.iplt           0x0000000008002b20        0x0
 .iplt          0x0000000008002b20        0x0 /usr/local/Caskroom/gcc-arm-embedded/6-2017-q1-update/gcc-arm-none-eabi-6-2017-q1-update/bin/../lib/gcc/arm-none-eabi/6.3.1/thumb/v7e-m/fpv4-sp/hard/crtbegin.o

.rodata         0x0000000008002b20       0x5c
                0x0000000008002b20                . = ALIGN (0x4)
 *(.rodata)
 *(.rodata*)
 .rodata.AHBPrescTable
                0x0000000008002b20       0x10 build/system_stm32f3xx.o
                0x0000000008002b20                AHBPrescTable
 .rodata.APBPrescTable
                0x0000000008002b30        0x8 build/system_stm32f3xx.o
                0x0000000008002b30                APBPrescTable
 .rodata.aPLLMULFactorTable
                0x0000000008002b38       0x10 build/stm32f3xx_hal_rcc.o
                0x0000000008002b38                aPLLMULFactorTable
 .rodata.aPredivFactorTable
                0x0000000008002b48       0x10 build/stm32f3xx_hal_rcc.o
                0x0000000008002b48                aPredivFactorTable
 .rodata.HAL_ADC_MspInit.str1.4
                0x0000000008002b58       0x18 build/stm32f3xx_hal_msp.o
 .rodata.SystemClock_Config.str1.4
                0x0000000008002b70        0xc build/init.o
                                          0xb (size before relaxing)
                0x0000000008002b7c                . = ALIGN (0x4)

.rel.dyn        0x0000000008002b7c        0x0
 .rel.iplt      0x0000000008002b7c        0x0 /usr/local/Caskroom/gcc-arm-embedded/6-2017-q1-update/gcc-arm-none-eabi-6-2017-q1-update/bin/../lib/gcc/arm-none-eabi/6.3.1/thumb/v7e-m/fpv4-sp/hard/crtbegin.o

.ARM.extab
 *(.ARM.extab* .gnu.linkonce.armextab.*)

.ARM            0x0000000008002b7c        0x0
                0x0000000008002b7c                __exidx_start = .
 *(.ARM.exidx*)
                0x0000000008002b7c                __exidx_end = .

.preinit_array  0x0000000008002b7c        0x0
                0x0000000008002b7c                PROVIDE (__preinit_array_start, .)
 *(.preinit_array*)
                0x0000000008002b7c                PROVIDE (__preinit_array_end, .)

.init_array     0x0000000008002b7c        0x4
                0x0000000008002b7c                PROVIDE (__init_array_start, .)
 *(SORT(.init_array.*))
 *(.init_array*)
 .init_array    0x0000000008002b7c        0x4 /usr/local/Caskroom/gcc-arm-embedded/6-2017-q1-update/gcc-arm-none-eabi-6-2017-q1-update/bin/../lib/gcc/arm-none-eabi/6.3.1/thumb/v7e-m/fpv4-sp/hard/crtbegin.o
                0x0000000008002b80                PROVIDE (__init_array_end, .)

.fini_array     0x0000000008002b80        0x4
                [!provide]                        PROVIDE (__fini_array_start, .)
 *(SORT(.fini_array.*))
 *(.fini_array*)
 .fini_array    0x0000000008002b80        0x4 /usr/local/Caskroom/gcc-arm-embedded/6-2017-q1-update/gcc-arm-none-eabi-6-2017-q1-update/bin/../lib/gcc/arm-none-eabi/6.3.1/thumb/v7e-m/fpv4-sp/hard/crtbegin.o
                [!provide]                        PROVIDE (__fini_array_end, .)
                0x0000000008002b84                _sidata = LOADADDR (.data)

.data           0x0000000020000000        0x4 load address 0x0000000008002b84
                0x0000000020000000                . = ALIGN (0x4)
                0x0000000020000000                _sdata = .
 *(.data)
 *(.data*)
 .data.SystemCoreClock
                0x0000000020000000        0x4 build/system_stm32f3xx.o
                0x0000000020000000                SystemCoreClock
                0x0000000020000004                . = ALIGN (0x4)
                0x0000000020000004                _edata = .
                0x0000000008002b88                _siccmram = LOADADDR (.ccmram)

.jcr            0x0000000020000004        0x0 load address 0x0000000008002b88
 .jcr           0x0000000020000004        0x0 /usr/local/Caskroom/gcc-arm-embedded/6-2017-q1-update/gcc-arm-none-eabi-6-2017-q1-update/bin/../lib/gcc/arm-none-eabi/6.3.1/thumb/v7e-m/fpv4-sp/hard/crtbegin.o

.igot.plt       0x0000000020000004        0x0 load address 0x0000000008002b88
 .igot.plt      0x0000000020000004        0x0 /usr/local/Caskroom/gcc-arm-embedded/6-2017-q1-update/gcc-arm-none-eabi-6-2017-q1-update/bin/../lib/gcc/arm-none-eabi/6.3.1/thumb/v7e-m/fpv4-sp/hard/crtbegin.o

.ccmram         0x0000000010000000        0x0 load address 0x0000000008002b88
                0x0000000010000000                . = ALIGN (0x4)
                0x0000000010000000                _sccmram = .
 *(.ccmram)
 *(.ccmram*)
                0x0000000010000000                . = ALIGN (0x4)
                0x0000000010000000                _eccmram = .
                0x0000000010000000                . = ALIGN (0x4)

.bss            0x0000000020000004      0x244
                0x0000000020000004                _sbss = .
                0x0000000020000004                __bss_start__ = _sbss
 *(.bss)
 .bss           0x0000000020000004       0x1c /usr/local/Caskroom/gcc-arm-embedded/6-2017-q1-update/gcc-arm-none-eabi-6-2017-q1-update/bin/../lib/gcc/arm-none-eabi/6.3.1/thumb/v7e-m/fpv4-sp/hard/crtbegin.o
 *(.bss*)
 .bss.HAL_RCC_ADC12_CLK_ENABLED
                0x0000000020000020        0x4 build/stm32f3xx_hal_msp.o
 *(COMMON)
 COMMON         0x0000000020000024      0x220 build/main.o
                0x0000000020000024                huart3
                0x0000000020000094                hadc2
                0x00000000200000e8                hcan
                0x0000000020000128                hadc1
                0x000000002000017c                hdma_adc1
                0x00000000200001c0                hrtc
                0x00000000200001e0                hspi1
 COMMON         0x0000000020000244        0x4 build/stm32f3xx_hal.o
                0x0000000020000244                uwTick
                0x0000000020000248                . = ALIGN (0x4)
                0x0000000020000248                _ebss = .
                0x0000000020000248                __bss_end__ = _ebss

._user_heap_stack
                0x0000000020000248      0x600
                0x0000000020000248                . = ALIGN (0x8)
                [!provide]                        PROVIDE (end, .)
                [!provide]                        PROVIDE (_end, .)
                0x0000000020000448                . = (. + _Min_Heap_Size)
 *fill*         0x0000000020000248      0x200 
                0x0000000020000848                . = (. + _Min_Stack_Size)
 *fill*         0x0000000020000448      0x400 
                0x0000000020000848                . = ALIGN (0x8)

/DISCARD/
 libc.a(*)
 libm.a(*)
 libgcc.a(*)

.ARM.attributes
                0x0000000000000000       0x30
 *(.ARM.attributes)
 .ARM.attributes
                0x0000000000000000       0x22 /usr/local/Caskroom/gcc-arm-embedded/6-2017-q1-update/gcc-arm-none-eabi-6-2017-q1-update/bin/../lib/gcc/arm-none-eabi/6.3.1/thumb/v7e-m/fpv4-sp/hard/crti.o
 .ARM.attributes
                0x0000000000000022       0x34 /usr/local/Caskroom/gcc-arm-embedded/6-2017-q1-update/gcc-arm-none-eabi-6-2017-q1-update/bin/../lib/gcc/arm-none-eabi/6.3.1/thumb/v7e-m/fpv4-sp/hard/crtbegin.o
 .ARM.attributes
                0x0000000000000056       0x39 build/stm32f3xx_hal_gpio.o
 .ARM.attributes
                0x000000000000008f       0x39 build/stm32f3xx_hal_uart.o
 .ARM.attributes
                0x00000000000000c8       0x39 build/system_stm32f3xx.o
 .ARM.attributes
                0x0000000000000101       0x39 build/stm32f3xx_hal_rtc.o
 .ARM.attributes
                0x000000000000013a       0x39 build/stm32f3xx_hal_rcc.o
 .ARM.attributes
                0x0000000000000173       0x39 build/stm32f3xx_hal_rtc_ex.o
 .ARM.attributes
                0x00000000000001ac       0x39 build/stm32f3xx_hal_cortex.o
 .ARM.attributes
                0x00000000000001e5       0x39 build/stm32f3xx_hal_msp.o
 .ARM.attributes
                0x000000000000021e       0x39 build/stm32f3xx_it.o
 .ARM.attributes
                0x0000000000000257       0x39 build/main.o
 .ARM.attributes
                0x0000000000000290       0x39 build/error_handler.o
 .ARM.attributes
                0x00000000000002c9       0x39 build/init.o
 .ARM.attributes
                0x0000000000000302       0x39 build/stm32f3xx_hal_rcc_ex.o
 .ARM.attributes
                0x000000000000033b       0x39 build/stm32f3xx_hal_can.o
 .ARM.attributes
                0x0000000000000374       0x39 build/stm32f3xx_hal_dma.o
 .ARM.attributes
                0x00000000000003ad       0x39 build/stm32f3xx_hal_adc_ex.o
 .ARM.attributes
                0x00000000000003e6       0x39 build/stm32f3xx_hal_spi.o
 .ARM.attributes
                0x000000000000041f       0x39 build/stm32f3xx_hal.o
 .ARM.attributes
                0x0000000000000458       0x21 build/startup_stm32f334x8.o
 .ARM.attributes
                0x0000000000000479       0x34 /usr/local/Caskroom/gcc-arm-embedded/6-2017-q1-update/gcc-arm-none-eabi-6-2017-q1-update/bin/../lib/gcc/arm-none-eabi/6.3.1/../../../../arm-none-eabi/lib/thumb/v7e-m/fpv4-sp/hard/libc_nano.a(lib_a-init.o)
 .ARM.attributes
                0x00000000000004ad       0x22 /usr/local/Caskroom/gcc-arm-embedded/6-2017-q1-update/gcc-arm-none-eabi-6-2017-q1-update/bin/../lib/gcc/arm-none-eabi/6.3.1/thumb/v7e-m/fpv4-sp/hard/crtn.o
OUTPUT(build/smart-battery-management-system.elf elf32-littlearm)

.debug_info     0x0000000000000000    0x1c10c
 .debug_info    0x0000000000000000     0x112b build/stm32f3xx_hal_gpio.o
 .debug_info    0x000000000000112b     0x248f build/stm32f3xx_hal_uart.o
 .debug_info    0x00000000000035ba      0xd69 build/system_stm32f3xx.o
 .debug_info    0x0000000000004323     0x17d9 build/stm32f3xx_hal_rtc.o
 .debug_info    0x0000000000005afc     0x1d50 build/stm32f3xx_hal_rcc.o
 .debug_info    0x000000000000784c     0x19d9 build/stm32f3xx_hal_rtc_ex.o
 .debug_info    0x0000000000009225     0x1630 build/stm32f3xx_hal_cortex.o
 .debug_info    0x000000000000a855     0x273b build/stm32f3xx_hal_msp.o
 .debug_info    0x000000000000cf90      0xd94 build/stm32f3xx_it.o
 .debug_info    0x000000000000dd24     0x2054 build/main.o
 .debug_info    0x000000000000fd78       0x72 build/error_handler.o
 .debug_info    0x000000000000fdea     0x2dda build/init.o
 .debug_info    0x0000000000012bc4      0xf9a build/stm32f3xx_hal_rcc_ex.o
 .debug_info    0x0000000000013b5e     0x15c7 build/stm32f3xx_hal_can.o
 .debug_info    0x0000000000015125     0x11a9 build/stm32f3xx_hal_dma.o
 .debug_info    0x00000000000162ce     0x2578 build/stm32f3xx_hal_adc_ex.o
 .debug_info    0x0000000000018846     0x27b8 build/stm32f3xx_hal_spi.o
 .debug_info    0x000000000001affe     0x1091 build/stm32f3xx_hal.o
 .debug_info    0x000000000001c08f       0x7d build/startup_stm32f334x8.o

.debug_abbrev   0x0000000000000000     0x3066
 .debug_abbrev  0x0000000000000000      0x2bc build/stm32f3xx_hal_gpio.o
 .debug_abbrev  0x00000000000002bc      0x31a build/stm32f3xx_hal_uart.o
 .debug_abbrev  0x00000000000005d6      0x1e6 build/system_stm32f3xx.o
 .debug_abbrev  0x00000000000007bc      0x2cd build/stm32f3xx_hal_rtc.o
 .debug_abbrev  0x0000000000000a89      0x35b build/stm32f3xx_hal_rcc.o
 .debug_abbrev  0x0000000000000de4      0x2f8 build/stm32f3xx_hal_rtc_ex.o
 .debug_abbrev  0x00000000000010dc      0x3b5 build/stm32f3xx_hal_cortex.o
 .debug_abbrev  0x0000000000001491      0x303 build/stm32f3xx_hal_msp.o
 .debug_abbrev  0x0000000000001794      0x1f0 build/stm32f3xx_it.o
 .debug_abbrev  0x0000000000001984      0x22e build/main.o
 .debug_abbrev  0x0000000000001bb2       0x5e build/error_handler.o
 .debug_abbrev  0x0000000000001c10      0x278 build/init.o
 .debug_abbrev  0x0000000000001e88      0x316 build/stm32f3xx_hal_rcc_ex.o
 .debug_abbrev  0x000000000000219e      0x2e5 build/stm32f3xx_hal_can.o
 .debug_abbrev  0x0000000000002483      0x2ea build/stm32f3xx_hal_dma.o
 .debug_abbrev  0x000000000000276d      0x347 build/stm32f3xx_hal_adc_ex.o
 .debug_abbrev  0x0000000000002ab4      0x2f7 build/stm32f3xx_hal_spi.o
 .debug_abbrev  0x0000000000002dab      0x2a9 build/stm32f3xx_hal.o
 .debug_abbrev  0x0000000000003054       0x12 build/startup_stm32f334x8.o

.debug_loc      0x0000000000000000     0xac61
 .debug_loc     0x0000000000000000      0x3ed build/stm32f3xx_hal_gpio.o
 .debug_loc     0x00000000000003ed     0x1b79 build/stm32f3xx_hal_uart.o
 .debug_loc     0x0000000000001f66       0xff build/system_stm32f3xx.o
 .debug_loc     0x0000000000002065      0xd13 build/stm32f3xx_hal_rtc.o
 .debug_loc     0x0000000000002d78      0xa0f build/stm32f3xx_hal_rcc.o
 .debug_loc     0x0000000000003787      0xe79 build/stm32f3xx_hal_rtc_ex.o
 .debug_loc     0x0000000000004600      0x63d build/stm32f3xx_hal_cortex.o
 .debug_loc     0x0000000000004c3d      0x3a2 build/stm32f3xx_hal_msp.o
 .debug_loc     0x0000000000004fdf       0x40 build/stm32f3xx_it.o
 .debug_loc     0x000000000000501f       0x20 build/main.o
 .debug_loc     0x000000000000503f      0x1e5 build/init.o
 .debug_loc     0x0000000000005224      0x532 build/stm32f3xx_hal_rcc_ex.o
 .debug_loc     0x0000000000005756      0x88f build/stm32f3xx_hal_can.o
 .debug_loc     0x0000000000005fe5      0x838 build/stm32f3xx_hal_dma.o
 .debug_loc     0x000000000000681d     0x2103 build/stm32f3xx_hal_adc_ex.o
 .debug_loc     0x0000000000008920     0x225e build/stm32f3xx_hal_spi.o
 .debug_loc     0x000000000000ab7e       0xe3 build/stm32f3xx_hal.o

.debug_aranges  0x0000000000000000      0xc60
 .debug_aranges
                0x0000000000000000       0x58 build/stm32f3xx_hal_gpio.o
 .debug_aranges
                0x0000000000000058      0x1f0 build/stm32f3xx_hal_uart.o
 .debug_aranges
                0x0000000000000248       0x28 build/system_stm32f3xx.o
 .debug_aranges
                0x0000000000000270       0xb8 build/stm32f3xx_hal_rtc.o
 .debug_aranges
                0x0000000000000328       0x88 build/stm32f3xx_hal_rcc.o
 .debug_aranges
                0x00000000000003b0      0x120 build/stm32f3xx_hal_rtc_ex.o
 .debug_aranges
                0x00000000000004d0       0x90 build/stm32f3xx_hal_cortex.o
 .debug_aranges
                0x0000000000000560       0x70 build/stm32f3xx_hal_msp.o
 .debug_aranges
                0x00000000000005d0       0x68 build/stm32f3xx_it.o
 .debug_aranges
                0x0000000000000638       0x20 build/main.o
 .debug_aranges
                0x0000000000000658       0x20 build/error_handler.o
 .debug_aranges
                0x0000000000000678       0x60 build/init.o
 .debug_aranges
                0x00000000000006d8       0x38 build/stm32f3xx_hal_rcc_ex.o
 .debug_aranges
                0x0000000000000710       0xb0 build/stm32f3xx_hal_can.o
 .debug_aranges
                0x00000000000007c0       0x88 build/stm32f3xx_hal_dma.o
 .debug_aranges
                0x0000000000000848      0x168 build/stm32f3xx_hal_adc_ex.o
 .debug_aranges
                0x00000000000009b0      0x1d8 build/stm32f3xx_hal_spi.o
 .debug_aranges
                0x0000000000000b88       0xb0 build/stm32f3xx_hal.o
 .debug_aranges
                0x0000000000000c38       0x28 build/startup_stm32f334x8.o

.debug_ranges   0x0000000000000000      0xbd0
 .debug_ranges  0x0000000000000000       0x48 build/stm32f3xx_hal_gpio.o
 .debug_ranges  0x0000000000000048      0x1e0 build/stm32f3xx_hal_uart.o
 .debug_ranges  0x0000000000000228       0x18 build/system_stm32f3xx.o
 .debug_ranges  0x0000000000000240       0xa8 build/stm32f3xx_hal_rtc.o
 .debug_ranges  0x00000000000002e8       0x98 build/stm32f3xx_hal_rcc.o
 .debug_ranges  0x0000000000000380      0x110 build/stm32f3xx_hal_rtc_ex.o
 .debug_ranges  0x0000000000000490       0xe0 build/stm32f3xx_hal_cortex.o
 .debug_ranges  0x0000000000000570       0x60 build/stm32f3xx_hal_msp.o
 .debug_ranges  0x00000000000005d0       0x58 build/stm32f3xx_it.o
 .debug_ranges  0x0000000000000628       0x10 build/main.o
 .debug_ranges  0x0000000000000638       0x10 build/error_handler.o
 .debug_ranges  0x0000000000000648       0x50 build/init.o
 .debug_ranges  0x0000000000000698       0x40 build/stm32f3xx_hal_rcc_ex.o
 .debug_ranges  0x00000000000006d8       0xa0 build/stm32f3xx_hal_can.o
 .debug_ranges  0x0000000000000778       0x78 build/stm32f3xx_hal_dma.o
 .debug_ranges  0x00000000000007f0      0x158 build/stm32f3xx_hal_adc_ex.o
 .debug_ranges  0x0000000000000948      0x1c8 build/stm32f3xx_hal_spi.o
 .debug_ranges  0x0000000000000b10       0xa0 build/stm32f3xx_hal.o
 .debug_ranges  0x0000000000000bb0       0x20 build/startup_stm32f334x8.o

.debug_line     0x0000000000000000     0x76af
 .debug_line    0x0000000000000000      0x430 build/stm32f3xx_hal_gpio.o
 .debug_line    0x0000000000000430      0xd70 build/stm32f3xx_hal_uart.o
 .debug_line    0x00000000000011a0      0x2a5 build/system_stm32f3xx.o
 .debug_line    0x0000000000001445      0x6c6 build/stm32f3xx_hal_rtc.o
 .debug_line    0x0000000000001b0b      0x7c1 build/stm32f3xx_hal_rcc.o
 .debug_line    0x00000000000022cc      0x955 build/stm32f3xx_hal_rtc_ex.o
 .debug_line    0x0000000000002c21      0x43a build/stm32f3xx_hal_cortex.o
 .debug_line    0x000000000000305b      0x4cd build/stm32f3xx_hal_msp.o
 .debug_line    0x0000000000003528      0x37c build/stm32f3xx_it.o
 .debug_line    0x00000000000038a4      0x38e build/main.o
 .debug_line    0x0000000000003c32       0x41 build/error_handler.o
 .debug_line    0x0000000000003c73      0x540 build/init.o
 .debug_line    0x00000000000041b3      0x4ac build/stm32f3xx_hal_rcc_ex.o
 .debug_line    0x000000000000465f      0x750 build/stm32f3xx_hal_can.o
 .debug_line    0x0000000000004daf      0x535 build/stm32f3xx_hal_dma.o
 .debug_line    0x00000000000052e4     0x1127 build/stm32f3xx_hal_adc_ex.o
 .debug_line    0x000000000000640b      0xe0b build/stm32f3xx_hal_spi.o
 .debug_line    0x0000000000007216      0x425 build/stm32f3xx_hal.o
 .debug_line    0x000000000000763b       0x74 build/startup_stm32f334x8.o

.debug_str      0x0000000000000000     0x4297
 .debug_str     0x0000000000000000      0x85b build/stm32f3xx_hal_gpio.o
                                        0x904 (size before relaxing)
 .debug_str     0x000000000000085b      0xb73 build/stm32f3xx_hal_uart.o
                                       0x1286 (size before relaxing)
 .debug_str     0x00000000000013ce       0xab build/system_stm32f3xx.o
                                        0x6ee (size before relaxing)
 .debug_str     0x0000000000001479      0x429 build/stm32f3xx_hal_rtc.o
                                        0xb44 (size before relaxing)
 .debug_str     0x00000000000018a2      0x2f6 build/stm32f3xx_hal_rcc.o
                                        0xa71 (size before relaxing)
 .debug_str     0x0000000000001b98      0x506 build/stm32f3xx_hal_rtc_ex.o
                                        0xe4e (size before relaxing)
 .debug_str     0x000000000000209e      0x620 build/stm32f3xx_hal_cortex.o
                                        0xd84 (size before relaxing)
 .debug_str     0x00000000000026be      0x61a build/stm32f3xx_hal_msp.o
                                       0x1768 (size before relaxing)
 .debug_str     0x0000000000002cd8       0xdb build/stm32f3xx_it.o
                                        0x8b9 (size before relaxing)
 .debug_str     0x0000000000002db3       0xbb build/main.o
                                       0x1291 (size before relaxing)
 .debug_str     0x0000000000002e6e       0x19 build/error_handler.o
                                        0x12d (size before relaxing)
 .debug_str     0x0000000000002e87      0x18a build/init.o
                                       0x1ba8 (size before relaxing)
 .debug_str     0x0000000000003011       0xbb build/stm32f3xx_hal_rcc_ex.o
                                        0x8c3 (size before relaxing)
 .debug_str     0x00000000000030cc      0x20a build/stm32f3xx_hal_can.o
                                        0xb4e (size before relaxing)
 .debug_str     0x00000000000032d6      0x1e6 build/stm32f3xx_hal_dma.o
                                        0xa79 (size before relaxing)
 .debug_str     0x00000000000034bc      0x762 build/stm32f3xx_hal_adc_ex.o
                                       0x131a (size before relaxing)
 .debug_str     0x0000000000003c1e      0x4f3 build/stm32f3xx_hal_spi.o
                                        0xfa9 (size before relaxing)
 .debug_str     0x0000000000004111      0x186 build/stm32f3xx_hal.o
                                        0xc32 (size before relaxing)

.comment        0x0000000000000000       0x7f
 .comment       0x0000000000000000       0x7f build/stm32f3xx_hal_gpio.o
                                         0x80 (size before relaxing)
 .comment       0x000000000000007f       0x80 build/stm32f3xx_hal_uart.o
 .comment       0x000000000000007f       0x80 build/system_stm32f3xx.o
 .comment       0x000000000000007f       0x80 build/stm32f3xx_hal_rtc.o
 .comment       0x000000000000007f       0x80 build/stm32f3xx_hal_rcc.o
 .comment       0x000000000000007f       0x80 build/stm32f3xx_hal_rtc_ex.o
 .comment       0x000000000000007f       0x80 build/stm32f3xx_hal_cortex.o
 .comment       0x000000000000007f       0x80 build/stm32f3xx_hal_msp.o
 .comment       0x000000000000007f       0x80 build/stm32f3xx_it.o
 .comment       0x000000000000007f       0x80 build/main.o
 .comment       0x000000000000007f       0x80 build/error_handler.o
 .comment       0x000000000000007f       0x80 build/init.o
 .comment       0x000000000000007f       0x80 build/stm32f3xx_hal_rcc_ex.o
 .comment       0x000000000000007f       0x80 build/stm32f3xx_hal_can.o
 .comment       0x000000000000007f       0x80 build/stm32f3xx_hal_dma.o
 .comment       0x000000000000007f       0x80 build/stm32f3xx_hal_adc_ex.o
 .comment       0x000000000000007f       0x80 build/stm32f3xx_hal_spi.o
 .comment       0x000000000000007f       0x80 build/stm32f3xx_hal.o

.debug_frame    0x0000000000000000     0x24cc
 .debug_frame   0x0000000000000000       0xe4 build/stm32f3xx_hal_gpio.o
 .debug_frame   0x00000000000000e4      0x620 build/stm32f3xx_hal_uart.o
 .debug_frame   0x0000000000000704       0x30 build/system_stm32f3xx.o
 .debug_frame   0x0000000000000734      0x258 build/stm32f3xx_hal_rtc.o
 .debug_frame   0x000000000000098c      0x158 build/stm32f3xx_hal_rcc.o
 .debug_frame   0x0000000000000ae4      0x370 build/stm32f3xx_hal_rtc_ex.o
 .debug_frame   0x0000000000000e54      0x13c build/stm32f3xx_hal_cortex.o
 .debug_frame   0x0000000000000f90      0x138 build/stm32f3xx_hal_msp.o
 .debug_frame   0x00000000000010c8       0xc8 build/stm32f3xx_it.o
 .debug_frame   0x0000000000001190       0x2c build/main.o
 .debug_frame   0x00000000000011bc       0x20 build/error_handler.o
 .debug_frame   0x00000000000011dc      0x134 build/init.o
 .debug_frame   0x0000000000001310       0x8c build/stm32f3xx_hal_rcc_ex.o
 .debug_frame   0x000000000000139c      0x240 build/stm32f3xx_hal_can.o
 .debug_frame   0x00000000000015dc      0x190 build/stm32f3xx_hal_dma.o
 .debug_frame   0x000000000000176c      0x558 build/stm32f3xx_hal_adc_ex.o
 .debug_frame   0x0000000000001cc4      0x668 build/stm32f3xx_hal_spi.o
 .debug_frame   0x000000000000232c      0x174 build/stm32f3xx_hal.o
 .debug_frame   0x00000000000024a0       0x2c /usr/local/Caskroom/gcc-arm-embedded/6-2017-q1-update/gcc-arm-none-eabi-6-2017-q1-update/bin/../lib/gcc/arm-none-eabi/6.3.1/../../../../arm-none-eabi/lib/thumb/v7e-m/fpv4-sp/hard/libc_nano.a(lib_a-init.o)

Cross Reference Table

Symbol                                            File
ADC1_2_IRQHandler                                 build/startup_stm32f334x8.o
AHBPrescTable                                     build/system_stm32f3xx.o
                                                  build/stm32f3xx_hal_rcc.o
APBPrescTable                                     build/system_stm32f3xx.o
                                                  build/stm32f3xx_hal_rcc.o
BusFault_Handler                                  build/stm32f3xx_it.o
CAN_RX0_IRQHandler                                build/startup_stm32f334x8.o
CAN_RX1_IRQHandler                                build/startup_stm32f334x8.o
CAN_SCE_IRQHandler                                build/startup_stm32f334x8.o
CAN_TX_IRQHandler                                 build/startup_stm32f334x8.o
COMP2_IRQHandler                                  build/startup_stm32f334x8.o
COMP4_6_IRQHandler                                build/startup_stm32f334x8.o
DMA1_Channel1_IRQHandler                          build/stm32f3xx_it.o
DMA1_Channel2_IRQHandler                          build/startup_stm32f334x8.o
DMA1_Channel3_IRQHandler                          build/startup_stm32f334x8.o
DMA1_Channel4_IRQHandler                          build/startup_stm32f334x8.o
DMA1_Channel5_IRQHandler                          build/startup_stm32f334x8.o
DMA1_Channel6_IRQHandler                          build/startup_stm32f334x8.o
DMA1_Channel7_IRQHandler                          build/startup_stm32f334x8.o
DebugMon_Handler                                  build/stm32f3xx_it.o
Default_Handler                                   build/startup_stm32f334x8.o
EXTI0_IRQHandler                                  build/startup_stm32f334x8.o
EXTI15_10_IRQHandler                              build/startup_stm32f334x8.o
EXTI1_IRQHandler                                  build/startup_stm32f334x8.o
EXTI2_TSC_IRQHandler                              build/startup_stm32f334x8.o
EXTI3_IRQHandler                                  build/startup_stm32f334x8.o
EXTI4_IRQHandler                                  build/startup_stm32f334x8.o
EXTI9_5_IRQHandler                                build/startup_stm32f334x8.o
FLASH_IRQHandler                                  build/startup_stm32f334x8.o
FLASH_PageErase                                   build/stm32f3xx_hal_flash_ex.o
                                                  build/stm32f3xx_hal_flash.o
FLASH_WaitForLastOperation                        build/stm32f3xx_hal_flash.o
                                                  build/stm32f3xx_hal_flash_ex.o
FPU_IRQHandler                                    build/startup_stm32f334x8.o
HAL_ADCEx_Calibration_GetValue                    build/stm32f3xx_hal_adc_ex.o
HAL_ADCEx_Calibration_SetValue                    build/stm32f3xx_hal_adc_ex.o
HAL_ADCEx_Calibration_Start                       build/stm32f3xx_hal_adc_ex.o
HAL_ADCEx_InjectedConfigChannel                   build/stm32f3xx_hal_adc_ex.o
HAL_ADCEx_InjectedConvCpltCallback                build/stm32f3xx_hal_adc_ex.o
HAL_ADCEx_InjectedGetValue                        build/stm32f3xx_hal_adc_ex.o
HAL_ADCEx_InjectedPollForConversion               build/stm32f3xx_hal_adc_ex.o
HAL_ADCEx_InjectedQueueOverflowCallback           build/stm32f3xx_hal_adc_ex.o
HAL_ADCEx_InjectedStart                           build/stm32f3xx_hal_adc_ex.o
HAL_ADCEx_InjectedStart_IT                        build/stm32f3xx_hal_adc_ex.o
HAL_ADCEx_InjectedStop                            build/stm32f3xx_hal_adc_ex.o
HAL_ADCEx_InjectedStop_IT                         build/stm32f3xx_hal_adc_ex.o
HAL_ADCEx_LevelOutOfWindow2Callback               build/stm32f3xx_hal_adc_ex.o
HAL_ADCEx_LevelOutOfWindow3Callback               build/stm32f3xx_hal_adc_ex.o
HAL_ADCEx_MultiModeConfigChannel                  build/stm32f3xx_hal_adc_ex.o
                                                  build/init.o
HAL_ADCEx_MultiModeGetValue                       build/stm32f3xx_hal_adc_ex.o
HAL_ADCEx_MultiModeStart_DMA                      build/stm32f3xx_hal_adc_ex.o
HAL_ADCEx_MultiModeStop_DMA                       build/stm32f3xx_hal_adc_ex.o
HAL_ADCEx_RegularMultiModeStop_DMA                build/stm32f3xx_hal_adc_ex.o
HAL_ADCEx_RegularStop                             build/stm32f3xx_hal_adc_ex.o
HAL_ADCEx_RegularStop_DMA                         build/stm32f3xx_hal_adc_ex.o
HAL_ADCEx_RegularStop_IT                          build/stm32f3xx_hal_adc_ex.o
HAL_ADC_AnalogWDGConfig                           build/stm32f3xx_hal_adc_ex.o
                                                  build/stm32f3xx_hal_adc.o
HAL_ADC_ConfigChannel                             build/stm32f3xx_hal_adc_ex.o
                                                  build/stm32f3xx_hal_adc.o
                                                  build/init.o
HAL_ADC_ConvCpltCallback                          build/stm32f3xx_hal_adc.o
                                                  build/stm32f3xx_hal_adc_ex.o
HAL_ADC_ConvHalfCpltCallback                      build/stm32f3xx_hal_adc.o
                                                  build/stm32f3xx_hal_adc_ex.o
HAL_ADC_DeInit                                    build/stm32f3xx_hal_adc_ex.o
                                                  build/stm32f3xx_hal_adc.o
HAL_ADC_ErrorCallback                             build/stm32f3xx_hal_adc.o
                                                  build/stm32f3xx_hal_adc_ex.o
HAL_ADC_GetError                                  build/stm32f3xx_hal_adc.o
HAL_ADC_GetState                                  build/stm32f3xx_hal_adc.o
HAL_ADC_GetValue                                  build/stm32f3xx_hal_adc_ex.o
                                                  build/stm32f3xx_hal_adc.o
HAL_ADC_IRQHandler                                build/stm32f3xx_hal_adc_ex.o
                                                  build/stm32f3xx_hal_adc.o
HAL_ADC_Init                                      build/stm32f3xx_hal_adc_ex.o
                                                  build/stm32f3xx_hal_adc.o
                                                  build/init.o
HAL_ADC_LevelOutOfWindowCallback                  build/stm32f3xx_hal_adc.o
                                                  build/stm32f3xx_hal_adc_ex.o
HAL_ADC_MspDeInit                                 build/stm32f3xx_hal_msp.o
                                                  build/stm32f3xx_hal_adc_ex.o
HAL_ADC_MspInit                                   build/stm32f3xx_hal_msp.o
                                                  build/stm32f3xx_hal_adc_ex.o
HAL_ADC_PollForConversion                         build/stm32f3xx_hal_adc_ex.o
                                                  build/stm32f3xx_hal_adc.o
HAL_ADC_PollForEvent                              build/stm32f3xx_hal_adc_ex.o
                                                  build/stm32f3xx_hal_adc.o
HAL_ADC_Start                                     build/stm32f3xx_hal_adc_ex.o
                                                  build/stm32f3xx_hal_adc.o
HAL_ADC_Start_DMA                                 build/stm32f3xx_hal_adc_ex.o
                                                  build/stm32f3xx_hal_adc.o
HAL_ADC_Start_IT                                  build/stm32f3xx_hal_adc_ex.o
                                                  build/stm32f3xx_hal_adc.o
HAL_ADC_Stop                                      build/stm32f3xx_hal_adc_ex.o
                                                  build/stm32f3xx_hal_adc.o
HAL_ADC_Stop_DMA                                  build/stm32f3xx_hal_adc_ex.o
                                                  build/stm32f3xx_hal_adc.o
HAL_ADC_Stop_IT                                   build/stm32f3xx_hal_adc_ex.o
                                                  build/stm32f3xx_hal_adc.o
HAL_CAN_ConfigFilter                              build/stm32f3xx_hal_can.o
HAL_CAN_DeInit                                    build/stm32f3xx_hal_can.o
HAL_CAN_ErrorCallback                             build/stm32f3xx_hal_can.o
HAL_CAN_GetError                                  build/stm32f3xx_hal_can.o
HAL_CAN_GetState                                  build/stm32f3xx_hal_can.o
HAL_CAN_IRQHandler                                build/stm32f3xx_hal_can.o
HAL_CAN_Init                                      build/stm32f3xx_hal_can.o
                                                  build/init.o
HAL_CAN_MspDeInit                                 build/stm32f3xx_hal_msp.o
HAL_CAN_MspInit                                   build/stm32f3xx_hal_msp.o
HAL_CAN_Receive                                   build/stm32f3xx_hal_can.o
HAL_CAN_Receive_IT                                build/stm32f3xx_hal_can.o
HAL_CAN_RxCpltCallback                            build/stm32f3xx_hal_can.o
HAL_CAN_Sleep                                     build/stm32f3xx_hal_can.o
HAL_CAN_Transmit                                  build/stm32f3xx_hal_can.o
HAL_CAN_Transmit_IT                               build/stm32f3xx_hal_can.o
HAL_CAN_TxCpltCallback                            build/stm32f3xx_hal_can.o
HAL_CAN_WakeUp                                    build/stm32f3xx_hal_can.o
HAL_DBGMCU_DisableDBGSleepMode                    build/stm32f3xx_hal.o
HAL_DBGMCU_DisableDBGStandbyMode                  build/stm32f3xx_hal.o
HAL_DBGMCU_DisableDBGStopMode                     build/stm32f3xx_hal.o
HAL_DBGMCU_EnableDBGSleepMode                     build/stm32f3xx_hal.o
HAL_DBGMCU_EnableDBGStandbyMode                   build/stm32f3xx_hal.o
HAL_DBGMCU_EnableDBGStopMode                      build/stm32f3xx_hal.o
HAL_DMA_Abort                                     build/stm32f3xx_hal_dma.o
                                                  build/stm32f3xx_hal_spi.o
                                                  build/stm32f3xx_hal_adc_ex.o
                                                  build/stm32f3xx_hal_uart.o
HAL_DMA_Abort_IT                                  build/stm32f3xx_hal_dma.o
                                                  build/stm32f3xx_hal_spi.o
                                                  build/stm32f3xx_hal_i2c.o
                                                  build/stm32f3xx_hal_uart.o
HAL_DMA_DeInit                                    build/stm32f3xx_hal_dma.o
                                                  build/stm32f3xx_hal_msp.o
HAL_DMA_GetError                                  build/stm32f3xx_hal_dma.o
HAL_DMA_GetState                                  build/stm32f3xx_hal_dma.o
HAL_DMA_IRQHandler                                build/stm32f3xx_hal_dma.o
                                                  build/stm32f3xx_it.o
HAL_DMA_Init                                      build/stm32f3xx_hal_dma.o
                                                  build/stm32f3xx_hal_msp.o
HAL_DMA_PollForTransfer                           build/stm32f3xx_hal_dma.o
HAL_DMA_RegisterCallback                          build/stm32f3xx_hal_dma.o
HAL_DMA_Start                                     build/stm32f3xx_hal_dma.o
HAL_DMA_Start_IT                                  build/stm32f3xx_hal_dma.o
                                                  build/stm32f3xx_hal_spi.o
                                                  build/stm32f3xx_hal_adc_ex.o
                                                  build/stm32f3xx_hal_i2c.o
                                                  build/stm32f3xx_hal_uart.o
HAL_DMA_UnRegisterCallback                        build/stm32f3xx_hal_dma.o
HAL_DeInit                                        build/stm32f3xx_hal.o
HAL_Delay                                         build/stm32f3xx_hal.o
                                                  build/main.o
HAL_FLASHEx_Erase                                 build/stm32f3xx_hal_flash_ex.o
HAL_FLASHEx_Erase_IT                              build/stm32f3xx_hal_flash_ex.o
HAL_FLASHEx_OBErase                               build/stm32f3xx_hal_flash_ex.o
HAL_FLASHEx_OBGetConfig                           build/stm32f3xx_hal_flash_ex.o
HAL_FLASHEx_OBGetUserData                         build/stm32f3xx_hal_flash_ex.o
HAL_FLASHEx_OBProgram                             build/stm32f3xx_hal_flash_ex.o
HAL_FLASH_EndOfOperationCallback                  build/stm32f3xx_hal_flash.o
HAL_FLASH_GetError                                build/stm32f3xx_hal_flash.o
HAL_FLASH_IRQHandler                              build/stm32f3xx_hal_flash.o
HAL_FLASH_Lock                                    build/stm32f3xx_hal_flash.o
HAL_FLASH_OB_Launch                               build/stm32f3xx_hal_flash.o
HAL_FLASH_OB_Lock                                 build/stm32f3xx_hal_flash.o
HAL_FLASH_OB_Unlock                               build/stm32f3xx_hal_flash.o
HAL_FLASH_OperationErrorCallback                  build/stm32f3xx_hal_flash.o
HAL_FLASH_Program                                 build/stm32f3xx_hal_flash.o
HAL_FLASH_Program_IT                              build/stm32f3xx_hal_flash.o
HAL_FLASH_Unlock                                  build/stm32f3xx_hal_flash.o
HAL_GPIO_DeInit                                   build/stm32f3xx_hal_gpio.o
                                                  build/stm32f3xx_hal_msp.o
HAL_GPIO_EXTI_Callback                            build/stm32f3xx_hal_gpio.o
HAL_GPIO_EXTI_IRQHandler                          build/stm32f3xx_hal_gpio.o
HAL_GPIO_Init                                     build/stm32f3xx_hal_gpio.o
                                                  build/init.o
                                                  build/stm32f3xx_hal_msp.o
                                                  build/stm32f3xx_hal_rcc.o
HAL_GPIO_LockPin                                  build/stm32f3xx_hal_gpio.o
HAL_GPIO_ReadPin                                  build/stm32f3xx_hal_gpio.o
HAL_GPIO_TogglePin                                build/stm32f3xx_hal_gpio.o
                                                  build/main.o
HAL_GPIO_WritePin                                 build/stm32f3xx_hal_gpio.o
                                                  build/init.o
HAL_GetDEVID                                      build/stm32f3xx_hal.o
HAL_GetHalVersion                                 build/stm32f3xx_hal.o
HAL_GetREVID                                      build/stm32f3xx_hal.o
HAL_GetTick                                       build/stm32f3xx_hal.o
                                                  build/stm32f3xx_hal_spi.o
                                                  build/stm32f3xx_hal_adc_ex.o
                                                  build/stm32f3xx_hal_dma.o
                                                  build/stm32f3xx_hal_i2c.o
                                                  build/stm32f3xx_hal_can.o
                                                  build/stm32f3xx_hal_rcc_ex.o
                                                  build/stm32f3xx_hal_flash.o
                                                  build/stm32f3xx_hal_rtc_ex.o
                                                  build/stm32f3xx_hal_rcc.o
                                                  build/stm32f3xx_hal_rtc.o
                                                  build/stm32f3xx_hal_uart.o
                                                  build/stm32f3xx_hal_uart_ex.o
HAL_HalfDuplex_EnableReceiver                     build/stm32f3xx_hal_uart.o
HAL_HalfDuplex_EnableTransmitter                  build/stm32f3xx_hal_uart.o
HAL_HalfDuplex_Init                               build/stm32f3xx_hal_uart.o
HAL_I2CEx_ConfigAnalogFilter                      build/stm32f3xx_hal_i2c_ex.o
HAL_I2CEx_ConfigDigitalFilter                     build/stm32f3xx_hal_i2c_ex.o
HAL_I2CEx_DisableFastModePlus                     build/stm32f3xx_hal_i2c_ex.o
HAL_I2CEx_DisableWakeUp                           build/stm32f3xx_hal_i2c_ex.o
HAL_I2CEx_EnableFastModePlus                      build/stm32f3xx_hal_i2c_ex.o
HAL_I2CEx_EnableWakeUp                            build/stm32f3xx_hal_i2c_ex.o
HAL_I2C_AbortCpltCallback                         build/stm32f3xx_hal_i2c.o
HAL_I2C_AddrCallback                              build/stm32f3xx_hal_i2c.o
HAL_I2C_DeInit                                    build/stm32f3xx_hal_i2c.o
HAL_I2C_DisableListen_IT                          build/stm32f3xx_hal_i2c.o
HAL_I2C_ER_IRQHandler                             build/stm32f3xx_hal_i2c.o
HAL_I2C_EV_IRQHandler                             build/stm32f3xx_hal_i2c.o
HAL_I2C_EnableListen_IT                           build/stm32f3xx_hal_i2c.o
HAL_I2C_ErrorCallback                             build/stm32f3xx_hal_i2c.o
HAL_I2C_GetError                                  build/stm32f3xx_hal_i2c.o
HAL_I2C_GetMode                                   build/stm32f3xx_hal_i2c.o
HAL_I2C_GetState                                  build/stm32f3xx_hal_i2c.o
HAL_I2C_Init                                      build/stm32f3xx_hal_i2c.o
HAL_I2C_IsDeviceReady                             build/stm32f3xx_hal_i2c.o
HAL_I2C_ListenCpltCallback                        build/stm32f3xx_hal_i2c.o
HAL_I2C_MasterRxCpltCallback                      build/stm32f3xx_hal_i2c.o
HAL_I2C_MasterTxCpltCallback                      build/stm32f3xx_hal_i2c.o
HAL_I2C_Master_Abort_IT                           build/stm32f3xx_hal_i2c.o
HAL_I2C_Master_Receive                            build/stm32f3xx_hal_i2c.o
HAL_I2C_Master_Receive_DMA                        build/stm32f3xx_hal_i2c.o
HAL_I2C_Master_Receive_IT                         build/stm32f3xx_hal_i2c.o
HAL_I2C_Master_Sequential_Receive_IT              build/stm32f3xx_hal_i2c.o
HAL_I2C_Master_Sequential_Transmit_IT             build/stm32f3xx_hal_i2c.o
HAL_I2C_Master_Transmit                           build/stm32f3xx_hal_i2c.o
HAL_I2C_Master_Transmit_DMA                       build/stm32f3xx_hal_i2c.o
HAL_I2C_Master_Transmit_IT                        build/stm32f3xx_hal_i2c.o
HAL_I2C_MemRxCpltCallback                         build/stm32f3xx_hal_i2c.o
HAL_I2C_MemTxCpltCallback                         build/stm32f3xx_hal_i2c.o
HAL_I2C_Mem_Read                                  build/stm32f3xx_hal_i2c.o
HAL_I2C_Mem_Read_DMA                              build/stm32f3xx_hal_i2c.o
HAL_I2C_Mem_Read_IT                               build/stm32f3xx_hal_i2c.o
HAL_I2C_Mem_Write                                 build/stm32f3xx_hal_i2c.o
HAL_I2C_Mem_Write_DMA                             build/stm32f3xx_hal_i2c.o
HAL_I2C_Mem_Write_IT                              build/stm32f3xx_hal_i2c.o
HAL_I2C_MspDeInit                                 build/stm32f3xx_hal_i2c.o
HAL_I2C_MspInit                                   build/stm32f3xx_hal_i2c.o
HAL_I2C_SlaveRxCpltCallback                       build/stm32f3xx_hal_i2c.o
HAL_I2C_SlaveTxCpltCallback                       build/stm32f3xx_hal_i2c.o
HAL_I2C_Slave_Receive                             build/stm32f3xx_hal_i2c.o
HAL_I2C_Slave_Receive_DMA                         build/stm32f3xx_hal_i2c.o
HAL_I2C_Slave_Receive_IT                          build/stm32f3xx_hal_i2c.o
HAL_I2C_Slave_Sequential_Receive_IT               build/stm32f3xx_hal_i2c.o
HAL_I2C_Slave_Sequential_Transmit_IT              build/stm32f3xx_hal_i2c.o
HAL_I2C_Slave_Transmit                            build/stm32f3xx_hal_i2c.o
HAL_I2C_Slave_Transmit_DMA                        build/stm32f3xx_hal_i2c.o
HAL_I2C_Slave_Transmit_IT                         build/stm32f3xx_hal_i2c.o
HAL_IncTick                                       build/stm32f3xx_hal.o
                                                  build/stm32f3xx_it.o
HAL_Init                                          build/stm32f3xx_hal.o
                                                  build/main.o
HAL_InitTick                                      build/stm32f3xx_hal.o
                                                  build/stm32f3xx_hal_rcc.o
HAL_LIN_Init                                      build/stm32f3xx_hal_uart.o
HAL_LIN_SendBreak                                 build/stm32f3xx_hal_uart.o
HAL_MspDeInit                                     build/stm32f3xx_hal.o
HAL_MspInit                                       build/stm32f3xx_hal_msp.o
HAL_MultiProcessorEx_AddressLength_Set            build/stm32f3xx_hal_uart_ex.o
HAL_MultiProcessor_DisableMuteMode                build/stm32f3xx_hal_uart.o
HAL_MultiProcessor_EnableMuteMode                 build/stm32f3xx_hal_uart.o
HAL_MultiProcessor_EnterMuteMode                  build/stm32f3xx_hal_uart.o
HAL_MultiProcessor_Init                           build/stm32f3xx_hal_uart.o
HAL_NVIC_ClearPendingIRQ                          build/stm32f3xx_hal_cortex.o
HAL_NVIC_DisableIRQ                               build/stm32f3xx_hal_cortex.o
HAL_NVIC_EnableIRQ                                build/stm32f3xx_hal_cortex.o
                                                  build/init.o
HAL_NVIC_GetActive                                build/stm32f3xx_hal_cortex.o
HAL_NVIC_GetPendingIRQ                            build/stm32f3xx_hal_cortex.o
HAL_NVIC_GetPriority                              build/stm32f3xx_hal_cortex.o
HAL_NVIC_GetPriorityGrouping                      build/stm32f3xx_hal_cortex.o
HAL_NVIC_SetPendingIRQ                            build/stm32f3xx_hal_cortex.o
HAL_NVIC_SetPriority                              build/stm32f3xx_hal_cortex.o
                                                  build/stm32f3xx_hal.o
                                                  build/init.o
                                                  build/stm32f3xx_hal_msp.o
HAL_NVIC_SetPriorityGrouping                      build/stm32f3xx_hal_cortex.o
                                                  build/stm32f3xx_hal.o
                                                  build/stm32f3xx_hal_msp.o
HAL_NVIC_SystemReset                              build/stm32f3xx_hal_cortex.o
HAL_PWR_ConfigPVD                                 build/stm32f3xx_hal_pwr_ex.o
HAL_PWR_DeInit                                    build/stm32f3xx_hal_pwr.o
HAL_PWR_DisableBkUpAccess                         build/stm32f3xx_hal_pwr.o
HAL_PWR_DisablePVD                                build/stm32f3xx_hal_pwr_ex.o
HAL_PWR_DisableSEVOnPend                          build/stm32f3xx_hal_pwr.o
HAL_PWR_DisableSleepOnExit                        build/stm32f3xx_hal_pwr.o
HAL_PWR_DisableWakeUpPin                          build/stm32f3xx_hal_pwr.o
HAL_PWR_EnableBkUpAccess                          build/stm32f3xx_hal_pwr.o
HAL_PWR_EnablePVD                                 build/stm32f3xx_hal_pwr_ex.o
HAL_PWR_EnableSEVOnPend                           build/stm32f3xx_hal_pwr.o
HAL_PWR_EnableSleepOnExit                         build/stm32f3xx_hal_pwr.o
HAL_PWR_EnableWakeUpPin                           build/stm32f3xx_hal_pwr.o
HAL_PWR_EnterSLEEPMode                            build/stm32f3xx_hal_pwr.o
HAL_PWR_EnterSTANDBYMode                          build/stm32f3xx_hal_pwr.o
HAL_PWR_EnterSTOPMode                             build/stm32f3xx_hal_pwr.o
HAL_PWR_PVDCallback                               build/stm32f3xx_hal_pwr_ex.o
HAL_PWR_PVD_IRQHandler                            build/stm32f3xx_hal_pwr_ex.o
HAL_RCCEx_GetPeriphCLKConfig                      build/stm32f3xx_hal_rcc_ex.o
HAL_RCCEx_GetPeriphCLKFreq                        build/stm32f3xx_hal_rcc_ex.o
HAL_RCCEx_PeriphCLKConfig                         build/stm32f3xx_hal_rcc_ex.o
                                                  build/init.o
HAL_RCC_CSSCallback                               build/stm32f3xx_hal_rcc.o
HAL_RCC_ClockConfig                               build/stm32f3xx_hal_rcc.o
                                                  build/init.o
HAL_RCC_DeInit                                    build/stm32f3xx_hal_rcc.o
HAL_RCC_DisableCSS                                build/stm32f3xx_hal_rcc.o
HAL_RCC_EnableCSS                                 build/stm32f3xx_hal_rcc.o
HAL_RCC_GetClockConfig                            build/stm32f3xx_hal_rcc.o
HAL_RCC_GetHCLKFreq                               build/stm32f3xx_hal_rcc.o
                                                  build/init.o
HAL_RCC_GetOscConfig                              build/stm32f3xx_hal_rcc.o
HAL_RCC_GetPCLK1Freq                              build/stm32f3xx_hal_rcc.o
                                                  build/stm32f3xx_hal_rcc_ex.o
                                                  build/stm32f3xx_hal_uart.o
HAL_RCC_GetPCLK2Freq                              build/stm32f3xx_hal_rcc.o
                                                  build/stm32f3xx_hal_uart.o
HAL_RCC_GetSysClockFreq                           build/stm32f3xx_hal_rcc.o
                                                  build/stm32f3xx_hal_rcc_ex.o
                                                  build/stm32f3xx_hal_uart.o
HAL_RCC_MCOConfig                                 build/stm32f3xx_hal_rcc.o
HAL_RCC_NMI_IRQHandler                            build/stm32f3xx_hal_rcc.o
HAL_RCC_OscConfig                                 build/stm32f3xx_hal_rcc.o
                                                  build/init.o
HAL_RS485Ex_Init                                  build/stm32f3xx_hal_uart_ex.o
HAL_RTCEx_AlarmBEventCallback                     build/stm32f3xx_hal_rtc_ex.o
                                                  build/stm32f3xx_hal_rtc.o
HAL_RTCEx_BKUPRead                                build/stm32f3xx_hal_rtc_ex.o
                                                  build/init.o
HAL_RTCEx_BKUPWrite                               build/stm32f3xx_hal_rtc_ex.o
                                                  build/init.o
HAL_RTCEx_DeactivateCalibrationOutPut             build/stm32f3xx_hal_rtc_ex.o
HAL_RTCEx_DeactivateRefClock                      build/stm32f3xx_hal_rtc_ex.o
HAL_RTCEx_DeactivateTamper                        build/stm32f3xx_hal_rtc_ex.o
HAL_RTCEx_DeactivateTimeStamp                     build/stm32f3xx_hal_rtc_ex.o
HAL_RTCEx_DeactivateWakeUpTimer                   build/stm32f3xx_hal_rtc_ex.o
HAL_RTCEx_DisableBypassShadow                     build/stm32f3xx_hal_rtc_ex.o
HAL_RTCEx_EnableBypassShadow                      build/stm32f3xx_hal_rtc_ex.o
HAL_RTCEx_GetTimeStamp                            build/stm32f3xx_hal_rtc_ex.o
HAL_RTCEx_GetWakeUpTimer                          build/stm32f3xx_hal_rtc_ex.o
HAL_RTCEx_PollForAlarmBEvent                      build/stm32f3xx_hal_rtc_ex.o
HAL_RTCEx_PollForTamper1Event                     build/stm32f3xx_hal_rtc_ex.o
HAL_RTCEx_PollForTamper2Event                     build/stm32f3xx_hal_rtc_ex.o
HAL_RTCEx_PollForTimeStampEvent                   build/stm32f3xx_hal_rtc_ex.o
HAL_RTCEx_PollForWakeUpTimerEvent                 build/stm32f3xx_hal_rtc_ex.o
HAL_RTCEx_SetCalibrationOutPut                    build/stm32f3xx_hal_rtc_ex.o
HAL_RTCEx_SetRefClock                             build/stm32f3xx_hal_rtc_ex.o
HAL_RTCEx_SetSmoothCalib                          build/stm32f3xx_hal_rtc_ex.o
HAL_RTCEx_SetSynchroShift                         build/stm32f3xx_hal_rtc_ex.o
HAL_RTCEx_SetTamper                               build/stm32f3xx_hal_rtc_ex.o
HAL_RTCEx_SetTamper_IT                            build/stm32f3xx_hal_rtc_ex.o
HAL_RTCEx_SetTimeStamp                            build/stm32f3xx_hal_rtc_ex.o
HAL_RTCEx_SetTimeStamp_IT                         build/stm32f3xx_hal_rtc_ex.o
HAL_RTCEx_SetWakeUpTimer                          build/stm32f3xx_hal_rtc_ex.o
HAL_RTCEx_SetWakeUpTimer_IT                       build/stm32f3xx_hal_rtc_ex.o
HAL_RTCEx_Tamper1EventCallback                    build/stm32f3xx_hal_rtc_ex.o
HAL_RTCEx_Tamper2EventCallback                    build/stm32f3xx_hal_rtc_ex.o
HAL_RTCEx_TamperTimeStampIRQHandler               build/stm32f3xx_hal_rtc_ex.o
HAL_RTCEx_TimeStampEventCallback                  build/stm32f3xx_hal_rtc_ex.o
HAL_RTCEx_WakeUpTimerEventCallback                build/stm32f3xx_hal_rtc_ex.o
HAL_RTCEx_WakeUpTimerIRQHandler                   build/stm32f3xx_hal_rtc_ex.o
HAL_RTC_AlarmAEventCallback                       build/stm32f3xx_hal_rtc.o
HAL_RTC_AlarmIRQHandler                           build/stm32f3xx_hal_rtc.o
HAL_RTC_DeInit                                    build/stm32f3xx_hal_rtc.o
HAL_RTC_DeactivateAlarm                           build/stm32f3xx_hal_rtc.o
HAL_RTC_GetAlarm                                  build/stm32f3xx_hal_rtc.o
HAL_RTC_GetDate                                   build/stm32f3xx_hal_rtc.o
HAL_RTC_GetState                                  build/stm32f3xx_hal_rtc.o
HAL_RTC_GetTime                                   build/stm32f3xx_hal_rtc.o
HAL_RTC_Init                                      build/stm32f3xx_hal_rtc.o
                                                  build/init.o
HAL_RTC_MspDeInit                                 build/stm32f3xx_hal_msp.o
                                                  build/stm32f3xx_hal_rtc.o
HAL_RTC_MspInit                                   build/stm32f3xx_hal_msp.o
                                                  build/stm32f3xx_hal_rtc.o
HAL_RTC_PollForAlarmAEvent                        build/stm32f3xx_hal_rtc.o
HAL_RTC_SetAlarm                                  build/stm32f3xx_hal_rtc.o
                                                  build/init.o
HAL_RTC_SetAlarm_IT                               build/stm32f3xx_hal_rtc.o
HAL_RTC_SetDate                                   build/stm32f3xx_hal_rtc.o
                                                  build/init.o
HAL_RTC_SetTime                                   build/stm32f3xx_hal_rtc.o
                                                  build/init.o
HAL_RTC_WaitForSynchro                            build/stm32f3xx_hal_rtc.o
                                                  build/stm32f3xx_hal_rtc_ex.o
HAL_ResumeTick                                    build/stm32f3xx_hal.o
HAL_SPIEx_FlushRxFifo                             build/stm32f3xx_hal_spi_ex.o
HAL_SPI_Abort                                     build/stm32f3xx_hal_spi.o
HAL_SPI_AbortCpltCallback                         build/stm32f3xx_hal_spi.o
HAL_SPI_Abort_IT                                  build/stm32f3xx_hal_spi.o
HAL_SPI_DMAPause                                  build/stm32f3xx_hal_spi.o
HAL_SPI_DMAResume                                 build/stm32f3xx_hal_spi.o
HAL_SPI_DMAStop                                   build/stm32f3xx_hal_spi.o
HAL_SPI_DeInit                                    build/stm32f3xx_hal_spi.o
HAL_SPI_ErrorCallback                             build/stm32f3xx_hal_spi.o
HAL_SPI_GetError                                  build/stm32f3xx_hal_spi.o
HAL_SPI_GetState                                  build/stm32f3xx_hal_spi.o
HAL_SPI_IRQHandler                                build/stm32f3xx_hal_spi.o
HAL_SPI_Init                                      build/stm32f3xx_hal_spi.o
                                                  build/init.o
HAL_SPI_MspDeInit                                 build/stm32f3xx_hal_msp.o
HAL_SPI_MspInit                                   build/stm32f3xx_hal_msp.o
HAL_SPI_Receive                                   build/stm32f3xx_hal_spi.o
HAL_SPI_Receive_DMA                               build/stm32f3xx_hal_spi.o
HAL_SPI_Receive_IT                                build/stm32f3xx_hal_spi.o
HAL_SPI_RxCpltCallback                            build/stm32f3xx_hal_spi.o
HAL_SPI_RxHalfCpltCallback                        build/stm32f3xx_hal_spi.o
HAL_SPI_Transmit                                  build/stm32f3xx_hal_spi.o
HAL_SPI_TransmitReceive                           build/stm32f3xx_hal_spi.o
HAL_SPI_TransmitReceive_DMA                       build/stm32f3xx_hal_spi.o
HAL_SPI_TransmitReceive_IT                        build/stm32f3xx_hal_spi.o
HAL_SPI_Transmit_DMA                              build/stm32f3xx_hal_spi.o
HAL_SPI_Transmit_IT                               build/stm32f3xx_hal_spi.o
HAL_SPI_TxCpltCallback                            build/stm32f3xx_hal_spi.o
HAL_SPI_TxHalfCpltCallback                        build/stm32f3xx_hal_spi.o
HAL_SPI_TxRxCpltCallback                          build/stm32f3xx_hal_spi.o
HAL_SPI_TxRxHalfCpltCallback                      build/stm32f3xx_hal_spi.o
HAL_SYSTICK_CLKSourceConfig                       build/stm32f3xx_hal_cortex.o
                                                  build/init.o
HAL_SYSTICK_Callback                              build/stm32f3xx_hal_cortex.o
HAL_SYSTICK_Config                                build/stm32f3xx_hal_cortex.o
                                                  build/stm32f3xx_hal.o
                                                  build/init.o
HAL_SYSTICK_IRQHandler                            build/stm32f3xx_hal_cortex.o
                                                  build/stm32f3xx_it.o
HAL_SuspendTick                                   build/stm32f3xx_hal.o
HAL_UARTEx_DisableStopMode                        build/stm32f3xx_hal_uart_ex.o
HAL_UARTEx_EnableStopMode                         build/stm32f3xx_hal_uart_ex.o
HAL_UARTEx_StopModeWakeUpSourceConfig             build/stm32f3xx_hal_uart_ex.o
HAL_UARTEx_WakeupCallback                         build/stm32f3xx_hal_uart_ex.o
                                                  build/stm32f3xx_hal_uart.o
HAL_UART_Abort                                    build/stm32f3xx_hal_uart.o
HAL_UART_AbortCpltCallback                        build/stm32f3xx_hal_uart.o
HAL_UART_AbortReceive                             build/stm32f3xx_hal_uart.o
HAL_UART_AbortReceiveCpltCallback                 build/stm32f3xx_hal_uart.o
HAL_UART_AbortReceive_IT                          build/stm32f3xx_hal_uart.o
HAL_UART_AbortTransmit                            build/stm32f3xx_hal_uart.o
HAL_UART_AbortTransmitCpltCallback                build/stm32f3xx_hal_uart.o
HAL_UART_AbortTransmit_IT                         build/stm32f3xx_hal_uart.o
HAL_UART_Abort_IT                                 build/stm32f3xx_hal_uart.o
HAL_UART_DMAPause                                 build/stm32f3xx_hal_uart.o
HAL_UART_DMAResume                                build/stm32f3xx_hal_uart.o
HAL_UART_DMAStop                                  build/stm32f3xx_hal_uart.o
HAL_UART_DeInit                                   build/stm32f3xx_hal_uart.o
HAL_UART_ErrorCallback                            build/stm32f3xx_hal_uart.o
HAL_UART_GetError                                 build/stm32f3xx_hal_uart.o
HAL_UART_GetState                                 build/stm32f3xx_hal_uart.o
HAL_UART_IRQHandler                               build/stm32f3xx_hal_uart.o
HAL_UART_Init                                     build/stm32f3xx_hal_uart.o
                                                  build/init.o
HAL_UART_MspDeInit                                build/stm32f3xx_hal_msp.o
                                                  build/stm32f3xx_hal_uart.o
HAL_UART_MspInit                                  build/stm32f3xx_hal_msp.o
                                                  build/stm32f3xx_hal_uart.o
                                                  build/stm32f3xx_hal_uart_ex.o
HAL_UART_Receive                                  build/stm32f3xx_hal_uart.o
HAL_UART_Receive_DMA                              build/stm32f3xx_hal_uart.o
HAL_UART_Receive_IT                               build/stm32f3xx_hal_uart.o
HAL_UART_RxCpltCallback                           build/stm32f3xx_hal_uart.o
HAL_UART_RxHalfCpltCallback                       build/stm32f3xx_hal_uart.o
HAL_UART_Transmit                                 build/stm32f3xx_hal_uart.o
HAL_UART_Transmit_DMA                             build/stm32f3xx_hal_uart.o
HAL_UART_Transmit_IT                              build/stm32f3xx_hal_uart.o
HAL_UART_TxCpltCallback                           build/stm32f3xx_hal_uart.o
HAL_UART_TxHalfCpltCallback                       build/stm32f3xx_hal_uart.o
HRTIM1_FLT_IRQHandler                             build/startup_stm32f334x8.o
HRTIM1_Master_IRQHandler                          build/startup_stm32f334x8.o
HRTIM1_TIMA_IRQHandler                            build/startup_stm32f334x8.o
HRTIM1_TIMB_IRQHandler                            build/startup_stm32f334x8.o
HRTIM1_TIMC_IRQHandler                            build/startup_stm32f334x8.o
HRTIM1_TIMD_IRQHandler                            build/startup_stm32f334x8.o
HRTIM1_TIME_IRQHandler                            build/startup_stm32f334x8.o
HardFault_Handler                                 build/stm32f3xx_it.o
I2C1_ER_IRQHandler                                build/startup_stm32f334x8.o
I2C1_EV_IRQHandler                                build/startup_stm32f334x8.o
MX_ADC1_Init                                      build/init.o
                                                  build/main.o
MX_ADC2_Init                                      build/init.o
                                                  build/main.o
MX_CAN_Init                                       build/init.o
                                                  build/main.o
MX_DMA_Init                                       build/init.o
                                                  build/main.o
MX_GPIO_Init                                      build/init.o
                                                  build/main.o
MX_RTC_Init                                       build/init.o
                                                  build/main.o
MX_SPI1_Init                                      build/init.o
                                                  build/main.o
MX_USART3_UART_Init                               build/init.o
                                                  build/main.o
MemManage_Handler                                 build/stm32f3xx_it.o
NMI_Handler                                       build/stm32f3xx_it.o
PVD_IRQHandler                                    build/startup_stm32f334x8.o
PendSV_Handler                                    build/stm32f3xx_it.o
RCC_IRQHandler                                    build/startup_stm32f334x8.o
RTC_Alarm_IRQHandler                              build/startup_stm32f334x8.o
RTC_Bcd2ToByte                                    build/stm32f3xx_hal_rtc.o
                                                  build/stm32f3xx_hal_rtc_ex.o
RTC_ByteToBcd2                                    build/stm32f3xx_hal_rtc.o
RTC_EnterInitMode                                 build/stm32f3xx_hal_rtc.o
                                                  build/stm32f3xx_hal_rtc_ex.o
RTC_WKUP_IRQHandler                               build/startup_stm32f334x8.o
Reset_Handler                                     build/startup_stm32f334x8.o
SPI1_IRQHandler                                   build/startup_stm32f334x8.o
SVC_Handler                                       build/stm32f3xx_it.o
SysTick_Handler                                   build/stm32f3xx_it.o
SystemClock_Config                                build/init.o
                                                  build/main.o
SystemCoreClock                                   build/system_stm32f3xx.o
                                                  build/stm32f3xx_hal.o
                                                  build/stm32f3xx_hal_spi.o
                                                  build/stm32f3xx_hal_adc_ex.o
                                                  build/stm32f3xx_hal_rcc_ex.o
                                                  build/stm32f3xx_hal_rcc.o
SystemCoreClockUpdate                             build/system_stm32f3xx.o
SystemInit                                        build/system_stm32f3xx.o
                                                  build/startup_stm32f334x8.o
TAMP_STAMP_IRQHandler                             build/startup_stm32f334x8.o
TIM1_BRK_TIM15_IRQHandler                         build/startup_stm32f334x8.o
TIM1_CC_IRQHandler                                build/startup_stm32f334x8.o
TIM1_TRG_COM_TIM17_IRQHandler                     build/startup_stm32f334x8.o
TIM1_UP_TIM16_IRQHandler                          build/startup_stm32f334x8.o
TIM2_IRQHandler                                   build/startup_stm32f334x8.o
TIM3_IRQHandler                                   build/startup_stm32f334x8.o
TIM6_DAC1_IRQHandler                              build/startup_stm32f334x8.o
TIM7_DAC2_IRQHandler                              build/startup_stm32f334x8.o
UART_AdvFeatureConfig                             build/stm32f3xx_hal_uart.o
                                                  build/stm32f3xx_hal_uart_ex.o
UART_CheckIdleState                               build/stm32f3xx_hal_uart.o
                                                  build/stm32f3xx_hal_uart_ex.o
UART_EndTransmit_IT                               build/stm32f3xx_hal_uart.o
UART_Receive_IT                                   build/stm32f3xx_hal_uart.o
UART_SetConfig                                    build/stm32f3xx_hal_uart.o
                                                  build/stm32f3xx_hal_uart_ex.o
UART_Transmit_IT                                  build/stm32f3xx_hal_uart.o
UART_WaitOnFlagUntilTimeout                       build/stm32f3xx_hal_uart.o
                                                  build/stm32f3xx_hal_uart_ex.o
UART_Wakeup_AddressConfig                         build/stm32f3xx_hal_uart.o
                                                  build/stm32f3xx_hal_uart_ex.o
USART1_IRQHandler                                 build/startup_stm32f334x8.o
USART2_IRQHandler                                 build/startup_stm32f334x8.o
USART3_IRQHandler                                 build/startup_stm32f334x8.o
UsageFault_Handler                                build/stm32f3xx_it.o
WWDG_IRQHandler                                   build/startup_stm32f334x8.o
_Error_Handler                                    build/error_handler.o
                                                  build/init.o
                                                  build/stm32f3xx_hal_msp.o
_Jv_RegisterClasses                               /usr/local/Caskroom/gcc-arm-embedded/6-2017-q1-update/gcc-arm-none-eabi-6-2017-q1-update/bin/../lib/gcc/arm-none-eabi/6.3.1/thumb/v7e-m/fpv4-sp/hard/crtbegin.o
__bss_end__                                       /usr/local/Caskroom/gcc-arm-embedded/6-2017-q1-update/gcc-arm-none-eabi-6-2017-q1-update/bin/../lib/gcc/arm-none-eabi/6.3.1/../../../../arm-none-eabi/lib/thumb/v7e-m/fpv4-sp/hard/crt0.o
__bss_start__                                     /usr/local/Caskroom/gcc-arm-embedded/6-2017-q1-update/gcc-arm-none-eabi-6-2017-q1-update/bin/../lib/gcc/arm-none-eabi/6.3.1/../../../../arm-none-eabi/lib/thumb/v7e-m/fpv4-sp/hard/crt0.o
__call_exitprocs                                  /usr/local/Caskroom/gcc-arm-embedded/6-2017-q1-update/gcc-arm-none-eabi-6-2017-q1-update/bin/../lib/gcc/arm-none-eabi/6.3.1/../../../../arm-none-eabi/lib/thumb/v7e-m/fpv4-sp/hard/libc_nano.a(lib_a-exit.o)
__deregister_frame_info                           /usr/local/Caskroom/gcc-arm-embedded/6-2017-q1-update/gcc-arm-none-eabi-6-2017-q1-update/bin/../lib/gcc/arm-none-eabi/6.3.1/thumb/v7e-m/fpv4-sp/hard/crtbegin.o
__dso_handle                                      /usr/local/Caskroom/gcc-arm-embedded/6-2017-q1-update/gcc-arm-none-eabi-6-2017-q1-update/bin/../lib/gcc/arm-none-eabi/6.3.1/thumb/v7e-m/fpv4-sp/hard/crtbegin.o
__init_array_end                                  /usr/local/Caskroom/gcc-arm-embedded/6-2017-q1-update/gcc-arm-none-eabi-6-2017-q1-update/bin/../lib/gcc/arm-none-eabi/6.3.1/../../../../arm-none-eabi/lib/thumb/v7e-m/fpv4-sp/hard/libc_nano.a(lib_a-init.o)
__init_array_start                                /usr/local/Caskroom/gcc-arm-embedded/6-2017-q1-update/gcc-arm-none-eabi-6-2017-q1-update/bin/../lib/gcc/arm-none-eabi/6.3.1/../../../../arm-none-eabi/lib/thumb/v7e-m/fpv4-sp/hard/libc_nano.a(lib_a-init.o)
__libc_fini_array                                 /usr/local/Caskroom/gcc-arm-embedded/6-2017-q1-update/gcc-arm-none-eabi-6-2017-q1-update/bin/../lib/gcc/arm-none-eabi/6.3.1/../../../../arm-none-eabi/lib/thumb/v7e-m/fpv4-sp/hard/crt0.o
__libc_init_array                                 /usr/local/Caskroom/gcc-arm-embedded/6-2017-q1-update/gcc-arm-none-eabi-6-2017-q1-update/bin/../lib/gcc/arm-none-eabi/6.3.1/../../../../arm-none-eabi/lib/thumb/v7e-m/fpv4-sp/hard/libc_nano.a(lib_a-init.o)
                                                  build/startup_stm32f334x8.o
                                                  /usr/local/Caskroom/gcc-arm-embedded/6-2017-q1-update/gcc-arm-none-eabi-6-2017-q1-update/bin/../lib/gcc/arm-none-eabi/6.3.1/../../../../arm-none-eabi/lib/thumb/v7e-m/fpv4-sp/hard/crt0.o
__preinit_array_end                               /usr/local/Caskroom/gcc-arm-embedded/6-2017-q1-update/gcc-arm-none-eabi-6-2017-q1-update/bin/../lib/gcc/arm-none-eabi/6.3.1/../../../../arm-none-eabi/lib/thumb/v7e-m/fpv4-sp/hard/libc_nano.a(lib_a-init.o)
__preinit_array_start                             /usr/local/Caskroom/gcc-arm-embedded/6-2017-q1-update/gcc-arm-none-eabi-6-2017-q1-update/bin/../lib/gcc/arm-none-eabi/6.3.1/../../../../arm-none-eabi/lib/thumb/v7e-m/fpv4-sp/hard/libc_nano.a(lib_a-init.o)
__register_frame_info                             /usr/local/Caskroom/gcc-arm-embedded/6-2017-q1-update/gcc-arm-none-eabi-6-2017-q1-update/bin/../lib/gcc/arm-none-eabi/6.3.1/thumb/v7e-m/fpv4-sp/hard/crtbegin.o
__sf_fake_stderr                                  /usr/local/Caskroom/gcc-arm-embedded/6-2017-q1-update/gcc-arm-none-eabi-6-2017-q1-update/bin/../lib/gcc/arm-none-eabi/6.3.1/../../../../arm-none-eabi/lib/thumb/v7e-m/fpv4-sp/hard/libc_nano.a(lib_a-impure.o)
__sf_fake_stdin                                   /usr/local/Caskroom/gcc-arm-embedded/6-2017-q1-update/gcc-arm-none-eabi-6-2017-q1-update/bin/../lib/gcc/arm-none-eabi/6.3.1/../../../../arm-none-eabi/lib/thumb/v7e-m/fpv4-sp/hard/libc_nano.a(lib_a-impure.o)
__sf_fake_stdout                                  /usr/local/Caskroom/gcc-arm-embedded/6-2017-q1-update/gcc-arm-none-eabi-6-2017-q1-update/bin/../lib/gcc/arm-none-eabi/6.3.1/../../../../arm-none-eabi/lib/thumb/v7e-m/fpv4-sp/hard/libc_nano.a(lib_a-impure.o)
__stack                                           /usr/local/Caskroom/gcc-arm-embedded/6-2017-q1-update/gcc-arm-none-eabi-6-2017-q1-update/bin/../lib/gcc/arm-none-eabi/6.3.1/../../../../arm-none-eabi/lib/thumb/v7e-m/fpv4-sp/hard/crt0.o
_ebss                                             build/startup_stm32f334x8.o
_edata                                            build/startup_stm32f334x8.o
_estack                                           build/startup_stm32f334x8.o
_exit                                             /usr/local/Caskroom/gcc-arm-embedded/6-2017-q1-update/gcc-arm-none-eabi-6-2017-q1-update/bin/../lib/gcc/arm-none-eabi/6.3.1/../../../../arm-none-eabi/lib/thumb/v7e-m/fpv4-sp/hard/libnosys.a(_exit.o)
                                                  /usr/local/Caskroom/gcc-arm-embedded/6-2017-q1-update/gcc-arm-none-eabi-6-2017-q1-update/bin/../lib/gcc/arm-none-eabi/6.3.1/../../../../arm-none-eabi/lib/thumb/v7e-m/fpv4-sp/hard/libc_nano.a(lib_a-exit.o)
_fini                                             /usr/local/Caskroom/gcc-arm-embedded/6-2017-q1-update/gcc-arm-none-eabi-6-2017-q1-update/bin/../lib/gcc/arm-none-eabi/6.3.1/thumb/v7e-m/fpv4-sp/hard/crti.o
_global_impure_ptr                                /usr/local/Caskroom/gcc-arm-embedded/6-2017-q1-update/gcc-arm-none-eabi-6-2017-q1-update/bin/../lib/gcc/arm-none-eabi/6.3.1/../../../../arm-none-eabi/lib/thumb/v7e-m/fpv4-sp/hard/libc_nano.a(lib_a-impure.o)
                                                  /usr/local/Caskroom/gcc-arm-embedded/6-2017-q1-update/gcc-arm-none-eabi-6-2017-q1-update/bin/../lib/gcc/arm-none-eabi/6.3.1/../../../../arm-none-eabi/lib/thumb/v7e-m/fpv4-sp/hard/libc_nano.a(lib_a-exit.o)
_impure_ptr                                       /usr/local/Caskroom/gcc-arm-embedded/6-2017-q1-update/gcc-arm-none-eabi-6-2017-q1-update/bin/../lib/gcc/arm-none-eabi/6.3.1/../../../../arm-none-eabi/lib/thumb/v7e-m/fpv4-sp/hard/libc_nano.a(lib_a-impure.o)
_init                                             /usr/local/Caskroom/gcc-arm-embedded/6-2017-q1-update/gcc-arm-none-eabi-6-2017-q1-update/bin/../lib/gcc/arm-none-eabi/6.3.1/thumb/v7e-m/fpv4-sp/hard/crti.o
                                                  /usr/local/Caskroom/gcc-arm-embedded/6-2017-q1-update/gcc-arm-none-eabi-6-2017-q1-update/bin/../lib/gcc/arm-none-eabi/6.3.1/../../../../arm-none-eabi/lib/thumb/v7e-m/fpv4-sp/hard/libc_nano.a(lib_a-init.o)
_mainCRTStartup                                   /usr/local/Caskroom/gcc-arm-embedded/6-2017-q1-update/gcc-arm-none-eabi-6-2017-q1-update/bin/../lib/gcc/arm-none-eabi/6.3.1/../../../../arm-none-eabi/lib/thumb/v7e-m/fpv4-sp/hard/crt0.o
_sbss                                             build/startup_stm32f334x8.o
_sdata                                            build/startup_stm32f334x8.o
_sidata                                           build/startup_stm32f334x8.o
_start                                            /usr/local/Caskroom/gcc-arm-embedded/6-2017-q1-update/gcc-arm-none-eabi-6-2017-q1-update/bin/../lib/gcc/arm-none-eabi/6.3.1/../../../../arm-none-eabi/lib/thumb/v7e-m/fpv4-sp/hard/crt0.o
aPLLMULFactorTable                                build/stm32f3xx_hal_rcc.o
aPredivFactorTable                                build/stm32f3xx_hal_rcc.o