Archive member included to satisfy reference by file (symbol)

/usr/local/Caskroom/gcc-arm-embedded/6-2017-q1-update/gcc-arm-none-eabi-6-2017-q1-update/bin/../lib/gcc/arm-none-eabi/6.3.1/../../../../arm-none-eabi/lib/thumb/v7e-m/fpv4-sp/hard/libc_nano.a(lib_a-exit.o)
                              /usr/local/Caskroom/gcc-arm-embedded/6-2017-q1-update/gcc-arm-none-eabi-6-2017-q1-update/bin/../lib/gcc/arm-none-eabi/6.3.1/../../../../arm-none-eabi/lib/thumb/v7e-m/fpv4-sp/hard/crt0.o (exit)
/usr/local/Caskroom/gcc-arm-embedded/6-2017-q1-update/gcc-arm-none-eabi-6-2017-q1-update/bin/../lib/gcc/arm-none-eabi/6.3.1/../../../../arm-none-eabi/lib/thumb/v7e-m/fpv4-sp/hard/libc_nano.a(lib_a-impure.o)
                              /usr/local/Caskroom/gcc-arm-embedded/6-2017-q1-update/gcc-arm-none-eabi-6-2017-q1-update/bin/../lib/gcc/arm-none-eabi/6.3.1/../../../../arm-none-eabi/lib/thumb/v7e-m/fpv4-sp/hard/libc_nano.a(lib_a-exit.o) (_global_impure_ptr)
/usr/local/Caskroom/gcc-arm-embedded/6-2017-q1-update/gcc-arm-none-eabi-6-2017-q1-update/bin/../lib/gcc/arm-none-eabi/6.3.1/../../../../arm-none-eabi/lib/thumb/v7e-m/fpv4-sp/hard/libc_nano.a(lib_a-init.o)
                              /usr/local/Caskroom/gcc-arm-embedded/6-2017-q1-update/gcc-arm-none-eabi-6-2017-q1-update/bin/../lib/gcc/arm-none-eabi/6.3.1/../../../../arm-none-eabi/lib/thumb/v7e-m/fpv4-sp/hard/crt0.o (__libc_init_array)
/usr/local/Caskroom/gcc-arm-embedded/6-2017-q1-update/gcc-arm-none-eabi-6-2017-q1-update/bin/../lib/gcc/arm-none-eabi/6.3.1/../../../../arm-none-eabi/lib/thumb/v7e-m/fpv4-sp/hard/libc_nano.a(lib_a-memset.o)
                              /usr/local/Caskroom/gcc-arm-embedded/6-2017-q1-update/gcc-arm-none-eabi-6-2017-q1-update/bin/../lib/gcc/arm-none-eabi/6.3.1/../../../../arm-none-eabi/lib/thumb/v7e-m/fpv4-sp/hard/crt0.o (memset)
/usr/local/Caskroom/gcc-arm-embedded/6-2017-q1-update/gcc-arm-none-eabi-6-2017-q1-update/bin/../lib/gcc/arm-none-eabi/6.3.1/../../../../arm-none-eabi/lib/thumb/v7e-m/fpv4-sp/hard/libnosys.a(_exit.o)
                              /usr/local/Caskroom/gcc-arm-embedded/6-2017-q1-update/gcc-arm-none-eabi-6-2017-q1-update/bin/../lib/gcc/arm-none-eabi/6.3.1/../../../../arm-none-eabi/lib/thumb/v7e-m/fpv4-sp/hard/libc_nano.a(lib_a-exit.o) (_exit)

Allocating common symbols
Common symbol       size              file

huart3              0x70              build/usart.o
hadc2               0x54              build/adc.o
Cell_array          0xf0              build/LTC6804.o
status_B_6804_2     0x6               build/LTC6804.o
hcan                0x40              build/can.o
uwTick              0x4               build/stm32f3xx_hal.o
pFlash              0x20              build/stm32f3xx_hal_flash.o
status_A_6804_2     0x6               build/LTC6804.o
hadc1               0x54              build/adc.o
RTCdate             0x4               build/main.o
SPI_recieve_buffer  0xc               build/main.o
hdma_adc1           0x44              build/adc.o
hrtc                0x20              build/rtc.o
UART_transmit_buffer
                    0x78              build/main.o
config_6804_2_buffer
                    0x6               build/LTC6804.o
hspi1               0x64              build/spi.o
SPI_transmit_buffer
                    0xc               build/main.o
globalTick          0x4               build/stm32f3xx_hal_gpio.o
RTCtime             0x14              build/main.o

Discarded input sections

 .text          0x0000000000000000        0x0 /usr/local/Caskroom/gcc-arm-embedded/6-2017-q1-update/gcc-arm-none-eabi-6-2017-q1-update/bin/../lib/gcc/arm-none-eabi/6.3.1/thumb/v7e-m/fpv4-sp/hard/crti.o
 .data          0x0000000000000000        0x0 /usr/local/Caskroom/gcc-arm-embedded/6-2017-q1-update/gcc-arm-none-eabi-6-2017-q1-update/bin/../lib/gcc/arm-none-eabi/6.3.1/thumb/v7e-m/fpv4-sp/hard/crti.o
 .bss           0x0000000000000000        0x0 /usr/local/Caskroom/gcc-arm-embedded/6-2017-q1-update/gcc-arm-none-eabi-6-2017-q1-update/bin/../lib/gcc/arm-none-eabi/6.3.1/thumb/v7e-m/fpv4-sp/hard/crti.o
 .data          0x0000000000000000        0x4 /usr/local/Caskroom/gcc-arm-embedded/6-2017-q1-update/gcc-arm-none-eabi-6-2017-q1-update/bin/../lib/gcc/arm-none-eabi/6.3.1/thumb/v7e-m/fpv4-sp/hard/crtbegin.o
 .text          0x0000000000000000       0x74 /usr/local/Caskroom/gcc-arm-embedded/6-2017-q1-update/gcc-arm-none-eabi-6-2017-q1-update/bin/../lib/gcc/arm-none-eabi/6.3.1/../../../../arm-none-eabi/lib/thumb/v7e-m/fpv4-sp/hard/crt0.o
 .data          0x0000000000000000        0x0 /usr/local/Caskroom/gcc-arm-embedded/6-2017-q1-update/gcc-arm-none-eabi-6-2017-q1-update/bin/../lib/gcc/arm-none-eabi/6.3.1/../../../../arm-none-eabi/lib/thumb/v7e-m/fpv4-sp/hard/crt0.o
 .bss           0x0000000000000000        0x0 /usr/local/Caskroom/gcc-arm-embedded/6-2017-q1-update/gcc-arm-none-eabi-6-2017-q1-update/bin/../lib/gcc/arm-none-eabi/6.3.1/../../../../arm-none-eabi/lib/thumb/v7e-m/fpv4-sp/hard/crt0.o
[...]
Memory Configuration

Name             Origin             Length             Attributes
RAM              0x0000000020000000 0x0000000000003000 xrw
CCMRAM           0x0000000010000000 0x0000000000001000 rw
FLASH            0x0000000008000000 0x0000000000010000 xr
*default*        0x0000000000000000 0xffffffffffffffff

Linker script and memory map

LOAD /usr/local/Caskroom/gcc-arm-embedded/6-2017-q1-update/gcc-arm-none-eabi-6-2017-q1-update/bin/../lib/gcc/arm-none-eabi/6.3.1/thumb/v7e-m/fpv4-sp/hard/crti.o
LOAD /usr/local/Caskroom/gcc-arm-embedded/6-2017-q1-update/gcc-arm-none-eabi-6-2017-q1-update/bin/../lib/gcc/arm-none-eabi/6.3.1/thumb/v7e-m/fpv4-sp/hard/crtbegin.o
LOAD /usr/local/Caskroom/gcc-arm-embedded/6-2017-q1-update/gcc-arm-none-eabi-6-2017-q1-update/bin/../lib/gcc/arm-none-eabi/6.3.1/../../../../arm-none-eabi/lib/thumb/v7e-m/fpv4-sp/hard/crt0.o
LOAD build/stm32f3xx_hal_gpio.o
LOAD build/stm32f3xx_hal_uart_ex.o
LOAD build/stm32f3xx_hal_tim.o
LOAD build/stm32f3xx_hal_uart.o
LOAD build/system_stm32f3xx.o
LOAD build/stm32f3xx_hal_flash_ex.o
LOAD build/stm32f3xx_hal_rtc.o
LOAD build/stm32f3xx_hal_rcc.o
LOAD build/stm32f3xx_hal_rtc_ex.o
LOAD build/stm32f3xx_hal_cortex.o
LOAD build/stm32f3xx_hal_msp.o
LOAD build/stm32f3xx_hal_flash.o
LOAD build/stm32f3xx_hal_tim_ex.o
LOAD build/stm32f3xx_hal_i2c_ex.o
LOAD build/stm32f3xx_it.o
LOAD build/stm32f3xx_hal_adc.o
LOAD build/stm32f3xx_hal_pwr.o
LOAD build/main.o
LOAD build/error_handler.o
LOAD build/bms_controller.o
LOAD build/gpio.o
LOAD build/LTC6804.o
LOAD build/PEC15.o
LOAD build/rtc.o
LOAD build/spi.o
LOAD build/usart.o
LOAD build/can.o
LOAD build/adc.o
LOAD build/dma.o
LOAD build/stm32f3xx_hal_rcc_ex.o
LOAD build/stm32f3xx_hal_can.o
LOAD build/stm32f3xx_hal_i2c.o
LOAD build/stm32f3xx_hal_dma.o
LOAD build/stm32f3xx_hal_adc_ex.o
LOAD build/stm32f3xx_hal_pwr_ex.o
LOAD build/stm32f3xx_hal_spi.o
LOAD build/stm32f3xx_hal_spi_ex.o
LOAD build/stm32f3xx_hal.o
LOAD build/startup_stm32f334x8.o
LOAD /usr/local/Caskroom/gcc-arm-embedded/6-2017-q1-update/gcc-arm-none-eabi-6-2017-q1-update/bin/../lib/gcc/arm-none-eabi/6.3.1/../../../../arm-none-eabi/lib/thumb/v7e-m/fpv4-sp/hard/libc_nano.a
LOAD /usr/local/Caskroom/gcc-arm-embedded/6-2017-q1-update/gcc-arm-none-eabi-6-2017-q1-update/bin/../lib/gcc/arm-none-eabi/6.3.1/../../../../arm-none-eabi/lib/thumb/v7e-m/fpv4-sp/hard/libm.a
LOAD /usr/local/Caskroom/gcc-arm-embedded/6-2017-q1-update/gcc-arm-none-eabi-6-2017-q1-update/bin/../lib/gcc/arm-none-eabi/6.3.1/../../../../arm-none-eabi/lib/thumb/v7e-m/fpv4-sp/hard/libnosys.a
START GROUP
LOAD /usr/local/Caskroom/gcc-arm-embedded/6-2017-q1-update/gcc-arm-none-eabi-6-2017-q1-update/bin/../lib/gcc/arm-none-eabi/6.3.1/thumb/v7e-m/fpv4-sp/hard/libgcc.a
LOAD /usr/local/Caskroom/gcc-arm-embedded/6-2017-q1-update/gcc-arm-none-eabi-6-2017-q1-update/bin/../lib/gcc/arm-none-eabi/6.3.1/../../../../arm-none-eabi/lib/thumb/v7e-m/fpv4-sp/hard/libc_nano.a
END GROUP
START GROUP
LOAD /usr/local/Caskroom/gcc-arm-embedded/6-2017-q1-update/gcc-arm-none-eabi-6-2017-q1-update/bin/../lib/gcc/arm-none-eabi/6.3.1/thumb/v7e-m/fpv4-sp/hard/libgcc.a
LOAD /usr/local/Caskroom/gcc-arm-embedded/6-2017-q1-update/gcc-arm-none-eabi-6-2017-q1-update/bin/../lib/gcc/arm-none-eabi/6.3.1/../../../../arm-none-eabi/lib/thumb/v7e-m/fpv4-sp/hard/libc_nano.a
END GROUP
LOAD /usr/local/Caskroom/gcc-arm-embedded/6-2017-q1-update/gcc-arm-none-eabi-6-2017-q1-update/bin/../lib/gcc/arm-none-eabi/6.3.1/thumb/v7e-m/fpv4-sp/hard/crtend.o
LOAD /usr/local/Caskroom/gcc-arm-embedded/6-2017-q1-update/gcc-arm-none-eabi-6-2017-q1-update/bin/../lib/gcc/arm-none-eabi/6.3.1/thumb/v7e-m/fpv4-sp/hard/crtn.o
                0x0000000020003000                _estack = 0x20003000
                0x0000000000000200                _Min_Heap_Size = 0x200
                0x0000000000000400                _Min_Stack_Size = 0x400

.isr_vector     0x0000000008000000      0x188
                0x0000000008000000                . = ALIGN (0x4)
 *(.isr_vector)
 .isr_vector    0x0000000008000000      0x188 build/startup_stm32f334x8.o
                0x0000000008000000                g_pfnVectors
                0x0000000008000188                . = ALIGN (0x4)

.text           0x0000000008000188     0x31d0
                0x0000000008000188                . = ALIGN (0x4)
 *(.text)
 .text          0x0000000008000188       0x6c /usr/local/Caskroom/gcc-arm-embedded/6-2017-q1-update/gcc-arm-none-eabi-6-2017-q1-update/bin/../lib/gcc/arm-none-eabi/6.3.1/thumb/v7e-m/fpv4-sp/hard/crtbegin.o
 *(.text*)
 .text.HAL_GPIO_Init
                0x00000000080001f4      0x194 build/stm32f3xx_hal_gpio.o
                0x00000000080001f4                HAL_GPIO_Init
 .text.HAL_GPIO_WritePin
                0x0000000008000388        0xa build/stm32f3xx_hal_gpio.o
                0x0000000008000388                HAL_GPIO_WritePin
 *fill*         0x0000000008000392        0x2 
 .text.UART_SetConfig
                0x0000000008000394      0x1b4 build/stm32f3xx_hal_uart.o
                0x0000000008000394                UART_SetConfig
 .text.UART_AdvFeatureConfig
                0x0000000008000548       0xca build/stm32f3xx_hal_uart.o
                0x0000000008000548                UART_AdvFeatureConfig
 .text.UART_WaitOnFlagUntilTimeout
                0x0000000008000612       0x64 build/stm32f3xx_hal_uart.o
                0x0000000008000612                UART_WaitOnFlagUntilTimeout
 .text.UART_CheckIdleState
                0x0000000008000676       0x70 build/stm32f3xx_hal_uart.o
                0x0000000008000676                UART_CheckIdleState
 .text.HAL_UART_Init
                0x00000000080006e6       0x68 build/stm32f3xx_hal_uart.o
                0x00000000080006e6                HAL_UART_Init
 *fill*         0x000000000800074e        0x2 
 .text.SystemInit
                0x0000000008000750       0x68 build/system_stm32f3xx.o
                0x0000000008000750                SystemInit
 .text.HAL_RTC_WaitForSynchro
                0x00000000080007b8       0x32 build/stm32f3xx_hal_rtc.o
                0x00000000080007b8                HAL_RTC_WaitForSynchro
 .text.RTC_EnterInitMode
                0x00000000080007ea       0x3c build/stm32f3xx_hal_rtc.o
                0x00000000080007ea                RTC_EnterInitMode
 .text.HAL_RTC_Init
                0x0000000008000826       0xa4 build/stm32f3xx_hal_rtc.o
                0x0000000008000826                HAL_RTC_Init
 .text.RTC_ByteToBcd2
                0x00000000080008ca       0x16 build/stm32f3xx_hal_rtc.o
                0x00000000080008ca                RTC_ByteToBcd2
 .text.HAL_RTC_SetTime
                0x00000000080008e0       0xfe build/stm32f3xx_hal_rtc.o
                0x00000000080008e0                HAL_RTC_SetTime
 .text.HAL_RTC_SetDate
                0x00000000080009de       0xda build/stm32f3xx_hal_rtc.o
                0x00000000080009de                HAL_RTC_SetDate
 .text.HAL_RTC_SetAlarm
                0x0000000008000ab8      0x160 build/stm32f3xx_hal_rtc.o
                0x0000000008000ab8                HAL_RTC_SetAlarm
 .text.HAL_RCC_OscConfig
                0x0000000008000c18      0x60c build/stm32f3xx_hal_rcc.o
                0x0000000008000c18                HAL_RCC_OscConfig
 .text.HAL_RCC_GetSysClockFreq
                0x0000000008001224       0x70 build/stm32f3xx_hal_rcc.o
                0x0000000008001224                HAL_RCC_GetSysClockFreq
 .text.HAL_RCC_ClockConfig
                0x0000000008001294      0x1d4 build/stm32f3xx_hal_rcc.o
                0x0000000008001294                HAL_RCC_ClockConfig
 .text.HAL_RCC_GetHCLKFreq
                0x0000000008001468        0xc build/stm32f3xx_hal_rcc.o
                0x0000000008001468                HAL_RCC_GetHCLKFreq
 .text.HAL_RCC_GetPCLK1Freq
                0x0000000008001474       0x2c build/stm32f3xx_hal_rcc.o
                0x0000000008001474                HAL_RCC_GetPCLK1Freq
 .text.HAL_RCC_GetPCLK2Freq
                0x00000000080014a0       0x2c build/stm32f3xx_hal_rcc.o
                0x00000000080014a0                HAL_RCC_GetPCLK2Freq
 .text.HAL_RTCEx_BKUPWrite
                0x00000000080014cc        0xa build/stm32f3xx_hal_rtc_ex.o
                0x00000000080014cc                HAL_RTCEx_BKUPWrite
 .text.HAL_RTCEx_BKUPRead
                0x00000000080014d6        0xa build/stm32f3xx_hal_rtc_ex.o
                0x00000000080014d6                HAL_RTCEx_BKUPRead
 .text.HAL_NVIC_SetPriorityGrouping
                0x00000000080014e0       0x24 build/stm32f3xx_hal_cortex.o
                0x00000000080014e0                HAL_NVIC_SetPriorityGrouping
 .text.HAL_NVIC_SetPriority
                0x0000000008001504       0x64 build/stm32f3xx_hal_cortex.o
                0x0000000008001504                HAL_NVIC_SetPriority
 .text.HAL_NVIC_EnableIRQ
                0x0000000008001568       0x18 build/stm32f3xx_hal_cortex.o
                0x0000000008001568                HAL_NVIC_EnableIRQ
 .text.HAL_SYSTICK_Config
                0x0000000008001580       0x2c build/stm32f3xx_hal_cortex.o
                0x0000000008001580                HAL_SYSTICK_Config
 .text.HAL_SYSTICK_CLKSourceConfig
                0x00000000080015ac       0x20 build/stm32f3xx_hal_cortex.o
                0x00000000080015ac                HAL_SYSTICK_CLKSourceConfig
 .text.HAL_SYSTICK_Callback
                0x00000000080015cc        0x2 build/stm32f3xx_hal_cortex.o
                0x00000000080015cc                HAL_SYSTICK_Callback
 .text.HAL_SYSTICK_IRQHandler
                0x00000000080015ce        0x8 build/stm32f3xx_hal_cortex.o
                0x00000000080015ce                HAL_SYSTICK_IRQHandler
 *fill*         0x00000000080015d6        0x2 
 .text.HAL_MspInit
                0x00000000080015d8       0x7c build/stm32f3xx_hal_msp.o
                0x00000000080015d8                HAL_MspInit
 .text.NMI_Handler
                0x0000000008001654        0x2 build/stm32f3xx_it.o
                0x0000000008001654                NMI_Handler
 .text.HardFault_Handler
                0x0000000008001656        0x2 build/stm32f3xx_it.o
                0x0000000008001656                HardFault_Handler
 .text.MemManage_Handler
                0x0000000008001658        0x2 build/stm32f3xx_it.o
                0x0000000008001658                MemManage_Handler
 .text.BusFault_Handler
                0x000000000800165a        0x2 build/stm32f3xx_it.o
                0x000000000800165a                BusFault_Handler
 .text.UsageFault_Handler
                0x000000000800165c        0x2 build/stm32f3xx_it.o
                0x000000000800165c                UsageFault_Handler
 .text.SVC_Handler
                0x000000000800165e        0x2 build/stm32f3xx_it.o
                0x000000000800165e                SVC_Handler
 .text.DebugMon_Handler
                0x0000000008001660        0x2 build/stm32f3xx_it.o
                0x0000000008001660                DebugMon_Handler
 .text.PendSV_Handler
                0x0000000008001662        0x2 build/stm32f3xx_it.o
                0x0000000008001662                PendSV_Handler
 .text.SysTick_Handler
                0x0000000008001664        0xc build/stm32f3xx_it.o
                0x0000000008001664                SysTick_Handler
 .text.DMA1_Channel1_IRQHandler
                0x0000000008001670       0x10 build/stm32f3xx_it.o
                0x0000000008001670                DMA1_Channel1_IRQHandler
 .text.idle     0x0000000008001680       0x20 build/main.o
                0x0000000008001680                idle
 .text.start    0x00000000080016a0       0x20 build/main.o
                0x00000000080016a0                start
 .text.measure  0x00000000080016c0       0x30 build/main.o
                0x00000000080016c0                measure
 .text.estimate_soc
                0x00000000080016f0       0x2c build/main.o
                0x00000000080016f0                estimate_soc
 .text.compute_resistance
                0x000000000800171c       0x44 build/main.o
                0x000000000800171c                compute_resistance
 .text.compute_capacity
                0x0000000008001760       0x40 build/main.o
                0x0000000008001760                compute_capacity
 .text.balancing
                0x00000000080017a0       0x44 build/main.o
                0x00000000080017a0                balancing
 .text.send_data
                0x00000000080017e4       0x40 build/main.o
                0x00000000080017e4                send_data
 .text.shutdown
                0x0000000008001824       0x14 build/main.o
                0x0000000008001824                shutdown
 .text.SystemClock_Config
                0x0000000008001838       0xb4 build/main.o
                0x0000000008001838                SystemClock_Config
 .text.main     0x00000000080018ec       0x44 build/main.o
                0x00000000080018ec                main
 .text._Error_Handler
                0x0000000008001930        0x2 build/error_handler.o
                0x0000000008001930                _Error_Handler
 *fill*         0x0000000008001932        0x2 
 .text.MX_GPIO_Init
                0x0000000008001934      0x118 build/gpio.o
                0x0000000008001934                MX_GPIO_Init
 .text.SPI_transmit_word
                0x0000000008001a4c       0xd0 build/LTC6804.o
                0x0000000008001a4c                SPI_transmit_word
 .text.write_config_6804_2
                0x0000000008001b1c       0x80 build/LTC6804.o
                0x0000000008001b1c                write_config_6804_2
 .text.set_UV_OV_threshold
                0x0000000008001b9c       0x2c build/LTC6804.o
                0x0000000008001b9c                set_UV_OV_threshold
 .text.pec15_calc
                0x0000000008001bc8       0x34 build/PEC15.o
                0x0000000008001bc8                pec15_calc
 .text.MX_RTC_Init
                0x0000000008001bfc       0xe8 build/rtc.o
                0x0000000008001bfc                MX_RTC_Init
 .text.HAL_RTC_MspInit
                0x0000000008001ce4       0x2c build/rtc.o
                0x0000000008001ce4                HAL_RTC_MspInit
 .text.MX_SPI1_Init
                0x0000000008001d10       0x54 build/spi.o
                0x0000000008001d10                MX_SPI1_Init
 .text.HAL_SPI_MspInit
                0x0000000008001d64       0x4c build/spi.o
                0x0000000008001d64                HAL_SPI_MspInit
 .text.SPI_transmit
                0x0000000008001db0       0x2c build/spi.o
                0x0000000008001db0                SPI_transmit
 .text.Slave_select
                0x0000000008001ddc       0x44 build/spi.o
                0x0000000008001ddc                Slave_select
 .text.Slave_deselect
                0x0000000008001e20       0x20 build/spi.o
                0x0000000008001e20                Slave_deselect
 .text.MX_USART3_UART_Init
                0x0000000008001e40       0x40 build/usart.o
                0x0000000008001e40                MX_USART3_UART_Init
 .text.HAL_UART_MspInit
                0x0000000008001e80       0x50 build/usart.o
                0x0000000008001e80                HAL_UART_MspInit
 .text.MX_CAN_Init
                0x0000000008001ed0       0x40 build/can.o
                0x0000000008001ed0                MX_CAN_Init
 .text.HAL_CAN_MspInit
                0x0000000008001f10       0x50 build/can.o
                0x0000000008001f10                HAL_CAN_MspInit
 .text.MX_ADC1_Init
                0x0000000008001f60       0x8c build/adc.o
                0x0000000008001f60                MX_ADC1_Init
 .text.MX_ADC2_Init
                0x0000000008001fec       0x70 build/adc.o
                0x0000000008001fec                MX_ADC2_Init
 .text.HAL_ADC_MspInit
                0x000000000800205c       0xdc build/adc.o
                0x000000000800205c                HAL_ADC_MspInit
 .text.MX_DMA_Init
                0x0000000008002138       0x34 build/dma.o
                0x0000000008002138                MX_DMA_Init
 .text.HAL_RCCEx_PeriphCLKConfig
                0x000000000800216c      0x1ac build/stm32f3xx_hal_rcc_ex.o
                0x000000000800216c                HAL_RCCEx_PeriphCLKConfig
 .text.HAL_CAN_Init
                0x0000000008002318      0x180 build/stm32f3xx_hal_can.o
                0x0000000008002318                HAL_CAN_Init
 .text.DMA_CalcBaseAndBitshift
                0x0000000008002498       0x24 build/stm32f3xx_hal_dma.o
 .text.HAL_DMA_Init
                0x00000000080024bc       0x58 build/stm32f3xx_hal_dma.o
                0x00000000080024bc                HAL_DMA_Init
 .text.HAL_DMA_IRQHandler
                0x0000000008002514       0xb2 build/stm32f3xx_hal_dma.o
                0x0000000008002514                HAL_DMA_IRQHandler
 .text.ADC_Disable
                0x00000000080025c6       0x88 build/stm32f3xx_hal_adc_ex.o
 *fill*         0x000000000800264e        0x2 
 .text.HAL_ADC_Init
                0x0000000008002650      0x21c build/stm32f3xx_hal_adc_ex.o
                0x0000000008002650                HAL_ADC_Init
 .text.HAL_ADC_ConfigChannel
                0x000000000800286c      0x384 build/stm32f3xx_hal_adc_ex.o
                0x000000000800286c                HAL_ADC_ConfigChannel
 .text.HAL_ADCEx_MultiModeConfigChannel
                0x0000000008002bf0      0x134 build/stm32f3xx_hal_adc_ex.o
                0x0000000008002bf0                HAL_ADCEx_MultiModeConfigChannel
 .text.SPI_WaitFifoStateUntilTimeout
                0x0000000008002d24       0xa4 build/stm32f3xx_hal_spi.o
 .text.SPI_WaitFlagStateUntilTimeout
                0x0000000008002dc8       0x92 build/stm32f3xx_hal_spi.o
 .text.SPI_EndRxTxTransaction
                0x0000000008002e5a       0x4a build/stm32f3xx_hal_spi.o
 .text.HAL_SPI_Init
                0x0000000008002ea4       0xb0 build/stm32f3xx_hal_spi.o
                0x0000000008002ea4                HAL_SPI_Init
 .text.HAL_SPI_TransmitReceive
                0x0000000008002f54      0x2c8 build/stm32f3xx_hal_spi.o
                0x0000000008002f54                HAL_SPI_TransmitReceive
 .text.HAL_InitTick
                0x000000000800321c       0x2c build/stm32f3xx_hal.o
                0x000000000800321c                HAL_InitTick
 .text.HAL_Init
                0x0000000008003248       0x24 build/stm32f3xx_hal.o
                0x0000000008003248                HAL_Init
 .text.HAL_IncTick
                0x000000000800326c       0x10 build/stm32f3xx_hal.o
                0x000000000800326c                HAL_IncTick
 .text.HAL_GetTick
                0x000000000800327c        0xc build/stm32f3xx_hal.o
                0x000000000800327c                HAL_GetTick
 .text.HAL_Delay
                0x0000000008003288       0x1c build/stm32f3xx_hal.o
                0x0000000008003288                HAL_Delay
 .text.Reset_Handler
                0x00000000080032a4       0x50 build/startup_stm32f334x8.o
                0x00000000080032a4                Reset_Handler
 .text.Default_Handler
                0x00000000080032f4        0x2 build/startup_stm32f334x8.o
                0x00000000080032f4                TIM1_BRK_TIM15_IRQHandler
                0x00000000080032f4                HRTIM1_Master_IRQHandler
                0x00000000080032f4                TIM1_CC_IRQHandler
                0x00000000080032f4                HRTIM1_FLT_IRQHandler
                0x00000000080032f4                PVD_IRQHandler
                0x00000000080032f4                HRTIM1_TIMD_IRQHandler
                0x00000000080032f4                TAMP_STAMP_IRQHandler
                0x00000000080032f4                EXTI3_IRQHandler
                0x00000000080032f4                EXTI0_IRQHandler
                0x00000000080032f4                FPU_IRQHandler
                0x00000000080032f4                CAN_TX_IRQHandler
                0x00000000080032f4                TIM1_UP_TIM16_IRQHandler
                0x00000000080032f4                ADC1_2_IRQHandler
                0x00000000080032f4                HRTIM1_TIME_IRQHandler
                0x00000000080032f4                SPI1_IRQHandler
                0x00000000080032f4                CAN_SCE_IRQHandler
                0x00000000080032f4                HRTIM1_TIMC_IRQHandler
                0x00000000080032f4                DMA1_Channel4_IRQHandler
                0x00000000080032f4                USART3_IRQHandler
                0x00000000080032f4                DMA1_Channel7_IRQHandler
                0x00000000080032f4                TIM7_DAC2_IRQHandler
                0x00000000080032f4                CAN_RX1_IRQHandler
                0x00000000080032f4                I2C1_EV_IRQHandler
                0x00000000080032f4                DMA1_Channel6_IRQHandler
                0x00000000080032f4                TIM3_IRQHandler
                0x00000000080032f4                RCC_IRQHandler
                0x00000000080032f4                Default_Handler
                0x00000000080032f4                EXTI15_10_IRQHandler
                0x00000000080032f4                COMP2_IRQHandler
                0x00000000080032f4                HRTIM1_TIMA_IRQHandler
                0x00000000080032f4                TIM6_DAC1_IRQHandler
                0x00000000080032f4                EXTI9_5_IRQHandler
                0x00000000080032f4                RTC_WKUP_IRQHandler
                0x00000000080032f4                DMA1_Channel5_IRQHandler
                0x00000000080032f4                EXTI4_IRQHandler
                0x00000000080032f4                HRTIM1_TIMB_IRQHandler
                0x00000000080032f4                TIM1_TRG_COM_TIM17_IRQHandler
                0x00000000080032f4                DMA1_Channel3_IRQHandler
                0x00000000080032f4                WWDG_IRQHandler
                0x00000000080032f4                TIM2_IRQHandler
                0x00000000080032f4                EXTI1_IRQHandler
                0x00000000080032f4                COMP4_6_IRQHandler
                0x00000000080032f4                USART2_IRQHandler
                0x00000000080032f4                DMA1_Channel2_IRQHandler
                0x00000000080032f4                FLASH_IRQHandler
                0x00000000080032f4                USART1_IRQHandler
                0x00000000080032f4                CAN_RX0_IRQHandler
                0x00000000080032f4                I2C1_ER_IRQHandler
                0x00000000080032f4                EXTI2_TSC_IRQHandler
                0x00000000080032f4                RTC_Alarm_IRQHandler
 *fill*         0x00000000080032f6        0x2 
 .text.__libc_init_array
                0x00000000080032f8       0x48 /usr/local/Caskroom/gcc-arm-embedded/6-2017-q1-update/gcc-arm-none-eabi-6-2017-q1-update/bin/../lib/gcc/arm-none-eabi/6.3.1/../../../../arm-none-eabi/lib/thumb/v7e-m/fpv4-sp/hard/libc_nano.a(lib_a-init.o)
                0x00000000080032f8                __libc_init_array
 *(.glue_7)
 .glue_7        0x0000000008003340        0x0 linker stubs
 *(.glue_7t)
 .glue_7t       0x0000000008003340        0x0 linker stubs
 *(.eh_frame)
 .eh_frame      0x0000000008003340        0x0 /usr/local/Caskroom/gcc-arm-embedded/6-2017-q1-update/gcc-arm-none-eabi-6-2017-q1-update/bin/../lib/gcc/arm-none-eabi/6.3.1/thumb/v7e-m/fpv4-sp/hard/crtbegin.o
 *(.init)
 .init          0x0000000008003340        0x4 /usr/local/Caskroom/gcc-arm-embedded/6-2017-q1-update/gcc-arm-none-eabi-6-2017-q1-update/bin/../lib/gcc/arm-none-eabi/6.3.1/thumb/v7e-m/fpv4-sp/hard/crti.o
                0x0000000008003340                _init
 .init          0x0000000008003344        0x8 /usr/local/Caskroom/gcc-arm-embedded/6-2017-q1-update/gcc-arm-none-eabi-6-2017-q1-update/bin/../lib/gcc/arm-none-eabi/6.3.1/thumb/v7e-m/fpv4-sp/hard/crtn.o
 *(.fini)
 .fini          0x000000000800334c        0x4 /usr/local/Caskroom/gcc-arm-embedded/6-2017-q1-update/gcc-arm-none-eabi-6-2017-q1-update/bin/../lib/gcc/arm-none-eabi/6.3.1/thumb/v7e-m/fpv4-sp/hard/crti.o
                0x000000000800334c                _fini
 .fini          0x0000000008003350        0x8 /usr/local/Caskroom/gcc-arm-embedded/6-2017-q1-update/gcc-arm-none-eabi-6-2017-q1-update/bin/../lib/gcc/arm-none-eabi/6.3.1/thumb/v7e-m/fpv4-sp/hard/crtn.o
                0x0000000008003358                . = ALIGN (0x4)
                0x0000000008003358                _etext = .

.vfp11_veneer   0x0000000008003358        0x0
 .vfp11_veneer  0x0000000008003358        0x0 linker stubs

.v4_bx          0x0000000008003358        0x0
 .v4_bx         0x0000000008003358        0x0 linker stubs

.iplt           0x0000000008003358        0x0
 .iplt          0x0000000008003358        0x0 /usr/local/Caskroom/gcc-arm-embedded/6-2017-q1-update/gcc-arm-none-eabi-6-2017-q1-update/bin/../lib/gcc/arm-none-eabi/6.3.1/thumb/v7e-m/fpv4-sp/hard/crtbegin.o

.rodata         0x0000000008003358      0x480
                0x0000000008003358                . = ALIGN (0x4)
 *(.rodata)
 *(.rodata*)
 .rodata.AHBPrescTable
                0x0000000008003358       0x10 build/system_stm32f3xx.o
                0x0000000008003358                AHBPrescTable
 .rodata.APBPrescTable
                0x0000000008003368        0x8 build/system_stm32f3xx.o
                0x0000000008003368                APBPrescTable
 .rodata.aPLLMULFactorTable
                0x0000000008003370       0x10 build/stm32f3xx_hal_rcc.o
                0x0000000008003370                aPLLMULFactorTable
 .rodata.aPredivFactorTable
                0x0000000008003380       0x10 build/stm32f3xx_hal_rcc.o
                0x0000000008003380                aPredivFactorTable
 .rodata.SystemClock_Config.str1.4
                0x0000000008003390        0xb build/main.o
 *fill*         0x000000000800339b        0x1 
 .rodata.crc15Table
                0x000000000800339c      0x400 build/PEC15.o
                0x000000000800339c                crc15Table
 .rodata.MX_RTC_Init.str1.4
                0x000000000800379c        0xa build/rtc.o
 *fill*         0x00000000080037a6        0x2 
 .rodata.MX_SPI1_Init.str1.4
                0x00000000080037a8        0xa build/spi.o
 *fill*         0x00000000080037b2        0x2 
 .rodata.MX_USART3_UART_Init.str1.4
                0x00000000080037b4        0xc build/usart.o
 .rodata.MX_CAN_Init.str1.4
                0x00000000080037c0        0xa build/can.o
 *fill*         0x00000000080037ca        0x2 
 .rodata.MX_ADC1_Init.str1.4
                0x00000000080037cc        0xc build/adc.o
                                          0xa (size before relaxing)
                0x00000000080037d8                . = ALIGN (0x4)

.rel.dyn        0x00000000080037d8        0x0
 .rel.iplt      0x00000000080037d8        0x0 /usr/local/Caskroom/gcc-arm-embedded/6-2017-q1-update/gcc-arm-none-eabi-6-2017-q1-update/bin/../lib/gcc/arm-none-eabi/6.3.1/thumb/v7e-m/fpv4-sp/hard/crtbegin.o

.ARM.extab
 *(.ARM.extab* .gnu.linkonce.armextab.*)

.ARM            0x00000000080037d8        0x0
                0x00000000080037d8                __exidx_start = .
 *(.ARM.exidx*)
                0x00000000080037d8                __exidx_end = .

.preinit_array  0x00000000080037d8        0x0
                0x00000000080037d8                PROVIDE (__preinit_array_start, .)
 *(.preinit_array*)
                0x00000000080037d8                PROVIDE (__preinit_array_end, .)

.init_array     0x00000000080037d8        0x4
                0x00000000080037d8                PROVIDE (__init_array_start, .)
 *(SORT(.init_array.*))
 *(.init_array*)
 .init_array    0x00000000080037d8        0x4 /usr/local/Caskroom/gcc-arm-embedded/6-2017-q1-update/gcc-arm-none-eabi-6-2017-q1-update/bin/../lib/gcc/arm-none-eabi/6.3.1/thumb/v7e-m/fpv4-sp/hard/crtbegin.o
                0x00000000080037dc                PROVIDE (__init_array_end, .)

.fini_array     0x00000000080037dc        0x4
                [!provide]                        PROVIDE (__fini_array_start, .)
 *(SORT(.fini_array.*))
 *(.fini_array*)
 .fini_array    0x00000000080037dc        0x4 /usr/local/Caskroom/gcc-arm-embedded/6-2017-q1-update/gcc-arm-none-eabi-6-2017-q1-update/bin/../lib/gcc/arm-none-eabi/6.3.1/thumb/v7e-m/fpv4-sp/hard/crtbegin.o
                [!provide]                        PROVIDE (__fini_array_end, .)
                0x00000000080037e0                _sidata = LOADADDR (.data)

.data           0x0000000020000000        0x4 load address 0x00000000080037e0
                0x0000000020000000                . = ALIGN (0x4)
                0x0000000020000000                _sdata = .
 *(.data)
 *(.data*)
 .data.SystemCoreClock
                0x0000000020000000        0x4 build/system_stm32f3xx.o
                0x0000000020000000                SystemCoreClock
                0x0000000020000004                . = ALIGN (0x4)
                0x0000000020000004                _edata = .
                0x00000000080037e4                _siccmram = LOADADDR (.ccmram)

.jcr            0x0000000020000004        0x0 load address 0x00000000080037e4
 .jcr           0x0000000020000004        0x0 /usr/local/Caskroom/gcc-arm-embedded/6-2017-q1-update/gcc-arm-none-eabi-6-2017-q1-update/bin/../lib/gcc/arm-none-eabi/6.3.1/thumb/v7e-m/fpv4-sp/hard/crtbegin.o

.igot.plt       0x0000000020000004        0x0 load address 0x00000000080037e4
 .igot.plt      0x0000000020000004        0x0 /usr/local/Caskroom/gcc-arm-embedded/6-2017-q1-update/gcc-arm-none-eabi-6-2017-q1-update/bin/../lib/gcc/arm-none-eabi/6.3.1/thumb/v7e-m/fpv4-sp/hard/crtbegin.o

.ccmram         0x0000000010000000        0x0 load address 0x00000000080037e4
                0x0000000010000000                . = ALIGN (0x4)
                0x0000000010000000                _sccmram = .
 *(.ccmram)
 *(.ccmram*)
                0x0000000010000000                . = ALIGN (0x4)
                0x0000000010000000                _eccmram = .
                0x0000000010000000                . = ALIGN (0x4)

.bss            0x0000000020000004      0x3f8
                0x0000000020000004                _sbss = .
                0x0000000020000004                __bss_start__ = _sbss
 *(.bss)
 .bss           0x0000000020000004       0x1c /usr/local/Caskroom/gcc-arm-embedded/6-2017-q1-update/gcc-arm-none-eabi-6-2017-q1-update/bin/../lib/gcc/arm-none-eabi/6.3.1/thumb/v7e-m/fpv4-sp/hard/crtbegin.o
 *(.bss*)
 .bss.HAL_RCC_ADC12_CLK_ENABLED
                0x0000000020000020        0x4 build/adc.o
 *(COMMON)
 COMMON         0x0000000020000024        0x4 build/stm32f3xx_hal_gpio.o
                0x0000000020000024                globalTick
 COMMON         0x0000000020000028       0xa8 build/main.o
                0x0000000020000028                RTCdate
                0x000000002000002c                SPI_recieve_buffer
                0x0000000020000038                UART_transmit_buffer
                0x00000000200000b0                SPI_transmit_buffer
                0x00000000200000bc                RTCtime
 COMMON         0x00000000200000d0      0x106 build/LTC6804.o
                0x00000000200000d0                Cell_array
                0x00000000200001c0                status_B_6804_2
                0x00000000200001c8                status_A_6804_2
                0x00000000200001d0                config_6804_2_buffer
 *fill*         0x00000000200001d6        0x2 
 COMMON         0x00000000200001d8       0x20 build/rtc.o
                0x00000000200001d8                hrtc
 COMMON         0x00000000200001f8       0x64 build/spi.o
                0x00000000200001f8                hspi1
 COMMON         0x000000002000025c       0x70 build/usart.o
                0x000000002000025c                huart3
 COMMON         0x00000000200002cc       0x40 build/can.o
                0x00000000200002cc                hcan
 COMMON         0x000000002000030c       0xec build/adc.o
                0x000000002000030c                hadc2
                0x0000000020000360                hadc1
                0x00000000200003b4                hdma_adc1
 COMMON         0x00000000200003f8        0x4 build/stm32f3xx_hal.o
                0x00000000200003f8                uwTick
                0x00000000200003fc                . = ALIGN (0x4)
                0x00000000200003fc                _ebss = .
                0x00000000200003fc                __bss_end__ = _ebss

._user_heap_stack
                0x00000000200003fc      0x604
                0x0000000020000400                . = ALIGN (0x8)
 *fill*         0x00000000200003fc        0x4 
                [!provide]                        PROVIDE (end, .)
                [!provide]                        PROVIDE (_end, .)
                0x0000000020000600                . = (. + _Min_Heap_Size)
 *fill*         0x0000000020000400      0x200 
                0x0000000020000a00                . = (. + _Min_Stack_Size)
 *fill*         0x0000000020000600      0x400 
                0x0000000020000a00                . = ALIGN (0x8)

/DISCARD/
 libc.a(*)
 libm.a(*)
 libgcc.a(*)

.ARM.attributes
                0x0000000000000000       0x30
 *(.ARM.attributes)
 .ARM.attributes
                0x0000000000000000       0x22 /usr/local/Caskroom/gcc-arm-embedded/6-2017-q1-update/gcc-arm-none-eabi-6-2017-q1-update/bin/../lib/gcc/arm-none-eabi/6.3.1/thumb/v7e-m/fpv4-sp/hard/crti.o
 .ARM.attributes
                0x0000000000000022       0x34 /usr/local/Caskroom/gcc-arm-embedded/6-2017-q1-update/gcc-arm-none-eabi-6-2017-q1-update/bin/../lib/gcc/arm-none-eabi/6.3.1/thumb/v7e-m/fpv4-sp/hard/crtbegin.o
 .ARM.attributes
                0x0000000000000056       0x39 build/stm32f3xx_hal_gpio.o
 .ARM.attributes
                0x000000000000008f       0x39 build/stm32f3xx_hal_uart.o
 .ARM.attributes
                0x00000000000000c8       0x39 build/system_stm32f3xx.o
 .ARM.attributes
                0x0000000000000101       0x39 build/stm32f3xx_hal_rtc.o
 .ARM.attributes
                0x000000000000013a       0x39 build/stm32f3xx_hal_rcc.o
 .ARM.attributes
                0x0000000000000173       0x39 build/stm32f3xx_hal_rtc_ex.o
 .ARM.attributes
                0x00000000000001ac       0x39 build/stm32f3xx_hal_cortex.o
 .ARM.attributes
                0x00000000000001e5       0x39 build/stm32f3xx_hal_msp.o
 .ARM.attributes
                0x000000000000021e       0x39 build/stm32f3xx_it.o
 .ARM.attributes
                0x0000000000000257       0x39 build/main.o
 .ARM.attributes
                0x0000000000000290       0x39 build/error_handler.o
 .ARM.attributes
                0x00000000000002c9       0x39 build/gpio.o
 .ARM.attributes
                0x0000000000000302       0x39 build/LTC6804.o
 .ARM.attributes
                0x000000000000033b       0x39 build/PEC15.o
 .ARM.attributes
                0x0000000000000374       0x39 build/rtc.o
 .ARM.attributes
                0x00000000000003ad       0x39 build/spi.o
 .ARM.attributes
                0x00000000000003e6       0x39 build/usart.o
 .ARM.attributes
                0x000000000000041f       0x39 build/can.o
 .ARM.attributes
                0x0000000000000458       0x39 build/adc.o
 .ARM.attributes
                0x0000000000000491       0x39 build/dma.o
 .ARM.attributes
                0x00000000000004ca       0x39 build/stm32f3xx_hal_rcc_ex.o
 .ARM.attributes
                0x0000000000000503       0x39 build/stm32f3xx_hal_can.o
 .ARM.attributes
                0x000000000000053c       0x39 build/stm32f3xx_hal_dma.o
 .ARM.attributes
                0x0000000000000575       0x39 build/stm32f3xx_hal_adc_ex.o
 .ARM.attributes
                0x00000000000005ae       0x39 build/stm32f3xx_hal_spi.o
 .ARM.attributes
                0x00000000000005e7       0x39 build/stm32f3xx_hal.o
 .ARM.attributes
                0x0000000000000620       0x21 build/startup_stm32f334x8.o
 .ARM.attributes
                0x0000000000000641       0x34 /usr/local/Caskroom/gcc-arm-embedded/6-2017-q1-update/gcc-arm-none-eabi-6-2017-q1-update/bin/../lib/gcc/arm-none-eabi/6.3.1/../../../../arm-none-eabi/lib/thumb/v7e-m/fpv4-sp/hard/libc_nano.a(lib_a-init.o)
 .ARM.attributes
                0x0000000000000675       0x22 /usr/local/Caskroom/gcc-arm-embedded/6-2017-q1-update/gcc-arm-none-eabi-6-2017-q1-update/bin/../lib/gcc/arm-none-eabi/6.3.1/thumb/v7e-m/fpv4-sp/hard/crtn.o
OUTPUT(build/smart-battery-management-system.elf elf32-littlearm)

.debug_info     0x0000000000000000    0x21f3c
 .debug_info    0x0000000000000000     0x113d build/stm32f3xx_hal_gpio.o
 .debug_info    0x000000000000113d     0x24a1 build/stm32f3xx_hal_uart.o
 .debug_info    0x00000000000035de      0xd7b build/system_stm32f3xx.o
 .debug_info    0x0000000000004359     0x17eb build/stm32f3xx_hal_rtc.o
 .debug_info    0x0000000000005b44     0x1d62 build/stm32f3xx_hal_rcc.o
 .debug_info    0x00000000000078a6     0x19eb build/stm32f3xx_hal_rtc_ex.o
 .debug_info    0x0000000000009291     0x1642 build/stm32f3xx_hal_cortex.o
 .debug_info    0x000000000000a8d3      0xdbd build/stm32f3xx_hal_msp.o
 .debug_info    0x000000000000b690      0xda6 build/stm32f3xx_it.o
 .debug_info    0x000000000000c436     0x2af7 build/main.o
 .debug_info    0x000000000000ef2d       0x72 build/error_handler.o
 .debug_info    0x000000000000ef9f      0xe34 build/gpio.o
 .debug_info    0x000000000000fdd3     0x1a71 build/LTC6804.o
 .debug_info    0x0000000000011844      0x14e build/PEC15.o
 .debug_info    0x0000000000011992     0x1145 build/rtc.o
 .debug_info    0x0000000000012ad7     0x1484 build/spi.o
 .debug_info    0x0000000000013f5b     0x1374 build/usart.o
 .debug_info    0x00000000000152cf     0x130f build/can.o
 .debug_info    0x00000000000165de     0x16a2 build/adc.o
 .debug_info    0x0000000000017c80      0xd08 build/dma.o
 .debug_info    0x0000000000018988      0xfac build/stm32f3xx_hal_rcc_ex.o
 .debug_info    0x0000000000019934     0x15d9 build/stm32f3xx_hal_can.o
 .debug_info    0x000000000001af0d     0x11bb build/stm32f3xx_hal_dma.o
 .debug_info    0x000000000001c0c8     0x258a build/stm32f3xx_hal_adc_ex.o
 .debug_info    0x000000000001e652     0x27ca build/stm32f3xx_hal_spi.o
 .debug_info    0x0000000000020e1c     0x10a3 build/stm32f3xx_hal.o
 .debug_info    0x0000000000021ebf       0x7d build/startup_stm32f334x8.o

.debug_abbrev   0x0000000000000000     0x425b
 .debug_abbrev  0x0000000000000000      0x2cd build/stm32f3xx_hal_gpio.o
 .debug_abbrev  0x00000000000002cd      0x32b build/stm32f3xx_hal_uart.o
 .debug_abbrev  0x00000000000005f8      0x1f7 build/system_stm32f3xx.o
 .debug_abbrev  0x00000000000007ef      0x2de build/stm32f3xx_hal_rtc.o
 .debug_abbrev  0x0000000000000acd      0x35b build/stm32f3xx_hal_rcc.o
 .debug_abbrev  0x0000000000000e28      0x309 build/stm32f3xx_hal_rtc_ex.o
 .debug_abbrev  0x0000000000001131      0x3c6 build/stm32f3xx_hal_cortex.o
 .debug_abbrev  0x00000000000014f7      0x225 build/stm32f3xx_hal_msp.o
 .debug_abbrev  0x000000000000171c      0x201 build/stm32f3xx_it.o
 .debug_abbrev  0x000000000000191d      0x2c0 build/main.o
 .debug_abbrev  0x0000000000001bdd       0x5e build/error_handler.o
 .debug_abbrev  0x0000000000001c3b      0x21c build/gpio.o
 .debug_abbrev  0x0000000000001e57      0x2c8 build/LTC6804.o
 .debug_abbrev  0x000000000000211f       0xda build/PEC15.o
 .debug_abbrev  0x00000000000021f9      0x2ae build/rtc.o
 .debug_abbrev  0x00000000000024a7      0x266 build/spi.o
 .debug_abbrev  0x000000000000270d      0x24a build/usart.o
 .debug_abbrev  0x0000000000002957      0x257 build/can.o
 .debug_abbrev  0x0000000000002bae      0x255 build/adc.o
 .debug_abbrev  0x0000000000002e03      0x225 build/dma.o
 .debug_abbrev  0x0000000000003028      0x327 build/stm32f3xx_hal_rcc_ex.o
 .debug_abbrev  0x000000000000334f      0x2f6 build/stm32f3xx_hal_can.o
 .debug_abbrev  0x0000000000003645      0x2fb build/stm32f3xx_hal_dma.o
 .debug_abbrev  0x0000000000003940      0x358 build/stm32f3xx_hal_adc_ex.o
 .debug_abbrev  0x0000000000003c98      0x308 build/stm32f3xx_hal_spi.o
 .debug_abbrev  0x0000000000003fa0      0x2a9 build/stm32f3xx_hal.o
 .debug_abbrev  0x0000000000004249       0x12 build/startup_stm32f334x8.o

.debug_loc      0x0000000000000000     0xb08b
 .debug_loc     0x0000000000000000      0x3ed build/stm32f3xx_hal_gpio.o
 .debug_loc     0x00000000000003ed     0x1b79 build/stm32f3xx_hal_uart.o
 .debug_loc     0x0000000000001f66       0xff build/system_stm32f3xx.o
 .debug_loc     0x0000000000002065      0xd13 build/stm32f3xx_hal_rtc.o
 .debug_loc     0x0000000000002d78      0xa0f build/stm32f3xx_hal_rcc.o
 .debug_loc     0x0000000000003787      0xe79 build/stm32f3xx_hal_rtc_ex.o
 .debug_loc     0x0000000000004600      0x63d build/stm32f3xx_hal_cortex.o
 .debug_loc     0x0000000000004c3d       0x38 build/stm32f3xx_hal_msp.o
 .debug_loc     0x0000000000004c75       0x40 build/stm32f3xx_it.o
 .debug_loc     0x0000000000004cb5      0x1b4 build/main.o
 .debug_loc     0x0000000000004e69       0x39 build/gpio.o
 .debug_loc     0x0000000000004ea2      0x171 build/LTC6804.o
 .debug_loc     0x0000000000005013       0xb3 build/PEC15.o
 .debug_loc     0x00000000000050c6       0x72 build/rtc.o
 .debug_loc     0x0000000000005138      0x18b build/spi.o
 .debug_loc     0x00000000000052c3       0xd3 build/usart.o
 .debug_loc     0x0000000000005396       0xd3 build/can.o
 .debug_loc     0x0000000000005469      0x1ad build/adc.o
 .debug_loc     0x0000000000005616       0x38 build/dma.o
 .debug_loc     0x000000000000564e      0x532 build/stm32f3xx_hal_rcc_ex.o
 .debug_loc     0x0000000000005b80      0x88f build/stm32f3xx_hal_can.o
 .debug_loc     0x000000000000640f      0x838 build/stm32f3xx_hal_dma.o
 .debug_loc     0x0000000000006c47     0x2103 build/stm32f3xx_hal_adc_ex.o
 .debug_loc     0x0000000000008d4a     0x225e build/stm32f3xx_hal_spi.o
 .debug_loc     0x000000000000afa8       0xe3 build/stm32f3xx_hal.o

.debug_aranges  0x0000000000000000      0xdb8
 .debug_aranges
                0x0000000000000000       0x58 build/stm32f3xx_hal_gpio.o
 .debug_aranges
                0x0000000000000058      0x1f0 build/stm32f3xx_hal_uart.o
 .debug_aranges
                0x0000000000000248       0x28 build/system_stm32f3xx.o
 .debug_aranges
                0x0000000000000270       0xb8 build/stm32f3xx_hal_rtc.o
 .debug_aranges
                0x0000000000000328       0x88 build/stm32f3xx_hal_rcc.o
 .debug_aranges
                0x00000000000003b0      0x120 build/stm32f3xx_hal_rtc_ex.o
 .debug_aranges
                0x00000000000004d0       0x90 build/stm32f3xx_hal_cortex.o
 .debug_aranges
                0x0000000000000560       0x20 build/stm32f3xx_hal_msp.o
 .debug_aranges
                0x0000000000000580       0x68 build/stm32f3xx_it.o
 .debug_aranges
                0x00000000000005e8       0x70 build/main.o
 .debug_aranges
                0x0000000000000658       0x20 build/error_handler.o
 .debug_aranges
                0x0000000000000678       0x20 build/gpio.o
 .debug_aranges
                0x0000000000000698       0x48 build/LTC6804.o
 .debug_aranges
                0x00000000000006e0       0x20 build/PEC15.o
 .debug_aranges
                0x0000000000000700       0x30 build/rtc.o
 .debug_aranges
                0x0000000000000730       0x48 build/spi.o
 .debug_aranges
                0x0000000000000778       0x30 build/usart.o
 .debug_aranges
                0x00000000000007a8       0x30 build/can.o
 .debug_aranges
                0x00000000000007d8       0x38 build/adc.o
 .debug_aranges
                0x0000000000000810       0x20 build/dma.o
 .debug_aranges
                0x0000000000000830       0x38 build/stm32f3xx_hal_rcc_ex.o
 .debug_aranges
                0x0000000000000868       0xb0 build/stm32f3xx_hal_can.o
 .debug_aranges
                0x0000000000000918       0x88 build/stm32f3xx_hal_dma.o
 .debug_aranges
                0x00000000000009a0      0x168 build/stm32f3xx_hal_adc_ex.o
 .debug_aranges
                0x0000000000000b08      0x1d8 build/stm32f3xx_hal_spi.o
 .debug_aranges
                0x0000000000000ce0       0xb0 build/stm32f3xx_hal.o
 .debug_aranges
                0x0000000000000d90       0x28 build/startup_stm32f334x8.o

.debug_ranges   0x0000000000000000      0xcc0
 .debug_ranges  0x0000000000000000       0x48 build/stm32f3xx_hal_gpio.o
 .debug_ranges  0x0000000000000048      0x1e0 build/stm32f3xx_hal_uart.o
 .debug_ranges  0x0000000000000228       0x18 build/system_stm32f3xx.o
 .debug_ranges  0x0000000000000240       0xa8 build/stm32f3xx_hal_rtc.o
 .debug_ranges  0x00000000000002e8       0x98 build/stm32f3xx_hal_rcc.o
 .debug_ranges  0x0000000000000380      0x110 build/stm32f3xx_hal_rtc_ex.o
 .debug_ranges  0x0000000000000490       0xe0 build/stm32f3xx_hal_cortex.o
 .debug_ranges  0x0000000000000570       0x10 build/stm32f3xx_hal_msp.o
 .debug_ranges  0x0000000000000580       0x58 build/stm32f3xx_it.o
 .debug_ranges  0x00000000000005d8       0x60 build/main.o
 .debug_ranges  0x0000000000000638       0x10 build/error_handler.o
 .debug_ranges  0x0000000000000648       0x10 build/gpio.o
 .debug_ranges  0x0000000000000658       0x38 build/LTC6804.o
 .debug_ranges  0x0000000000000690       0x28 build/PEC15.o
 .debug_ranges  0x00000000000006b8       0x20 build/rtc.o
 .debug_ranges  0x00000000000006d8       0x38 build/spi.o
 .debug_ranges  0x0000000000000710       0x20 build/usart.o
 .debug_ranges  0x0000000000000730       0x20 build/can.o
 .debug_ranges  0x0000000000000750       0x28 build/adc.o
 .debug_ranges  0x0000000000000778       0x10 build/dma.o
 .debug_ranges  0x0000000000000788       0x40 build/stm32f3xx_hal_rcc_ex.o
 .debug_ranges  0x00000000000007c8       0xa0 build/stm32f3xx_hal_can.o
 .debug_ranges  0x0000000000000868       0x78 build/stm32f3xx_hal_dma.o
 .debug_ranges  0x00000000000008e0      0x158 build/stm32f3xx_hal_adc_ex.o
 .debug_ranges  0x0000000000000a38      0x1c8 build/stm32f3xx_hal_spi.o
 .debug_ranges  0x0000000000000c00       0xa0 build/stm32f3xx_hal.o
 .debug_ranges  0x0000000000000ca0       0x20 build/startup_stm32f334x8.o

.debug_line     0x0000000000000000     0x8d89
 .debug_line    0x0000000000000000      0x43e build/stm32f3xx_hal_gpio.o
 .debug_line    0x000000000000043e      0xd7e build/stm32f3xx_hal_uart.o
 .debug_line    0x00000000000011bc      0x2b3 build/system_stm32f3xx.o
 .debug_line    0x000000000000146f      0x6d4 build/stm32f3xx_hal_rtc.o
 .debug_line    0x0000000000001b43      0x7cf build/stm32f3xx_hal_rcc.o
 .debug_line    0x0000000000002312      0x963 build/stm32f3xx_hal_rtc_ex.o
 .debug_line    0x0000000000002c75      0x448 build/stm32f3xx_hal_cortex.o
 .debug_line    0x00000000000030bd      0x2c4 build/stm32f3xx_hal_msp.o
 .debug_line    0x0000000000003381      0x38a build/stm32f3xx_it.o
 .debug_line    0x000000000000370b      0x50a build/main.o
 .debug_line    0x0000000000003c15       0x41 build/error_handler.o
 .debug_line    0x0000000000003c56      0x2cd build/gpio.o
 .debug_line    0x0000000000003f23      0x3f7 build/LTC6804.o
 .debug_line    0x000000000000431a      0x161 build/PEC15.o
 .debug_line    0x000000000000447b      0x36c build/rtc.o
 .debug_line    0x00000000000047e7      0x370 build/spi.o
 .debug_line    0x0000000000004b57      0x335 build/usart.o
 .debug_line    0x0000000000004e8c      0x32b build/can.o
 .debug_line    0x00000000000051b7      0x3d2 build/adc.o
 .debug_line    0x0000000000005589      0x2b0 build/dma.o
 .debug_line    0x0000000000005839      0x4ba build/stm32f3xx_hal_rcc_ex.o
 .debug_line    0x0000000000005cf3      0x75e build/stm32f3xx_hal_can.o
 .debug_line    0x0000000000006451      0x543 build/stm32f3xx_hal_dma.o
 .debug_line    0x0000000000006994     0x1135 build/stm32f3xx_hal_adc_ex.o
 .debug_line    0x0000000000007ac9      0xe19 build/stm32f3xx_hal_spi.o
 .debug_line    0x00000000000088e2      0x433 build/stm32f3xx_hal.o
 .debug_line    0x0000000000008d15       0x74 build/startup_stm32f334x8.o

.debug_str      0x0000000000000000     0x46b3
 .debug_str     0x0000000000000000      0x860 build/stm32f3xx_hal_gpio.o
                                        0x90f (size before relaxing)
 .debug_str     0x0000000000000860      0xb73 build/stm32f3xx_hal_uart.o
                                       0x1291 (size before relaxing)
 .debug_str     0x00000000000013d3       0xab build/system_stm32f3xx.o
                                        0x6f9 (size before relaxing)
 .debug_str     0x000000000000147e      0x429 build/stm32f3xx_hal_rtc.o
                                        0xb4f (size before relaxing)
 .debug_str     0x00000000000018a7      0x2f6 build/stm32f3xx_hal_rcc.o
                                        0xa7c (size before relaxing)
 .debug_str     0x0000000000001b9d      0x506 build/stm32f3xx_hal_rtc_ex.o
                                        0xe59 (size before relaxing)
 .debug_str     0x00000000000020a3      0x620 build/stm32f3xx_hal_cortex.o
                                        0xd8f (size before relaxing)
 .debug_str     0x00000000000026c3       0x24 build/stm32f3xx_hal_msp.o
                                        0x9fd (size before relaxing)
 .debug_str     0x00000000000026e7       0xe5 build/stm32f3xx_it.o
                                        0x8c4 (size before relaxing)
 .debug_str     0x00000000000027cc      0x7a4 build/main.o
                                       0x19fa (size before relaxing)
 .debug_str     0x0000000000002f70       0x19 build/error_handler.o
                                        0x12d (size before relaxing)
 .debug_str     0x0000000000002f89       0x1b build/gpio.o
                                        0x720 (size before relaxing)
 .debug_str     0x0000000000002fa4      0x290 build/LTC6804.o
                                        0xf18 (size before relaxing)
 .debug_str     0x0000000000003234       0x26 build/PEC15.o
                                        0x1ea (size before relaxing)
 .debug_str     0x000000000000325a       0x14 build/rtc.o
                                        0x9b7 (size before relaxing)
 .debug_str     0x000000000000326e       0x64 build/spi.o
                                        0xbda (size before relaxing)
 .debug_str     0x00000000000032d2       0x17 build/usart.o
                                        0xbeb (size before relaxing)
 .debug_str     0x00000000000032e9       0x43 build/can.o
                                        0xa16 (size before relaxing)
 .debug_str     0x000000000000332c      0x105 build/adc.o
                                        0xcb6 (size before relaxing)
 .debug_str     0x0000000000003431        0xa build/dma.o
                                        0x9e5 (size before relaxing)
 .debug_str     0x000000000000343b       0xbb build/stm32f3xx_hal_rcc_ex.o
                                        0x8ce (size before relaxing)
 .debug_str     0x00000000000034f6      0x20a build/stm32f3xx_hal_can.o
                                        0xb59 (size before relaxing)
 .debug_str     0x0000000000003700      0x1e6 build/stm32f3xx_hal_dma.o
                                        0xa84 (size before relaxing)
 .debug_str     0x00000000000038e6      0x767 build/stm32f3xx_hal_adc_ex.o
                                       0x1325 (size before relaxing)
 .debug_str     0x000000000000404d      0x4e0 build/stm32f3xx_hal_spi.o
                                        0xfb4 (size before relaxing)
 .debug_str     0x000000000000452d      0x186 build/stm32f3xx_hal.o
                                        0xc3d (size before relaxing)

.comment        0x0000000000000000       0x7f
 .comment       0x0000000000000000       0x7f build/stm32f3xx_hal_gpio.o
                                         0x80 (size before relaxing)
 .comment       0x000000000000007f       0x80 build/stm32f3xx_hal_uart.o
 .comment       0x000000000000007f       0x80 build/system_stm32f3xx.o
 .comment       0x000000000000007f       0x80 build/stm32f3xx_hal_rtc.o
 .comment       0x000000000000007f       0x80 build/stm32f3xx_hal_rcc.o
 .comment       0x000000000000007f       0x80 build/stm32f3xx_hal_rtc_ex.o
 .comment       0x000000000000007f       0x80 build/stm32f3xx_hal_cortex.o
 .comment       0x000000000000007f       0x80 build/stm32f3xx_hal_msp.o
 .comment       0x000000000000007f       0x80 build/stm32f3xx_it.o
 .comment       0x000000000000007f       0x80 build/main.o
 .comment       0x000000000000007f       0x80 build/error_handler.o
 .comment       0x000000000000007f       0x80 build/gpio.o
 .comment       0x000000000000007f       0x80 build/LTC6804.o
 .comment       0x000000000000007f       0x80 build/PEC15.o
 .comment       0x000000000000007f       0x80 build/rtc.o
 .comment       0x000000000000007f       0x80 build/spi.o
 .comment       0x000000000000007f       0x80 build/usart.o
 .comment       0x000000000000007f       0x80 build/can.o
 .comment       0x000000000000007f       0x80 build/adc.o
 .comment       0x000000000000007f       0x80 build/dma.o
 .comment       0x000000000000007f       0x80 build/stm32f3xx_hal_rcc_ex.o
 .comment       0x000000000000007f       0x80 build/stm32f3xx_hal_can.o
 .comment       0x000000000000007f       0x80 build/stm32f3xx_hal_dma.o
 .comment       0x000000000000007f       0x80 build/stm32f3xx_hal_adc_ex.o
 .comment       0x000000000000007f       0x80 build/stm32f3xx_hal_spi.o
 .comment       0x000000000000007f       0x80 build/stm32f3xx_hal.o

.debug_frame    0x0000000000000000     0x2778
 .debug_frame   0x0000000000000000       0xe4 build/stm32f3xx_hal_gpio.o
 .debug_frame   0x00000000000000e4      0x620 build/stm32f3xx_hal_uart.o
 .debug_frame   0x0000000000000704       0x30 build/system_stm32f3xx.o
 .debug_frame   0x0000000000000734      0x258 build/stm32f3xx_hal_rtc.o
 .debug_frame   0x000000000000098c      0x158 build/stm32f3xx_hal_rcc.o
 .debug_frame   0x0000000000000ae4      0x370 build/stm32f3xx_hal_rtc_ex.o
 .debug_frame   0x0000000000000e54      0x13c build/stm32f3xx_hal_cortex.o
 .debug_frame   0x0000000000000f90       0x2c build/stm32f3xx_hal_msp.o
 .debug_frame   0x0000000000000fbc       0xc8 build/stm32f3xx_it.o
 .debug_frame   0x0000000000001084      0x14c build/main.o
 .debug_frame   0x00000000000011d0       0x20 build/error_handler.o
 .debug_frame   0x00000000000011f0       0x3c build/gpio.o
 .debug_frame   0x000000000000122c       0xc4 build/LTC6804.o
 .debug_frame   0x00000000000012f0       0x38 build/PEC15.o
 .debug_frame   0x0000000000001328       0x54 build/rtc.o
 .debug_frame   0x000000000000137c       0xb8 build/spi.o
 .debug_frame   0x0000000000001434       0x64 build/usart.o
 .debug_frame   0x0000000000001498       0x64 build/can.o
 .debug_frame   0x00000000000014fc       0x94 build/adc.o
 .debug_frame   0x0000000000001590       0x2c build/dma.o
 .debug_frame   0x00000000000015bc       0x8c build/stm32f3xx_hal_rcc_ex.o
 .debug_frame   0x0000000000001648      0x240 build/stm32f3xx_hal_can.o
 .debug_frame   0x0000000000001888      0x190 build/stm32f3xx_hal_dma.o
 .debug_frame   0x0000000000001a18      0x558 build/stm32f3xx_hal_adc_ex.o
 .debug_frame   0x0000000000001f70      0x668 build/stm32f3xx_hal_spi.o
 .debug_frame   0x00000000000025d8      0x174 build/stm32f3xx_hal.o
 .debug_frame   0x000000000000274c       0x2c /usr/local/Caskroom/gcc-arm-embedded/6-2017-q1-update/gcc-arm-none-eabi-6-2017-q1-update/bin/../lib/gcc/arm-none-eabi/6.3.1/../../../../arm-none-eabi/lib/thumb/v7e-m/fpv4-sp/hard/libc_nano.a(lib_a-init.o)

Cross Reference Table

Symbol                                            File
ADC1_2_IRQHandler                                 build/startup_stm32f334x8.o
ADC_read_cell_voltages                            build/LTC6804.o
AHBPrescTable                                     build/system_stm32f3xx.o
                                                  build/stm32f3xx_hal_rcc.o
APBPrescTable                                     build/system_stm32f3xx.o
                                                  build/stm32f3xx_hal_rcc.o
BusFault_Handler                                  build/stm32f3xx_it.o
CAN_RX0_IRQHandler                                build/startup_stm32f334x8.o
CAN_RX1_IRQHandler                                build/startup_stm32f334x8.o
CAN_SCE_IRQHandler                                build/startup_stm32f334x8.o
CAN_TX_IRQHandler                                 build/startup_stm32f334x8.o
COMP2_IRQHandler                                  build/startup_stm32f334x8.o
COMP4_6_IRQHandler                                build/startup_stm32f334x8.o
Cell_array                                        build/LTC6804.o
DMA1_Channel1_IRQHandler                          build/stm32f3xx_it.o
DMA1_Channel2_IRQHandler                          build/startup_stm32f334x8.o
DMA1_Channel3_IRQHandler                          build/startup_stm32f334x8.o
DMA1_Channel4_IRQHandler                          build/startup_stm32f334x8.o
DMA1_Channel5_IRQHandler                          build/startup_stm32f334x8.o
DMA1_Channel6_IRQHandler                          build/startup_stm32f334x8.o
DMA1_Channel7_IRQHandler                          build/startup_stm32f334x8.o
DebugMon_Handler                                  build/stm32f3xx_it.o
Default_Handler                                   build/startup_stm32f334x8.o
EXTI0_IRQHandler                                  build/startup_stm32f334x8.o
EXTI15_10_IRQHandler                              build/startup_stm32f334x8.o
EXTI1_IRQHandler                                  build/startup_stm32f334x8.o
EXTI2_TSC_IRQHandler                              build/startup_stm32f334x8.o
EXTI3_IRQHandler                                  build/startup_stm32f334x8.o
EXTI4_IRQHandler                                  build/startup_stm32f334x8.o
EXTI9_5_IRQHandler                                build/startup_stm32f334x8.o
FLASH_IRQHandler                                  build/startup_stm32f334x8.o
FLASH_PageErase                                   build/stm32f3xx_hal_flash_ex.o
                                                  build/stm32f3xx_hal_flash.o
FLASH_WaitForLastOperation                        build/stm32f3xx_hal_flash.o
                                                  build/stm32f3xx_hal_flash_ex.o
FPU_IRQHandler                                    build/startup_stm32f334x8.o
HAL_ADCEx_Calibration_GetValue                    build/stm32f3xx_hal_adc_ex.o
HAL_ADCEx_Calibration_SetValue                    build/stm32f3xx_hal_adc_ex.o
HAL_ADCEx_Calibration_Start                       build/stm32f3xx_hal_adc_ex.o
HAL_ADCEx_InjectedConfigChannel                   build/stm32f3xx_hal_adc_ex.o
HAL_ADCEx_InjectedConvCpltCallback                build/stm32f3xx_hal_adc_ex.o
HAL_ADCEx_InjectedGetValue                        build/stm32f3xx_hal_adc_ex.o
HAL_ADCEx_InjectedPollForConversion               build/stm32f3xx_hal_adc_ex.o
HAL_ADCEx_InjectedQueueOverflowCallback           build/stm32f3xx_hal_adc_ex.o
HAL_ADCEx_InjectedStart                           build/stm32f3xx_hal_adc_ex.o
HAL_ADCEx_InjectedStart_IT                        build/stm32f3xx_hal_adc_ex.o
HAL_ADCEx_InjectedStop                            build/stm32f3xx_hal_adc_ex.o
HAL_ADCEx_InjectedStop_IT                         build/stm32f3xx_hal_adc_ex.o
HAL_ADCEx_LevelOutOfWindow2Callback               build/stm32f3xx_hal_adc_ex.o
HAL_ADCEx_LevelOutOfWindow3Callback               build/stm32f3xx_hal_adc_ex.o
HAL_ADCEx_MultiModeConfigChannel                  build/stm32f3xx_hal_adc_ex.o
                                                  build/adc.o
HAL_ADCEx_MultiModeGetValue                       build/stm32f3xx_hal_adc_ex.o
HAL_ADCEx_MultiModeStart_DMA                      build/stm32f3xx_hal_adc_ex.o
HAL_ADCEx_MultiModeStop_DMA                       build/stm32f3xx_hal_adc_ex.o
HAL_ADCEx_RegularMultiModeStop_DMA                build/stm32f3xx_hal_adc_ex.o
HAL_ADCEx_RegularStop                             build/stm32f3xx_hal_adc_ex.o
HAL_ADCEx_RegularStop_DMA                         build/stm32f3xx_hal_adc_ex.o
HAL_ADCEx_RegularStop_IT                          build/stm32f3xx_hal_adc_ex.o
HAL_ADC_AnalogWDGConfig                           build/stm32f3xx_hal_adc_ex.o
                                                  build/stm32f3xx_hal_adc.o
HAL_ADC_ConfigChannel                             build/stm32f3xx_hal_adc_ex.o
                                                  build/stm32f3xx_hal_adc.o
                                                  build/adc.o
HAL_ADC_ConvCpltCallback                          build/stm32f3xx_hal_adc.o
                                                  build/stm32f3xx_hal_adc_ex.o
HAL_ADC_ConvHalfCpltCallback                      build/stm32f3xx_hal_adc.o
                                                  build/stm32f3xx_hal_adc_ex.o
HAL_ADC_DeInit                                    build/stm32f3xx_hal_adc_ex.o
                                                  build/stm32f3xx_hal_adc.o
HAL_ADC_ErrorCallback                             build/stm32f3xx_hal_adc.o
                                                  build/stm32f3xx_hal_adc_ex.o
HAL_ADC_GetError                                  build/stm32f3xx_hal_adc.o
HAL_ADC_GetState                                  build/stm32f3xx_hal_adc.o
HAL_ADC_GetValue                                  build/stm32f3xx_hal_adc_ex.o
                                                  build/stm32f3xx_hal_adc.o
HAL_ADC_IRQHandler                                build/stm32f3xx_hal_adc_ex.o
                                                  build/stm32f3xx_hal_adc.o
HAL_ADC_Init                                      build/stm32f3xx_hal_adc_ex.o
                                                  build/stm32f3xx_hal_adc.o
                                                  build/adc.o
HAL_ADC_LevelOutOfWindowCallback                  build/stm32f3xx_hal_adc.o
                                                  build/stm32f3xx_hal_adc_ex.o
HAL_ADC_MspDeInit                                 build/adc.o
                                                  build/stm32f3xx_hal_adc.o
                                                  build/stm32f3xx_hal_adc_ex.o
HAL_ADC_MspInit                                   build/adc.o
                                                  build/stm32f3xx_hal_adc.o
                                                  build/stm32f3xx_hal_adc_ex.o
HAL_ADC_PollForConversion                         build/stm32f3xx_hal_adc_ex.o
                                                  build/stm32f3xx_hal_adc.o
HAL_ADC_PollForEvent                              build/stm32f3xx_hal_adc_ex.o
                                                  build/stm32f3xx_hal_adc.o
HAL_ADC_Start                                     build/stm32f3xx_hal_adc_ex.o
                                                  build/stm32f3xx_hal_adc.o
HAL_ADC_Start_DMA                                 build/stm32f3xx_hal_adc_ex.o
                                                  build/stm32f3xx_hal_adc.o
HAL_ADC_Start_IT                                  build/stm32f3xx_hal_adc_ex.o
                                                  build/stm32f3xx_hal_adc.o
HAL_ADC_Stop                                      build/stm32f3xx_hal_adc_ex.o
                                                  build/stm32f3xx_hal_adc.o
HAL_ADC_Stop_DMA                                  build/stm32f3xx_hal_adc_ex.o
                                                  build/stm32f3xx_hal_adc.o
HAL_ADC_Stop_IT                                   build/stm32f3xx_hal_adc_ex.o
                                                  build/stm32f3xx_hal_adc.o
HAL_CAN_ConfigFilter                              build/stm32f3xx_hal_can.o
HAL_CAN_DeInit                                    build/stm32f3xx_hal_can.o
HAL_CAN_ErrorCallback                             build/stm32f3xx_hal_can.o
HAL_CAN_GetError                                  build/stm32f3xx_hal_can.o
HAL_CAN_GetState                                  build/stm32f3xx_hal_can.o
HAL_CAN_IRQHandler                                build/stm32f3xx_hal_can.o
HAL_CAN_Init                                      build/stm32f3xx_hal_can.o
                                                  build/can.o
HAL_CAN_MspDeInit                                 build/can.o
HAL_CAN_MspInit                                   build/can.o
HAL_CAN_Receive                                   build/stm32f3xx_hal_can.o
HAL_CAN_Receive_IT                                build/stm32f3xx_hal_can.o
HAL_CAN_RxCpltCallback                            build/stm32f3xx_hal_can.o
HAL_CAN_Sleep                                     build/stm32f3xx_hal_can.o
HAL_CAN_Transmit                                  build/stm32f3xx_hal_can.o
HAL_CAN_Transmit_IT                               build/stm32f3xx_hal_can.o
HAL_CAN_TxCpltCallback                            build/stm32f3xx_hal_can.o
HAL_CAN_WakeUp                                    build/stm32f3xx_hal_can.o
HAL_DBGMCU_DisableDBGSleepMode                    build/stm32f3xx_hal.o
HAL_DBGMCU_DisableDBGStandbyMode                  build/stm32f3xx_hal.o
HAL_DBGMCU_DisableDBGStopMode                     build/stm32f3xx_hal.o
HAL_DBGMCU_EnableDBGSleepMode                     build/stm32f3xx_hal.o
HAL_DBGMCU_EnableDBGStandbyMode                   build/stm32f3xx_hal.o
HAL_DBGMCU_EnableDBGStopMode                      build/stm32f3xx_hal.o
HAL_DMA_Abort                                     build/stm32f3xx_hal_dma.o
                                                  build/stm32f3xx_hal_spi.o
                                                  build/stm32f3xx_hal_adc_ex.o
                                                  build/stm32f3xx_hal_uart.o
HAL_DMA_Abort_IT                                  build/stm32f3xx_hal_dma.o
                                                  build/stm32f3xx_hal_spi.o
                                                  build/stm32f3xx_hal_i2c.o
                                                  build/stm32f3xx_hal_uart.o
HAL_DMA_DeInit                                    build/stm32f3xx_hal_dma.o
                                                  build/adc.o
HAL_DMA_GetError                                  build/stm32f3xx_hal_dma.o
HAL_DMA_GetState                                  build/stm32f3xx_hal_dma.o
HAL_DMA_IRQHandler                                build/stm32f3xx_hal_dma.o
                                                  build/stm32f3xx_it.o
HAL_DMA_Init                                      build/stm32f3xx_hal_dma.o
                                                  build/adc.o
HAL_DMA_PollForTransfer                           build/stm32f3xx_hal_dma.o
HAL_DMA_RegisterCallback                          build/stm32f3xx_hal_dma.o
HAL_DMA_Start                                     build/stm32f3xx_hal_dma.o
HAL_DMA_Start_IT                                  build/stm32f3xx_hal_dma.o
                                                  build/stm32f3xx_hal_spi.o
                                                  build/stm32f3xx_hal_adc_ex.o
                                                  build/stm32f3xx_hal_i2c.o
                                                  build/stm32f3xx_hal_uart.o
HAL_DMA_UnRegisterCallback                        build/stm32f3xx_hal_dma.o
HAL_DeInit                                        build/stm32f3xx_hal.o
HAL_Delay                                         build/stm32f3xx_hal.o
                                                  build/LTC6804.o
                                                  build/main.o
HAL_FLASHEx_Erase                                 build/stm32f3xx_hal_flash_ex.o
HAL_FLASHEx_Erase_IT                              build/stm32f3xx_hal_flash_ex.o
HAL_FLASHEx_OBErase                               build/stm32f3xx_hal_flash_ex.o
HAL_FLASHEx_OBGetConfig                           build/stm32f3xx_hal_flash_ex.o
HAL_FLASHEx_OBGetUserData                         build/stm32f3xx_hal_flash_ex.o
HAL_FLASHEx_OBProgram                             build/stm32f3xx_hal_flash_ex.o
HAL_FLASH_EndOfOperationCallback                  build/stm32f3xx_hal_flash.o
HAL_FLASH_GetError                                build/stm32f3xx_hal_flash.o
HAL_FLASH_IRQHandler                              build/stm32f3xx_hal_flash.o
HAL_FLASH_Lock                                    build/stm32f3xx_hal_flash.o
HAL_FLASH_OB_Launch                               build/stm32f3xx_hal_flash.o
HAL_FLASH_OB_Lock                                 build/stm32f3xx_hal_flash.o
HAL_FLASH_OB_Unlock                               build/stm32f3xx_hal_flash.o
HAL_FLASH_OperationErrorCallback                  build/stm32f3xx_hal_flash.o
HAL_FLASH_Program                                 build/stm32f3xx_hal_flash.o
HAL_FLASH_Program_IT                              build/stm32f3xx_hal_flash.o
HAL_FLASH_Unlock                                  build/stm32f3xx_hal_flash.o
HAL_GPIO_DeInit                                   build/stm32f3xx_hal_gpio.o
                                                  build/adc.o
                                                  build/can.o
                                                  build/usart.o
                                                  build/spi.o
HAL_GPIO_EXTI_Callback                            build/stm32f3xx_hal_gpio.o
HAL_GPIO_EXTI_IRQHandler                          build/stm32f3xx_hal_gpio.o
HAL_GPIO_Init                                     build/stm32f3xx_hal_gpio.o
                                                  build/adc.o
                                                  build/can.o
                                                  build/usart.o
                                                  build/spi.o
                                                  build/gpio.o
                                                  build/stm32f3xx_hal_rcc.o
HAL_GPIO_LockPin                                  build/stm32f3xx_hal_gpio.o
HAL_GPIO_ReadPin                                  build/stm32f3xx_hal_gpio.o
HAL_GPIO_TogglePin                                build/stm32f3xx_hal_gpio.o
HAL_GPIO_WritePin                                 build/stm32f3xx_hal_gpio.o
                                                  build/spi.o
                                                  build/gpio.o
                                                  build/main.o
HAL_GetDEVID                                      build/stm32f3xx_hal.o
HAL_GetHalVersion                                 build/stm32f3xx_hal.o
HAL_GetREVID                                      build/stm32f3xx_hal.o
HAL_GetTick                                       build/stm32f3xx_hal.o
                                                  build/stm32f3xx_hal_spi.o
                                                  build/stm32f3xx_hal_adc_ex.o
                                                  build/stm32f3xx_hal_dma.o
                                                  build/stm32f3xx_hal_i2c.o
                                                  build/stm32f3xx_hal_can.o
                                                  build/stm32f3xx_hal_rcc_ex.o
                                                  build/stm32f3xx_hal_flash.o
                                                  build/stm32f3xx_hal_rtc_ex.o
                                                  build/stm32f3xx_hal_rcc.o
                                                  build/stm32f3xx_hal_rtc.o
                                                  build/stm32f3xx_hal_uart.o
                                                  build/stm32f3xx_hal_uart_ex.o
HAL_HalfDuplex_EnableReceiver                     build/stm32f3xx_hal_uart.o
HAL_HalfDuplex_EnableTransmitter                  build/stm32f3xx_hal_uart.o
HAL_HalfDuplex_Init                               build/stm32f3xx_hal_uart.o
HAL_I2CEx_ConfigAnalogFilter                      build/stm32f3xx_hal_i2c_ex.o
HAL_I2CEx_ConfigDigitalFilter                     build/stm32f3xx_hal_i2c_ex.o
HAL_I2CEx_DisableFastModePlus                     build/stm32f3xx_hal_i2c_ex.o
HAL_I2CEx_DisableWakeUp                           build/stm32f3xx_hal_i2c_ex.o
HAL_I2CEx_EnableFastModePlus                      build/stm32f3xx_hal_i2c_ex.o
HAL_I2CEx_EnableWakeUp                            build/stm32f3xx_hal_i2c_ex.o
HAL_I2C_AbortCpltCallback                         build/stm32f3xx_hal_i2c.o
HAL_I2C_AddrCallback                              build/stm32f3xx_hal_i2c.o
HAL_I2C_DeInit                                    build/stm32f3xx_hal_i2c.o
HAL_I2C_DisableListen_IT                          build/stm32f3xx_hal_i2c.o
HAL_I2C_ER_IRQHandler                             build/stm32f3xx_hal_i2c.o
HAL_I2C_EV_IRQHandler                             build/stm32f3xx_hal_i2c.o
HAL_I2C_EnableListen_IT                           build/stm32f3xx_hal_i2c.o
HAL_I2C_ErrorCallback                             build/stm32f3xx_hal_i2c.o
HAL_I2C_GetError                                  build/stm32f3xx_hal_i2c.o
HAL_I2C_GetMode                                   build/stm32f3xx_hal_i2c.o
HAL_I2C_GetState                                  build/stm32f3xx_hal_i2c.o
HAL_I2C_Init                                      build/stm32f3xx_hal_i2c.o
HAL_I2C_IsDeviceReady                             build/stm32f3xx_hal_i2c.o
HAL_I2C_ListenCpltCallback                        build/stm32f3xx_hal_i2c.o
HAL_I2C_MasterRxCpltCallback                      build/stm32f3xx_hal_i2c.o
HAL_I2C_MasterTxCpltCallback                      build/stm32f3xx_hal_i2c.o
HAL_I2C_Master_Abort_IT                           build/stm32f3xx_hal_i2c.o
HAL_I2C_Master_Receive                            build/stm32f3xx_hal_i2c.o
HAL_I2C_Master_Receive_DMA                        build/stm32f3xx_hal_i2c.o
HAL_I2C_Master_Receive_IT                         build/stm32f3xx_hal_i2c.o
HAL_I2C_Master_Sequential_Receive_IT              build/stm32f3xx_hal_i2c.o
HAL_I2C_Master_Sequential_Transmit_IT             build/stm32f3xx_hal_i2c.o
HAL_I2C_Master_Transmit                           build/stm32f3xx_hal_i2c.o
HAL_I2C_Master_Transmit_DMA                       build/stm32f3xx_hal_i2c.o
HAL_I2C_Master_Transmit_IT                        build/stm32f3xx_hal_i2c.o
HAL_I2C_MemRxCpltCallback                         build/stm32f3xx_hal_i2c.o
HAL_I2C_MemTxCpltCallback                         build/stm32f3xx_hal_i2c.o
HAL_I2C_Mem_Read                                  build/stm32f3xx_hal_i2c.o
HAL_I2C_Mem_Read_DMA                              build/stm32f3xx_hal_i2c.o
HAL_I2C_Mem_Read_IT                               build/stm32f3xx_hal_i2c.o
HAL_I2C_Mem_Write                                 build/stm32f3xx_hal_i2c.o
HAL_I2C_Mem_Write_DMA                             build/stm32f3xx_hal_i2c.o
HAL_I2C_Mem_Write_IT                              build/stm32f3xx_hal_i2c.o
HAL_I2C_MspDeInit                                 build/stm32f3xx_hal_i2c.o
HAL_I2C_MspInit                                   build/stm32f3xx_hal_i2c.o
HAL_I2C_SlaveRxCpltCallback                       build/stm32f3xx_hal_i2c.o
HAL_I2C_SlaveTxCpltCallback                       build/stm32f3xx_hal_i2c.o
HAL_I2C_Slave_Receive                             build/stm32f3xx_hal_i2c.o
HAL_I2C_Slave_Receive_DMA                         build/stm32f3xx_hal_i2c.o
HAL_I2C_Slave_Receive_IT                          build/stm32f3xx_hal_i2c.o
HAL_I2C_Slave_Sequential_Receive_IT               build/stm32f3xx_hal_i2c.o
HAL_I2C_Slave_Sequential_Transmit_IT              build/stm32f3xx_hal_i2c.o
HAL_I2C_Slave_Transmit                            build/stm32f3xx_hal_i2c.o
HAL_I2C_Slave_Transmit_DMA                        build/stm32f3xx_hal_i2c.o
HAL_I2C_Slave_Transmit_IT                         build/stm32f3xx_hal_i2c.o
HAL_IncTick                                       build/stm32f3xx_hal.o
                                                  build/stm32f3xx_it.o
HAL_Init                                          build/stm32f3xx_hal.o
                                                  build/main.o
HAL_InitTick                                      build/stm32f3xx_hal.o
                                                  build/stm32f3xx_hal_rcc.o
HAL_LIN_Init                                      build/stm32f3xx_hal_uart.o
HAL_LIN_SendBreak                                 build/stm32f3xx_hal_uart.o
HAL_MspDeInit                                     build/stm32f3xx_hal.o
HAL_MspInit                                       build/stm32f3xx_hal_msp.o
HAL_MultiProcessorEx_AddressLength_Set            build/stm32f3xx_hal_uart_ex.o
HAL_MultiProcessor_DisableMuteMode                build/stm32f3xx_hal_uart.o
HAL_MultiProcessor_EnableMuteMode                 build/stm32f3xx_hal_uart.o
HAL_MultiProcessor_EnterMuteMode                  build/stm32f3xx_hal_uart.o
HAL_MultiProcessor_Init                           build/stm32f3xx_hal_uart.o
HAL_NVIC_ClearPendingIRQ                          build/stm32f3xx_hal_cortex.o
HAL_NVIC_DisableIRQ                               build/stm32f3xx_hal_cortex.o
HAL_NVIC_EnableIRQ                                build/stm32f3xx_hal_cortex.o
                                                  build/dma.o
HAL_NVIC_GetActive                                build/stm32f3xx_hal_cortex.o
HAL_NVIC_GetPendingIRQ                            build/stm32f3xx_hal_cortex.o
HAL_NVIC_GetPriority                              build/stm32f3xx_hal_cortex.o
HAL_NVIC_GetPriorityGrouping                      build/stm32f3xx_hal_cortex.o
HAL_NVIC_SetPendingIRQ                            build/stm32f3xx_hal_cortex.o
HAL_NVIC_SetPriority                              build/stm32f3xx_hal_cortex.o
                                                  build/stm32f3xx_hal.o
                                                  build/dma.o
                                                  build/main.o
                                                  build/stm32f3xx_hal_msp.o
HAL_NVIC_SetPriorityGrouping                      build/stm32f3xx_hal_cortex.o
                                                  build/stm32f3xx_hal.o
                                                  build/stm32f3xx_hal_msp.o
HAL_NVIC_SystemReset                              build/stm32f3xx_hal_cortex.o
HAL_PWR_ConfigPVD                                 build/stm32f3xx_hal_pwr_ex.o
HAL_PWR_DeInit                                    build/stm32f3xx_hal_pwr.o
HAL_PWR_DisableBkUpAccess                         build/stm32f3xx_hal_pwr.o
HAL_PWR_DisablePVD                                build/stm32f3xx_hal_pwr_ex.o
HAL_PWR_DisableSEVOnPend                          build/stm32f3xx_hal_pwr.o
HAL_PWR_DisableSleepOnExit                        build/stm32f3xx_hal_pwr.o
HAL_PWR_DisableWakeUpPin                          build/stm32f3xx_hal_pwr.o
HAL_PWR_EnableBkUpAccess                          build/stm32f3xx_hal_pwr.o
HAL_PWR_EnablePVD                                 build/stm32f3xx_hal_pwr_ex.o
HAL_PWR_EnableSEVOnPend                           build/stm32f3xx_hal_pwr.o
HAL_PWR_EnableSleepOnExit                         build/stm32f3xx_hal_pwr.o
HAL_PWR_EnableWakeUpPin                           build/stm32f3xx_hal_pwr.o
HAL_PWR_EnterSLEEPMode                            build/stm32f3xx_hal_pwr.o
HAL_PWR_EnterSTANDBYMode                          build/stm32f3xx_hal_pwr.o
HAL_PWR_EnterSTOPMode                             build/stm32f3xx_hal_pwr.o
HAL_PWR_PVDCallback                               build/stm32f3xx_hal_pwr_ex.o
HAL_PWR_PVD_IRQHandler                            build/stm32f3xx_hal_pwr_ex.o
HAL_RCCEx_GetPeriphCLKConfig                      build/stm32f3xx_hal_rcc_ex.o
HAL_RCCEx_GetPeriphCLKFreq                        build/stm32f3xx_hal_rcc_ex.o
HAL_RCCEx_PeriphCLKConfig                         build/stm32f3xx_hal_rcc_ex.o
                                                  build/main.o
HAL_RCC_CSSCallback                               build/stm32f3xx_hal_rcc.o
HAL_RCC_ClockConfig                               build/stm32f3xx_hal_rcc.o
                                                  build/main.o
HAL_RCC_DeInit                                    build/stm32f3xx_hal_rcc.o
HAL_RCC_DisableCSS                                build/stm32f3xx_hal_rcc.o
HAL_RCC_EnableCSS                                 build/stm32f3xx_hal_rcc.o
HAL_RCC_GetClockConfig                            build/stm32f3xx_hal_rcc.o
HAL_RCC_GetHCLKFreq                               build/stm32f3xx_hal_rcc.o
                                                  build/main.o
HAL_RCC_GetOscConfig                              build/stm32f3xx_hal_rcc.o
HAL_RCC_GetPCLK1Freq                              build/stm32f3xx_hal_rcc.o
                                                  build/stm32f3xx_hal_rcc_ex.o
                                                  build/stm32f3xx_hal_uart.o
HAL_RCC_GetPCLK2Freq                              build/stm32f3xx_hal_rcc.o
                                                  build/stm32f3xx_hal_uart.o
HAL_RCC_GetSysClockFreq                           build/stm32f3xx_hal_rcc.o
                                                  build/stm32f3xx_hal_rcc_ex.o
                                                  build/stm32f3xx_hal_uart.o
HAL_RCC_MCOConfig                                 build/stm32f3xx_hal_rcc.o
HAL_RCC_NMI_IRQHandler                            build/stm32f3xx_hal_rcc.o
HAL_RCC_OscConfig                                 build/stm32f3xx_hal_rcc.o
                                                  build/main.o
HAL_RS485Ex_Init                                  build/stm32f3xx_hal_uart_ex.o
HAL_RTCEx_AlarmBEventCallback                     build/stm32f3xx_hal_rtc_ex.o
                                                  build/stm32f3xx_hal_rtc.o
HAL_RTCEx_BKUPRead                                build/stm32f3xx_hal_rtc_ex.o
                                                  build/rtc.o
HAL_RTCEx_BKUPWrite                               build/stm32f3xx_hal_rtc_ex.o
                                                  build/rtc.o
HAL_RTCEx_DeactivateCalibrationOutPut             build/stm32f3xx_hal_rtc_ex.o
HAL_RTCEx_DeactivateRefClock                      build/stm32f3xx_hal_rtc_ex.o
HAL_RTCEx_DeactivateTamper                        build/stm32f3xx_hal_rtc_ex.o
HAL_RTCEx_DeactivateTimeStamp                     build/stm32f3xx_hal_rtc_ex.o
HAL_RTCEx_DeactivateWakeUpTimer                   build/stm32f3xx_hal_rtc_ex.o
HAL_RTCEx_DisableBypassShadow                     build/stm32f3xx_hal_rtc_ex.o
HAL_RTCEx_EnableBypassShadow                      build/stm32f3xx_hal_rtc_ex.o
HAL_RTCEx_GetTimeStamp                            build/stm32f3xx_hal_rtc_ex.o
HAL_RTCEx_GetWakeUpTimer                          build/stm32f3xx_hal_rtc_ex.o
HAL_RTCEx_PollForAlarmBEvent                      build/stm32f3xx_hal_rtc_ex.o
HAL_RTCEx_PollForTamper1Event                     build/stm32f3xx_hal_rtc_ex.o
HAL_RTCEx_PollForTamper2Event                     build/stm32f3xx_hal_rtc_ex.o
HAL_RTCEx_PollForTimeStampEvent                   build/stm32f3xx_hal_rtc_ex.o
HAL_RTCEx_PollForWakeUpTimerEvent                 build/stm32f3xx_hal_rtc_ex.o
HAL_RTCEx_SetCalibrationOutPut                    build/stm32f3xx_hal_rtc_ex.o
HAL_RTCEx_SetRefClock                             build/stm32f3xx_hal_rtc_ex.o
HAL_RTCEx_SetSmoothCalib                          build/stm32f3xx_hal_rtc_ex.o
HAL_RTCEx_SetSynchroShift                         build/stm32f3xx_hal_rtc_ex.o
HAL_RTCEx_SetTamper                               build/stm32f3xx_hal_rtc_ex.o
HAL_RTCEx_SetTamper_IT                            build/stm32f3xx_hal_rtc_ex.o
HAL_RTCEx_SetTimeStamp                            build/stm32f3xx_hal_rtc_ex.o
HAL_RTCEx_SetTimeStamp_IT                         build/stm32f3xx_hal_rtc_ex.o
HAL_RTCEx_SetWakeUpTimer                          build/stm32f3xx_hal_rtc_ex.o
HAL_RTCEx_SetWakeUpTimer_IT                       build/stm32f3xx_hal_rtc_ex.o
HAL_RTCEx_Tamper1EventCallback                    build/stm32f3xx_hal_rtc_ex.o
HAL_RTCEx_Tamper2EventCallback                    build/stm32f3xx_hal_rtc_ex.o
HAL_RTCEx_TamperTimeStampIRQHandler               build/stm32f3xx_hal_rtc_ex.o
HAL_RTCEx_TimeStampEventCallback                  build/stm32f3xx_hal_rtc_ex.o
HAL_RTCEx_WakeUpTimerEventCallback                build/stm32f3xx_hal_rtc_ex.o
HAL_RTCEx_WakeUpTimerIRQHandler                   build/stm32f3xx_hal_rtc_ex.o
HAL_RTC_AlarmAEventCallback                       build/stm32f3xx_hal_rtc.o
HAL_RTC_AlarmIRQHandler                           build/stm32f3xx_hal_rtc.o
HAL_RTC_DeInit                                    build/stm32f3xx_hal_rtc.o
HAL_RTC_DeactivateAlarm                           build/stm32f3xx_hal_rtc.o
HAL_RTC_GetAlarm                                  build/stm32f3xx_hal_rtc.o
HAL_RTC_GetDate                                   build/stm32f3xx_hal_rtc.o
HAL_RTC_GetState                                  build/stm32f3xx_hal_rtc.o
HAL_RTC_GetTime                                   build/stm32f3xx_hal_rtc.o
HAL_RTC_Init                                      build/stm32f3xx_hal_rtc.o
                                                  build/rtc.o
HAL_RTC_MspDeInit                                 build/rtc.o
                                                  build/stm32f3xx_hal_rtc.o
HAL_RTC_MspInit                                   build/rtc.o
                                                  build/stm32f3xx_hal_rtc.o
HAL_RTC_PollForAlarmAEvent                        build/stm32f3xx_hal_rtc.o
HAL_RTC_SetAlarm                                  build/stm32f3xx_hal_rtc.o
                                                  build/rtc.o
HAL_RTC_SetAlarm_IT                               build/stm32f3xx_hal_rtc.o
HAL_RTC_SetDate                                   build/stm32f3xx_hal_rtc.o
                                                  build/rtc.o
HAL_RTC_SetTime                                   build/stm32f3xx_hal_rtc.o
                                                  build/rtc.o
HAL_RTC_WaitForSynchro                            build/stm32f3xx_hal_rtc.o
                                                  build/stm32f3xx_hal_rtc_ex.o
HAL_ResumeTick                                    build/stm32f3xx_hal.o
HAL_SPIEx_FlushRxFifo                             build/stm32f3xx_hal_spi_ex.o
HAL_SPI_Abort                                     build/stm32f3xx_hal_spi.o
HAL_SPI_AbortCpltCallback                         build/stm32f3xx_hal_spi.o
HAL_SPI_Abort_IT                                  build/stm32f3xx_hal_spi.o
HAL_SPI_DMAPause                                  build/stm32f3xx_hal_spi.o
HAL_SPI_DMAResume                                 build/stm32f3xx_hal_spi.o
HAL_SPI_DMAStop                                   build/stm32f3xx_hal_spi.o
HAL_SPI_DeInit                                    build/stm32f3xx_hal_spi.o
HAL_SPI_ErrorCallback                             build/stm32f3xx_hal_spi.o
HAL_SPI_GetError                                  build/stm32f3xx_hal_spi.o
HAL_SPI_GetState                                  build/stm32f3xx_hal_spi.o
HAL_SPI_IRQHandler                                build/stm32f3xx_hal_spi.o
HAL_SPI_Init                                      build/stm32f3xx_hal_spi.o
                                                  build/spi.o
HAL_SPI_MspDeInit                                 build/spi.o
HAL_SPI_MspInit                                   build/spi.o
HAL_SPI_Receive                                   build/stm32f3xx_hal_spi.o
HAL_SPI_Receive_DMA                               build/stm32f3xx_hal_spi.o
HAL_SPI_Receive_IT                                build/stm32f3xx_hal_spi.o
HAL_SPI_RxCpltCallback                            build/stm32f3xx_hal_spi.o
HAL_SPI_RxHalfCpltCallback                        build/stm32f3xx_hal_spi.o
HAL_SPI_Transmit                                  build/stm32f3xx_hal_spi.o
HAL_SPI_TransmitReceive                           build/stm32f3xx_hal_spi.o
                                                  build/spi.o
HAL_SPI_TransmitReceive_DMA                       build/stm32f3xx_hal_spi.o
HAL_SPI_TransmitReceive_IT                        build/stm32f3xx_hal_spi.o
HAL_SPI_Transmit_DMA                              build/stm32f3xx_hal_spi.o
HAL_SPI_Transmit_IT                               build/stm32f3xx_hal_spi.o
HAL_SPI_TxCpltCallback                            build/stm32f3xx_hal_spi.o
HAL_SPI_TxHalfCpltCallback                        build/stm32f3xx_hal_spi.o
HAL_SPI_TxRxCpltCallback                          build/stm32f3xx_hal_spi.o
HAL_SPI_TxRxHalfCpltCallback                      build/stm32f3xx_hal_spi.o
HAL_SYSTICK_CLKSourceConfig                       build/stm32f3xx_hal_cortex.o
                                                  build/main.o
HAL_SYSTICK_Callback                              build/stm32f3xx_hal_cortex.o
HAL_SYSTICK_Config                                build/stm32f3xx_hal_cortex.o
                                                  build/stm32f3xx_hal.o
                                                  build/main.o
HAL_SYSTICK_IRQHandler                            build/stm32f3xx_hal_cortex.o
                                                  build/stm32f3xx_it.o
HAL_SuspendTick                                   build/stm32f3xx_hal.o
HAL_UARTEx_DisableStopMode                        build/stm32f3xx_hal_uart_ex.o
HAL_UARTEx_EnableStopMode                         build/stm32f3xx_hal_uart_ex.o
HAL_UARTEx_StopModeWakeUpSourceConfig             build/stm32f3xx_hal_uart_ex.o
HAL_UARTEx_WakeupCallback                         build/stm32f3xx_hal_uart_ex.o
                                                  build/stm32f3xx_hal_uart.o
HAL_UART_Abort                                    build/stm32f3xx_hal_uart.o
HAL_UART_AbortCpltCallback                        build/stm32f3xx_hal_uart.o
HAL_UART_AbortReceive                             build/stm32f3xx_hal_uart.o
HAL_UART_AbortReceiveCpltCallback                 build/stm32f3xx_hal_uart.o
HAL_UART_AbortReceive_IT                          build/stm32f3xx_hal_uart.o
HAL_UART_AbortTransmit                            build/stm32f3xx_hal_uart.o
HAL_UART_AbortTransmitCpltCallback                build/stm32f3xx_hal_uart.o
HAL_UART_AbortTransmit_IT                         build/stm32f3xx_hal_uart.o
HAL_UART_Abort_IT                                 build/stm32f3xx_hal_uart.o
HAL_UART_DMAPause                                 build/stm32f3xx_hal_uart.o
HAL_UART_DMAResume                                build/stm32f3xx_hal_uart.o
HAL_UART_DMAStop                                  build/stm32f3xx_hal_uart.o
HAL_UART_DeInit                                   build/stm32f3xx_hal_uart.o
HAL_UART_ErrorCallback                            build/stm32f3xx_hal_uart.o
HAL_UART_GetError                                 build/stm32f3xx_hal_uart.o
HAL_UART_GetState                                 build/stm32f3xx_hal_uart.o
HAL_UART_IRQHandler                               build/stm32f3xx_hal_uart.o
HAL_UART_Init                                     build/stm32f3xx_hal_uart.o
                                                  build/usart.o
HAL_UART_MspDeInit                                build/usart.o
                                                  build/stm32f3xx_hal_uart.o
HAL_UART_MspInit                                  build/usart.o
                                                  build/stm32f3xx_hal_uart.o
                                                  build/stm32f3xx_hal_uart_ex.o
HAL_UART_Receive                                  build/stm32f3xx_hal_uart.o
HAL_UART_Receive_DMA                              build/stm32f3xx_hal_uart.o
HAL_UART_Receive_IT                               build/stm32f3xx_hal_uart.o
HAL_UART_RxCpltCallback                           build/stm32f3xx_hal_uart.o
HAL_UART_RxHalfCpltCallback                       build/stm32f3xx_hal_uart.o
HAL_UART_Transmit                                 build/stm32f3xx_hal_uart.o
HAL_UART_Transmit_DMA                             build/stm32f3xx_hal_uart.o
HAL_UART_Transmit_IT                              build/stm32f3xx_hal_uart.o
HAL_UART_TxCpltCallback                           build/stm32f3xx_hal_uart.o
HAL_UART_TxHalfCpltCallback                       build/stm32f3xx_hal_uart.o
HRTIM1_FLT_IRQHandler                             build/startup_stm32f334x8.o
HRTIM1_Master_IRQHandler                          build/startup_stm32f334x8.o
HRTIM1_TIMA_IRQHandler                            build/startup_stm32f334x8.o
HRTIM1_TIMB_IRQHandler                            build/startup_stm32f334x8.o
HRTIM1_TIMC_IRQHandler                            build/startup_stm32f334x8.o
HRTIM1_TIMD_IRQHandler                            build/startup_stm32f334x8.o
HRTIM1_TIME_IRQHandler                            build/startup_stm32f334x8.o
HardFault_Handler                                 build/stm32f3xx_it.o
I2C1_ER_IRQHandler                                build/startup_stm32f334x8.o
I2C1_EV_IRQHandler                                build/startup_stm32f334x8.o
MX_ADC1_Init                                      build/adc.o
                                                  build/main.o
MX_ADC2_Init                                      build/adc.o
                                                  build/main.o
MX_CAN_Init                                       build/can.o
                                                  build/main.o
MX_DMA_Init                                       build/dma.o
                                                  build/main.o
MX_GPIO_Init                                      build/gpio.o
                                                  build/main.o
MX_RTC_Init                                       build/rtc.o
                                                  build/main.o
MX_SPI1_Init                                      build/spi.o
                                                  build/main.o
MX_USART3_UART_Init                               build/usart.o
                                                  build/main.o
MemManage_Handler                                 build/stm32f3xx_it.o
NMI_Handler                                       build/stm32f3xx_it.o
PVD_IRQHandler                                    build/startup_stm32f334x8.o
PendSV_Handler                                    build/stm32f3xx_it.o
RCC_IRQHandler                                    build/startup_stm32f334x8.o
RTC_Alarm_IRQHandler                              build/startup_stm32f334x8.o
RTC_Bcd2ToByte                                    build/stm32f3xx_hal_rtc.o
                                                  build/stm32f3xx_hal_rtc_ex.o
RTC_ByteToBcd2                                    build/stm32f3xx_hal_rtc.o
RTC_EnterInitMode                                 build/stm32f3xx_hal_rtc.o
                                                  build/stm32f3xx_hal_rtc_ex.o
RTC_WKUP_IRQHandler                               build/startup_stm32f334x8.o
RTCdate                                           build/rtc.o
                                                  build/main.o
RTCtime                                           build/rtc.o
                                                  build/main.o